Component: ARM Compiler 5.06 update 6 (build 750) Tool: armlink [4d35ed]

==============================================================================

Section Cross References

    startup_stm32f429_439xx.o(STACK) refers (Special) to heapauxi.o(.text) for __use_two_region_memory
    startup_stm32f429_439xx.o(HEAP) refers (Special) to heapauxi.o(.text) for __use_two_region_memory
    startup_stm32f429_439xx.o(RESET) refers (Special) to heapauxi.o(.text) for __use_two_region_memory
    startup_stm32f429_439xx.o(RESET) refers to startup_stm32f429_439xx.o(STACK) for __initial_sp
    startup_stm32f429_439xx.o(RESET) refers to startup_stm32f429_439xx.o(.text) for Reset_Handler
    startup_stm32f429_439xx.o(RESET) refers to stm32f4xx_it.o(i.NMI_Handler) for NMI_Handler
    startup_stm32f429_439xx.o(RESET) refers to context_rvds.o(.text) for HardFault_Handler
    startup_stm32f429_439xx.o(RESET) refers to stm32f4xx_it.o(i.MemManage_Handler) for MemManage_Handler
    startup_stm32f429_439xx.o(RESET) refers to stm32f4xx_it.o(i.BusFault_Handler) for BusFault_Handler
    startup_stm32f429_439xx.o(RESET) refers to stm32f4xx_it.o(i.UsageFault_Handler) for UsageFault_Handler
    startup_stm32f429_439xx.o(RESET) refers to stm32f4xx_it.o(i.SVC_Handler) for SVC_Handler
    startup_stm32f429_439xx.o(RESET) refers to stm32f4xx_it.o(i.DebugMon_Handler) for DebugMon_Handler
    startup_stm32f429_439xx.o(RESET) refers to stm32f4xx_it.o(i.SysTick_Handler) for SysTick_Handler
    startup_stm32f429_439xx.o(RESET) refers to stm32f4xx_it.o(i.EXTI3_IRQHandler) for EXTI3_IRQHandler
    startup_stm32f429_439xx.o(.text) refers (Special) to heapauxi.o(.text) for __use_two_region_memory
    startup_stm32f429_439xx.o(.text) refers to system_stm32f4xx.o(i.SystemInit) for SystemInit
    startup_stm32f429_439xx.o(.text) refers to __main.o(!!!main) for __main
    startup_stm32f429_439xx.o(.text) refers to startup_stm32f429_439xx.o(HEAP) for Heap_Mem
    startup_stm32f429_439xx.o(.text) refers to startup_stm32f429_439xx.o(STACK) for Stack_Mem
    system_stm32f4xx.o(i.SystemCoreClockUpdate) refers to system_stm32f4xx.o(.data) for .data
    system_stm32f4xx.o(i.SystemInit) refers to system_stm32f4xx.o(i.SetSysClock) for SetSysClock
    stm32f4xx_adc.o(i.ADC_DeInit) refers to stm32f4xx_rcc.o(i.RCC_APB2PeriphResetCmd) for RCC_APB2PeriphResetCmd
    stm32f4xx_can.o(i.CAN_DeInit) refers to stm32f4xx_rcc.o(i.RCC_APB1PeriphResetCmd) for RCC_APB1PeriphResetCmd
    stm32f4xx_can.o(i.CAN_GetITStatus) refers to stm32f4xx_can.o(i.CheckITStatus) for CheckITStatus
    stm32f4xx_cryp.o(i.CRYP_DeInit) refers to stm32f4xx_rcc.o(i.RCC_AHB2PeriphResetCmd) for RCC_AHB2PeriphResetCmd
    stm32f4xx_cryp_aes.o(i.CRYP_AES_CBC) refers to stm32f4xx_cryp.o(i.CRYP_KeyStructInit) for CRYP_KeyStructInit
    stm32f4xx_cryp_aes.o(i.CRYP_AES_CBC) refers to stm32f4xx_cryp.o(i.CRYP_KeyInit) for CRYP_KeyInit
    stm32f4xx_cryp_aes.o(i.CRYP_AES_CBC) refers to stm32f4xx_cryp.o(i.CRYP_Init) for CRYP_Init
    stm32f4xx_cryp_aes.o(i.CRYP_AES_CBC) refers to stm32f4xx_cryp.o(i.CRYP_IVInit) for CRYP_IVInit
    stm32f4xx_cryp_aes.o(i.CRYP_AES_CBC) refers to stm32f4xx_cryp.o(i.CRYP_FIFOFlush) for CRYP_FIFOFlush
    stm32f4xx_cryp_aes.o(i.CRYP_AES_CBC) refers to stm32f4xx_cryp.o(i.CRYP_Cmd) for CRYP_Cmd
    stm32f4xx_cryp_aes.o(i.CRYP_AES_CBC) refers to stm32f4xx_cryp.o(i.CRYP_GetCmdStatus) for CRYP_GetCmdStatus
    stm32f4xx_cryp_aes.o(i.CRYP_AES_CBC) refers to stm32f4xx_cryp.o(i.CRYP_GetFlagStatus) for CRYP_GetFlagStatus
    stm32f4xx_cryp_aes.o(i.CRYP_AES_CBC) refers to stm32f4xx_cryp.o(i.CRYP_DataIn) for CRYP_DataIn
    stm32f4xx_cryp_aes.o(i.CRYP_AES_CBC) refers to stm32f4xx_cryp.o(i.CRYP_DataOut) for CRYP_DataOut
    stm32f4xx_cryp_aes.o(i.CRYP_AES_CCM) refers to stm32f4xx_cryp.o(i.CRYP_KeyStructInit) for CRYP_KeyStructInit
    stm32f4xx_cryp_aes.o(i.CRYP_AES_CCM) refers to stm32f4xx_cryp.o(i.CRYP_FIFOFlush) for CRYP_FIFOFlush
    stm32f4xx_cryp_aes.o(i.CRYP_AES_CCM) refers to stm32f4xx_cryp.o(i.CRYP_KeyInit) for CRYP_KeyInit
    stm32f4xx_cryp_aes.o(i.CRYP_AES_CCM) refers to stm32f4xx_cryp.o(i.CRYP_IVInit) for CRYP_IVInit
    stm32f4xx_cryp_aes.o(i.CRYP_AES_CCM) refers to stm32f4xx_cryp.o(i.CRYP_Init) for CRYP_Init
    stm32f4xx_cryp_aes.o(i.CRYP_AES_CCM) refers to stm32f4xx_cryp.o(i.CRYP_PhaseConfig) for CRYP_PhaseConfig
    stm32f4xx_cryp_aes.o(i.CRYP_AES_CCM) refers to stm32f4xx_cryp.o(i.CRYP_DataIn) for CRYP_DataIn
    stm32f4xx_cryp_aes.o(i.CRYP_AES_CCM) refers to stm32f4xx_cryp.o(i.CRYP_Cmd) for CRYP_Cmd
    stm32f4xx_cryp_aes.o(i.CRYP_AES_CCM) refers to stm32f4xx_cryp.o(i.CRYP_GetCmdStatus) for CRYP_GetCmdStatus
    stm32f4xx_cryp_aes.o(i.CRYP_AES_CCM) refers to stm32f4xx_cryp.o(i.CRYP_GetFlagStatus) for CRYP_GetFlagStatus
    stm32f4xx_cryp_aes.o(i.CRYP_AES_CCM) refers to stm32f4xx_cryp.o(i.CRYP_DataOut) for CRYP_DataOut
    stm32f4xx_cryp_aes.o(i.CRYP_AES_CTR) refers to stm32f4xx_cryp.o(i.CRYP_KeyStructInit) for CRYP_KeyStructInit
[...]
    .rodata.name                             0x0800516d   Section       11  msh.o(.rodata.name)
    .rodata.name                             0x08005178   Section       22  msh.o(.rodata.name)
    .rodata.name                             0x0800518e   Section        9  msh.o(.rodata.name)
    .rodata.name                             0x08005197   Section       28  msh.o(.rodata.name)
    .rodata.name                             0x080051b3   Section       11  msh.o(.rodata.name)
    .rodata.name                             0x080051be   Section       37  msh.o(.rodata.name)
    .rodata.name                             0x080051e3   Section        9  mem.o(.rodata.name)
    .rodata.name                             0x080051ec   Section       30  mem.o(.rodata.name)
    .rti_fn.0                                0x0800520c   Section        8  components.o(.rti_fn.0)
    __tagsym$$used                           0x0800520c   Number         0  components.o(.rti_fn.0)
    .rti_fn.0.end                            0x08005214   Section        8  components.o(.rti_fn.0.end)
    __tagsym$$used                           0x08005214   Number         0  components.o(.rti_fn.0.end)
    .rti_fn.1                                0x0800521c   Section        8  board.o(.rti_fn.1)
    __tagsym$$used                           0x0800521c   Number         0  board.o(.rti_fn.1)
    .rti_fn.1.end                            0x08005224   Section        8  components.o(.rti_fn.1.end)
    __tagsym$$used                           0x08005224   Number         0  components.o(.rti_fn.1.end)
    .rti_fn.6                                0x0800522c   Section        8  shell.o(.rti_fn.6)
    __tagsym$$used                           0x0800522c   Number         0  shell.o(.rti_fn.6)
    .rti_fn.6.end                            0x08005234   Section        8  components.o(.rti_fn.6.end)
    __tagsym$$used                           0x08005234   Number         0  components.o(.rti_fn.6.end)
    FSymTab                                  0x0800523c   Section      216  cmd.o(FSymTab)
    __tagsym$$used                           0x0800523c   Number         0  cmd.o(FSymTab)
    __tagsym$$used                           0x08005248   Number         0  cmd.o(FSymTab)
    __tagsym$$used                           0x08005254   Number         0  cmd.o(FSymTab)
    __tagsym$$used                           0x08005260   Number         0  cmd.o(FSymTab)
    __tagsym$$used                           0x0800526c   Number         0  cmd.o(FSymTab)
    __tagsym$$used                           0x08005278   Number         0  cmd.o(FSymTab)
    __tagsym$$used                           0x08005284   Number         0  cmd.o(FSymTab)
    __tagsym$$used                           0x08005290   Number         0  cmd.o(FSymTab)
    __tagsym$$used                           0x0800529c   Number         0  cmd.o(FSymTab)
    __tagsym$$used                           0x080052a8   Number         0  cmd.o(FSymTab)
    __tagsym$$used                           0x080052b4   Number         0  cmd.o(FSymTab)
    __tagsym$$used                           0x080052c0   Number         0  cmd.o(FSymTab)
    __tagsym$$used                           0x080052cc   Number         0  cmd.o(FSymTab)
    __tagsym$$used                           0x080052d8   Number         0  cmd.o(FSymTab)
    __tagsym$$used                           0x080052e4   Number         0  cmd.o(FSymTab)
    __tagsym$$used                           0x080052f0   Number         0  cmd.o(FSymTab)
    __tagsym$$used                           0x080052fc   Number         0  cmd.o(FSymTab)
    __tagsym$$used                           0x08005308   Number         0  cmd.o(FSymTab)
    FSymTab                                  0x08005314   Section       36  msh.o(FSymTab)
    __tagsym$$used                           0x08005314   Number         0  msh.o(FSymTab)
    __tagsym$$used                           0x08005320   Number         0  msh.o(FSymTab)
    __tagsym$$used                           0x0800532c   Number         0  msh.o(FSymTab)
    FSymTab                                  0x08005338   Section       12  mem.o(FSymTab)
    __tagsym$$used                           0x08005338   Number         0  mem.o(FSymTab)
    .data                                    0x20000000   Section       20  system_stm32f4xx.o(.data)
    .data                                    0x20000014   Section       16  stm32f4xx_rcc.o(.data)
    APBAHBPrescTable                         0x20000014   Data          16  stm32f4xx_rcc.o(.data)
    .data                                    0x20000024   Section        8  main.o(.data)
    led1_thread                              0x20000024   Data           4  main.o(.data)
    led2_thread                              0x20000028   Data           4  main.o(.data)
    .data                                    0x2000002c   Section       24  shell.o(.data)
    finsh_prompt_custom                      0x2000003c   Data           4  shell.o(.data)
    .data                                    0x20000044   Section        4  cpuport.o(.data)
    rt_exception_hook                        0x20000044   Data           4  cpuport.o(.data)
    .data                                    0x20000048   Section        4  cpuport.o(.data)
    .data                                    0x2000004c   Section        4  cpuport.o(.data)
    .data                                    0x20000050   Section        4  cpuport.o(.data)
    .data                                    0x20000054   Section        4  clock.o(.data)
    rt_tick                                  0x20000054   Data           4  clock.o(.data)
    .data                                    0x20000058   Section        1  irq.o(.data)
    .data                                    0x2000005c   Section        8  kservice.o(.data)
    __rt_errno                               0x2000005c   Data           4  kservice.o(.data)
    .data                                    0x20000064   Section       24  mem.o(.data)
    heap_ptr                                 0x20000064   Data           4  mem.o(.data)
    heap_end                                 0x20000068   Data           4  mem.o(.data)
    lfree                                    0x2000006c   Data           4  mem.o(.data)
    mem_size_aligned                         0x20000070   Data           4  mem.o(.data)
    used_mem                                 0x20000074   Data           4  mem.o(.data)
    max_mem                                  0x20000078   Data           4  mem.o(.data)
    .data                                    0x2000007c   Section      112  object.o(.data)
    rt_object_container                      0x2000007c   Data         112  object.o(.data)
    .data                                    0x200000ec   Section       20  scheduler.o(.data)
    rt_scheduler_lock_nest                   0x200000ee   Data           2  scheduler.o(.data)
    .data                                    0x20000100   Section       12  timer.o(.data)
    random_nr                                0x20000100   Data           4  timer.o(.data)
    rt_timer_list                            0x20000104   Data           8  timer.o(.data)
    .bss                                     0x2000010c   Section      257  shell.o(.bss)
    finsh_prompt                             0x2000010c   Data         257  shell.o(.bss)
    .bss                                     0x20000210   Section      384  idle.o(.bss)
    idle                                     0x20000210   Data         128  idle.o(.bss)
    rt_thread_stack                          0x20000290   Data         256  idle.o(.bss)
    .bss                                     0x20000390   Section      256  kservice.o(.bss)
    rt_log_buf                               0x20000390   Data         256  kservice.o(.bss)
    .bss                                     0x20000490   Section       32  mem.o(.bss)
    heap_sem                                 0x20000490   Data          32  mem.o(.bss)
    .bss                                     0x200004b0   Section      256  scheduler.o(.bss)
    .bss                                     0x200005b0   Section    15360  board.o(.bss)
    rt_heap                                  0x200005b0   Data       15360  board.o(.bss)
    .bss                                     0x200041b0   Section       96  libspace.o(.bss)
    HEAP                                     0x20004210   Section      512  startup_stm32f429_439xx.o(HEAP)
    Heap_Mem                                 0x20004210   Data         512  startup_stm32f429_439xx.o(HEAP)
    STACK                                    0x20004410   Section     1024  startup_stm32f429_439xx.o(STACK)
    Stack_Mem                                0x20004410   Data        1024  startup_stm32f429_439xx.o(STACK)
    __initial_sp                             0x20004810   Data           0  startup_stm32f429_439xx.o(STACK)

    Global Symbols

    Symbol Name                              Value     Ov Type        Size  Object(Section)

    BuildAttributes$$THM_ISAv4$E$P$D$K$B$S$7EM$PE$A:L22UL41UL21$X:L11$S22US41US21$IEEE1$IW$USESV6$~STKCKD$USESV7$~SHL$OSPACE$ROPI$EBA8$UX$STANDARDLIB$REQ8$PRES8$EABIv2 0x00000000   Number         0  anon$$obj.o ABSOLUTE
    __ARM_use_no_argv                        0x00000000   Number         0  main.o ABSOLUTE
    __ARM_exceptions_init                     - Undefined Weak Reference
    __alloca_initialize                       - Undefined Weak Reference
    __arm_preinit_                            - Undefined Weak Reference
    __cpp_initialize__aeabi_                  - Undefined Weak Reference
    __cxa_finalize                            - Undefined Weak Reference
    __rt_locale                               - Undefined Weak Reference
    __sigvec_lookup                           - Undefined Weak Reference
    _atexit_init                              - Undefined Weak Reference
    _call_atexit_fns                          - Undefined Weak Reference
    _clock_init                               - Undefined Weak Reference
    _fp_trap_init                             - Undefined Weak Reference
    _fp_trap_shutdown                         - Undefined Weak Reference
    _get_lc_collate                           - Undefined Weak Reference
    _get_lc_ctype                             - Undefined Weak Reference
    _get_lc_monetary                          - Undefined Weak Reference
    _get_lc_numeric                           - Undefined Weak Reference
    _get_lc_time                              - Undefined Weak Reference
    _getenv_init                              - Undefined Weak Reference
    _handle_redirection                       - Undefined Weak Reference
    _init_alloc                               - Undefined Weak Reference
    _init_user_alloc                          - Undefined Weak Reference
    _initio                                   - Undefined Weak Reference
    _rand_init                                - Undefined Weak Reference
    _signal_finish                            - Undefined Weak Reference
    _signal_init                              - Undefined Weak Reference
    _terminate_alloc                          - Undefined Weak Reference
    _terminate_user_alloc                     - Undefined Weak Reference
    _terminateio                              - Undefined Weak Reference
    __Vectors_Size                           0x000001ac   Number         0  startup_stm32f429_439xx.o ABSOLUTE
    __Vectors                                0x08000000   Data           4  startup_stm32f429_439xx.o(RESET)
    __Vectors_End                            0x080001ac   Data           0  startup_stm32f429_439xx.o(RESET)
    __main                                   0x080001ad   Thumb Code     8  __main.o(!!!main)
    __scatterload                            0x080001b5   Thumb Code     0  __scatter.o(!!!scatter)
    __scatterload_rt2                        0x080001b5   Thumb Code    44  __scatter.o(!!!scatter)
    __scatterload_rt2_thumb_only             0x080001b5   Thumb Code     0  __scatter.o(!!!scatter)
    __scatterload_null                       0x080001c3   Thumb Code     0  __scatter.o(!!!scatter)
    __scatterload_copy                       0x080001e9   Thumb Code    26  __scatter_copy.o(!!handler_copy)
    __scatterload_zeroinit                   0x08000205   Thumb Code    28  __scatter_zi.o(!!handler_zi)
    __rt_lib_init                            0x08000221   Thumb Code     0  libinit.o(.ARM.Collect$$libinit$$00000000)
    __rt_lib_init_alloca_1                   0x08000223   Thumb Code     0  libinit2.o(.ARM.Collect$$libinit$$0000002E)
    __rt_lib_init_argv_1                     0x08000223   Thumb Code     0  libinit2.o(.ARM.Collect$$libinit$$0000002C)
    __rt_lib_init_atexit_1                   0x08000223   Thumb Code     0  libinit2.o(.ARM.Collect$$libinit$$0000001B)
    __rt_lib_init_clock_1                    0x08000223   Thumb Code     0  libinit2.o(.ARM.Collect$$libinit$$00000021)
    __rt_lib_init_cpp_1                      0x08000223   Thumb Code     0  libinit2.o(.ARM.Collect$$libinit$$00000032)
    __rt_lib_init_exceptions_1               0x08000223   Thumb Code     0  libinit2.o(.ARM.Collect$$libinit$$00000030)
    __rt_lib_init_fp_1                       0x08000223   Thumb Code     0  libinit2.o(.ARM.Collect$$libinit$$00000002)
    __rt_lib_init_fp_trap_1                  0x08000223   Thumb Code     0  libinit2.o(.ARM.Collect$$libinit$$0000001F)
    __rt_lib_init_getenv_1                   0x08000223   Thumb Code     0  libinit2.o(.ARM.Collect$$libinit$$00000023)
    __rt_lib_init_heap_1                     0x08000223   Thumb Code     0  libinit2.o(.ARM.Collect$$libinit$$0000000A)
    __rt_lib_init_lc_collate_1               0x08000223   Thumb Code     0  libinit2.o(.ARM.Collect$$libinit$$00000011)
    __rt_lib_init_lc_ctype_1                 0x08000223   Thumb Code     0  libinit2.o(.ARM.Collect$$libinit$$00000013)
    __rt_lib_init_lc_monetary_1              0x08000223   Thumb Code     0  libinit2.o(.ARM.Collect$$libinit$$00000015)
    __rt_lib_init_lc_numeric_1               0x08000223   Thumb Code     0  libinit2.o(.ARM.Collect$$libinit$$00000017)
    __rt_lib_init_lc_time_1                  0x08000223   Thumb Code     0  libinit2.o(.ARM.Collect$$libinit$$00000019)
    __rt_lib_init_preinit_1                  0x08000223   Thumb Code     0  libinit2.o(.ARM.Collect$$libinit$$00000004)
    __rt_lib_init_rand_1                     0x08000223   Thumb Code     0  libinit2.o(.ARM.Collect$$libinit$$0000000E)
    __rt_lib_init_return                     0x08000223   Thumb Code     0  libinit2.o(.ARM.Collect$$libinit$$00000033)
    __rt_lib_init_signal_1                   0x08000223   Thumb Code     0  libinit2.o(.ARM.Collect$$libinit$$0000001D)
    __rt_lib_init_stdio_1                    0x08000223   Thumb Code     0  libinit2.o(.ARM.Collect$$libinit$$00000025)
    __rt_lib_init_user_alloc_1               0x08000223   Thumb Code     0  libinit2.o(.ARM.Collect$$libinit$$0000000C)
    __rt_lib_shutdown                        0x08000225   Thumb Code     0  libshutdown.o(.ARM.Collect$$libshutdown$$00000000)
    __rt_lib_shutdown_cpp_1                  0x08000227   Thumb Code     0  libshutdown2.o(.ARM.Collect$$libshutdown$$00000002)
    __rt_lib_shutdown_fp_trap_1              0x08000227   Thumb Code     0  libshutdown2.o(.ARM.Collect$$libshutdown$$00000007)
    __rt_lib_shutdown_heap_1                 0x08000227   Thumb Code     0  libshutdown2.o(.ARM.Collect$$libshutdown$$0000000F)
    __rt_lib_shutdown_return                 0x08000227   Thumb Code     0  libshutdown2.o(.ARM.Collect$$libshutdown$$00000010)
    __rt_lib_shutdown_signal_1               0x08000227   Thumb Code     0  libshutdown2.o(.ARM.Collect$$libshutdown$$0000000A)
    __rt_lib_shutdown_stdio_1                0x08000227   Thumb Code     0  libshutdown2.o(.ARM.Collect$$libshutdown$$00000004)
    __rt_lib_shutdown_user_alloc_1           0x08000227   Thumb Code     0  libshutdown2.o(.ARM.Collect$$libshutdown$$0000000C)
    __rt_entry                               0x08000229   Thumb Code     0  __rtentry.o(.ARM.Collect$$rtentry$$00000000)
    __rt_entry_presh_1                       0x08000229   Thumb Code     0  __rtentry2.o(.ARM.Collect$$rtentry$$00000002)
    __rt_entry_sh                            0x08000229   Thumb Code     0  __rtentry4.o(.ARM.Collect$$rtentry$$00000004)
    __rt_entry_li                            0x0800022f   Thumb Code     0  __rtentry2.o(.ARM.Collect$$rtentry$$0000000A)
    __rt_entry_postsh_1                      0x0800022f   Thumb Code     0  __rtentry2.o(.ARM.Collect$$rtentry$$00000009)
    __rt_entry_main                          0x08000233   Thumb Code     0  __rtentry2.o(.ARM.Collect$$rtentry$$0000000D)
    __rt_entry_postli_1                      0x08000233   Thumb Code     0  __rtentry2.o(.ARM.Collect$$rtentry$$0000000C)
    __rt_exit                                0x0800023b   Thumb Code     0  rtexit.o(.ARM.Collect$$rtexit$$00000000)
    __rt_exit_ls                             0x0800023d   Thumb Code     0  rtexit2.o(.ARM.Collect$$rtexit$$00000003)
    __rt_exit_prels_1                        0x0800023d   Thumb Code     0  rtexit2.o(.ARM.Collect$$rtexit$$00000002)
    __rt_exit_exit                           0x08000241   Thumb Code     0  rtexit2.o(.ARM.Collect$$rtexit$$00000004)
    Reset_Handler                            0x08000249   Thumb Code     8  startup_stm32f429_439xx.o(.text)
    ADC_IRQHandler                           0x08000263   Thumb Code     0  startup_stm32f429_439xx.o(.text)
    CAN1_RX0_IRQHandler                      0x08000263   Thumb Code     0  startup_stm32f429_439xx.o(.text)
    CAN1_RX1_IRQHandler                      0x08000263   Thumb Code     0  startup_stm32f429_439xx.o(.text)
    CAN1_SCE_IRQHandler                      0x08000263   Thumb Code     0  startup_stm32f429_439xx.o(.text)
    CAN1_TX_IRQHandler                       0x08000263   Thumb Code     0  startup_stm32f429_439xx.o(.text)
    CAN2_RX0_IRQHandler                      0x08000263   Thumb Code     0  startup_stm32f429_439xx.o(.text)
    CAN2_RX1_IRQHandler                      0x08000263   Thumb Code     0  startup_stm32f429_439xx.o(.text)
    CAN2_SCE_IRQHandler                      0x08000263   Thumb Code     0  startup_stm32f429_439xx.o(.text)
    CAN2_TX_IRQHandler                       0x08000263   Thumb Code     0  startup_stm32f429_439xx.o(.text)
    CRYP_IRQHandler                          0x08000263   Thumb Code     0  startup_stm32f429_439xx.o(.text)
    DCMI_IRQHandler                          0x08000263   Thumb Code     0  startup_stm32f429_439xx.o(.text)
    DMA1_Stream0_IRQHandler                  0x08000263   Thumb Code     0  startup_stm32f429_439xx.o(.text)
    DMA1_Stream1_IRQHandler                  0x08000263   Thumb Code     0  startup_stm32f429_439xx.o(.text)
    DMA1_Stream2_IRQHandler                  0x08000263   Thumb Code     0  startup_stm32f429_439xx.o(.text)
    DMA1_Stream3_IRQHandler                  0x08000263   Thumb Code     0  startup_stm32f429_439xx.o(.text)
    DMA1_Stream4_IRQHandler                  0x08000263   Thumb Code     0  startup_stm32f429_439xx.o(.text)
    DMA1_Stream5_IRQHandler                  0x08000263   Thumb Code     0  startup_stm32f429_439xx.o(.text)
    DMA1_Stream6_IRQHandler                  0x08000263   Thumb Code     0  startup_stm32f429_439xx.o(.text)
    DMA1_Stream7_IRQHandler                  0x08000263   Thumb Code     0  startup_stm32f429_439xx.o(.text)
    DMA2D_IRQHandler                         0x08000263   Thumb Code     0  startup_stm32f429_439xx.o(.text)
    DMA2_Stream0_IRQHandler                  0x08000263   Thumb Code     0  startup_stm32f429_439xx.o(.text)
    DMA2_Stream1_IRQHandler                  0x08000263   Thumb Code     0  startup_stm32f429_439xx.o(.text)
    DMA2_Stream2_IRQHandler                  0x08000263   Thumb Code     0  startup_stm32f429_439xx.o(.text)
    DMA2_Stream3_IRQHandler                  0x08000263   Thumb Code     0  startup_stm32f429_439xx.o(.text)
    DMA2_Stream4_IRQHandler                  0x08000263   Thumb Code     0  startup_stm32f429_439xx.o(.text)
    DMA2_Stream5_IRQHandler                  0x08000263   Thumb Code     0  startup_stm32f429_439xx.o(.text)
    DMA2_Stream6_IRQHandler                  0x08000263   Thumb Code     0  startup_stm32f429_439xx.o(.text)
    DMA2_Stream7_IRQHandler                  0x08000263   Thumb Code     0  startup_stm32f429_439xx.o(.text)
    ETH_IRQHandler                           0x08000263   Thumb Code     0  startup_stm32f429_439xx.o(.text)
    ETH_WKUP_IRQHandler                      0x08000263   Thumb Code     0  startup_stm32f429_439xx.o(.text)
    EXTI0_IRQHandler                         0x08000263   Thumb Code     0  startup_stm32f429_439xx.o(.text)
    EXTI15_10_IRQHandler                     0x08000263   Thumb Code     0  startup_stm32f429_439xx.o(.text)
    EXTI1_IRQHandler                         0x08000263   Thumb Code     0  startup_stm32f429_439xx.o(.text)
    EXTI2_IRQHandler                         0x08000263   Thumb Code     0  startup_stm32f429_439xx.o(.text)
    EXTI4_IRQHandler                         0x08000263   Thumb Code     0  startup_stm32f429_439xx.o(.text)
    EXTI9_5_IRQHandler                       0x08000263   Thumb Code     0  startup_stm32f429_439xx.o(.text)
    FLASH_IRQHandler                         0x08000263   Thumb Code     0  startup_stm32f429_439xx.o(.text)
    FMC_IRQHandler                           0x08000263   Thumb Code     0  startup_stm32f429_439xx.o(.text)
    FPU_IRQHandler                           0x08000263   Thumb Code     0  startup_stm32f429_439xx.o(.text)
    HASH_RNG_IRQHandler                      0x08000263   Thumb Code     0  startup_stm32f429_439xx.o(.text)
    I2C1_ER_IRQHandler                       0x08000263   Thumb Code     0  startup_stm32f429_439xx.o(.text)
    I2C1_EV_IRQHandler                       0x08000263   Thumb Code     0  startup_stm32f429_439xx.o(.text)
    I2C2_ER_IRQHandler                       0x08000263   Thumb Code     0  startup_stm32f429_439xx.o(.text)
    I2C2_EV_IRQHandler                       0x08000263   Thumb Code     0  startup_stm32f429_439xx.o(.text)
    I2C3_ER_IRQHandler                       0x08000263   Thumb Code     0  startup_stm32f429_439xx.o(.text)
    I2C3_EV_IRQHandler                       0x08000263   Thumb Code     0  startup_stm32f429_439xx.o(.text)
    LTDC_ER_IRQHandler                       0x08000263   Thumb Code     0  startup_stm32f429_439xx.o(.text)
    LTDC_IRQHandler                          0x08000263   Thumb Code     0  startup_stm32f429_439xx.o(.text)
    OTG_FS_IRQHandler                        0x08000263   Thumb Code     0  startup_stm32f429_439xx.o(.text)
    OTG_FS_WKUP_IRQHandler                   0x08000263   Thumb Code     0  startup_stm32f429_439xx.o(.text)
    OTG_HS_EP1_IN_IRQHandler                 0x08000263   Thumb Code     0  startup_stm32f429_439xx.o(.text)
    OTG_HS_EP1_OUT_IRQHandler                0x08000263   Thumb Code     0  startup_stm32f429_439xx.o(.text)
    OTG_HS_IRQHandler                        0x08000263   Thumb Code     0  startup_stm32f429_439xx.o(.text)
    OTG_HS_WKUP_IRQHandler                   0x08000263   Thumb Code     0  startup_stm32f429_439xx.o(.text)
    PVD_IRQHandler                           0x08000263   Thumb Code     0  startup_stm32f429_439xx.o(.text)
    RCC_IRQHandler                           0x08000263   Thumb Code     0  startup_stm32f429_439xx.o(.text)
    RTC_Alarm_IRQHandler                     0x08000263   Thumb Code     0  startup_stm32f429_439xx.o(.text)
    RTC_WKUP_IRQHandler                      0x08000263   Thumb Code     0  startup_stm32f429_439xx.o(.text)
    SAI1_IRQHandler                          0x08000263   Thumb Code     0  startup_stm32f429_439xx.o(.text)
    SDIO_IRQHandler                          0x08000263   Thumb Code     0  startup_stm32f429_439xx.o(.text)
    SPI1_IRQHandler                          0x08000263   Thumb Code     0  startup_stm32f429_439xx.o(.text)
    SPI2_IRQHandler                          0x08000263   Thumb Code     0  startup_stm32f429_439xx.o(.text)
    SPI3_IRQHandler                          0x08000263   Thumb Code     0  startup_stm32f429_439xx.o(.text)
    SPI4_IRQHandler                          0x08000263   Thumb Code     0  startup_stm32f429_439xx.o(.text)
    SPI5_IRQHandler                          0x08000263   Thumb Code     0  startup_stm32f429_439xx.o(.text)
    SPI6_IRQHandler                          0x08000263   Thumb Code     0  startup_stm32f429_439xx.o(.text)
    TAMP_STAMP_IRQHandler                    0x08000263   Thumb Code     0  startup_stm32f429_439xx.o(.text)
    TIM1_BRK_TIM9_IRQHandler                 0x08000263   Thumb Code     0  startup_stm32f429_439xx.o(.text)
    TIM1_CC_IRQHandler                       0x08000263   Thumb Code     0  startup_stm32f429_439xx.o(.text)
    TIM1_TRG_COM_TIM11_IRQHandler            0x08000263   Thumb Code     0  startup_stm32f429_439xx.o(.text)
    TIM1_UP_TIM10_IRQHandler                 0x08000263   Thumb Code     0  startup_stm32f429_439xx.o(.text)
    TIM2_IRQHandler                          0x08000263   Thumb Code     0  startup_stm32f429_439xx.o(.text)
    TIM3_IRQHandler                          0x08000263   Thumb Code     0  startup_stm32f429_439xx.o(.text)
    TIM4_IRQHandler                          0x08000263   Thumb Code     0  startup_stm32f429_439xx.o(.text)
    TIM5_IRQHandler                          0x08000263   Thumb Code     0  startup_stm32f429_439xx.o(.text)
    TIM6_DAC_IRQHandler                      0x08000263   Thumb Code     0  startup_stm32f429_439xx.o(.text)
    TIM7_IRQHandler                          0x08000263   Thumb Code     0  startup_stm32f429_439xx.o(.text)
    TIM8_BRK_TIM12_IRQHandler                0x08000263   Thumb Code     0  startup_stm32f429_439xx.o(.text)
    TIM8_CC_IRQHandler                       0x08000263   Thumb Code     0  startup_stm32f429_439xx.o(.text)
    TIM8_TRG_COM_TIM14_IRQHandler            0x08000263   Thumb Code     0  startup_stm32f429_439xx.o(.text)
    TIM8_UP_TIM13_IRQHandler                 0x08000263   Thumb Code     0  startup_stm32f429_439xx.o(.text)
    UART4_IRQHandler                         0x08000263   Thumb Code     0  startup_stm32f429_439xx.o(.text)
    UART5_IRQHandler                         0x08000263   Thumb Code     0  startup_stm32f429_439xx.o(.text)
    UART7_IRQHandler                         0x08000263   Thumb Code     0  startup_stm32f429_439xx.o(.text)
    UART8_IRQHandler                         0x08000263   Thumb Code     0  startup_stm32f429_439xx.o(.text)
    USART1_IRQHandler                        0x08000263   Thumb Code     0  startup_stm32f429_439xx.o(.text)
    USART2_IRQHandler                        0x08000263   Thumb Code     0  startup_stm32f429_439xx.o(.text)
    USART3_IRQHandler                        0x08000263   Thumb Code     0  startup_stm32f429_439xx.o(.text)
    USART6_IRQHandler                        0x08000263   Thumb Code     0  startup_stm32f429_439xx.o(.text)
    WWDG_IRQHandler                          0x08000263   Thumb Code     0  startup_stm32f429_439xx.o(.text)
    __user_initial_stackheap                 0x08000265   Thumb Code     0  startup_stm32f429_439xx.o(.text)
    rt_hw_interrupt_disable                  0x08000289   Thumb Code     8  context_rvds.o(.text)
    rt_hw_interrupt_enable                   0x08000291   Thumb Code     6  context_rvds.o(.text)
    rt_hw_context_switch                     0x08000297   Thumb Code    32  context_rvds.o(.text)
    rt_hw_context_switch_interrupt           0x08000297   Thumb Code     0  context_rvds.o(.text)
    PendSV_Handler                           0x080002b7   Thumb Code    60  context_rvds.o(.text)
    rt_hw_context_switch_to                  0x080002f3   Thumb Code    56  context_rvds.o(.text)
    rt_hw_interrupt_thread_switch            0x0800032b   Thumb Code     2  context_rvds.o(.text)
    HardFault_Handler                        0x0800032d   Thumb Code    52  context_rvds.o(.text)
    strcpy                                   0x0800037d   Thumb Code    72  strcpy.o(.text)
    strlen                                   0x080003c5   Thumb Code    62  strlen.o(.text)
    strncmp                                  0x08000403   Thumb Code   150  strncmp.o(.text)
    strcat                                   0x08000499   Thumb Code    24  strcat.o(.text)
    __aeabi_memcpy4                          0x080004b1   Thumb Code     0  rt_memcpy_w.o(.text)
    __aeabi_memcpy8                          0x080004b1   Thumb Code     0  rt_memcpy_w.o(.text)
    __rt_memcpy_w                            0x080004b1   Thumb Code   100  rt_memcpy_w.o(.text)
    _memcpy_lastbytes_aligned                0x080004f9   Thumb Code     0  rt_memcpy_w.o(.text)
    __aeabi_memclr                           0x08000515   Thumb Code     0  rt_memclr.o(.text)
    __rt_memclr                              0x08000515   Thumb Code    68  rt_memclr.o(.text)
    _memset                                  0x08000519   Thumb Code     0  rt_memclr.o(.text)
    __aeabi_memclr4                          0x08000559   Thumb Code     0  rt_memclr_w.o(.text)
    __aeabi_memclr8                          0x08000559   Thumb Code     0  rt_memclr_w.o(.text)
    __rt_memclr_w                            0x08000559   Thumb Code    78  rt_memclr_w.o(.text)
    _memset_w                                0x0800055d   Thumb Code     0  rt_memclr_w.o(.text)
    strncpy                                  0x080005a7   Thumb Code    86  strncpy.o(.text)
    __use_two_region_memory                  0x080005fd   Thumb Code     2  heapauxi.o(.text)
    __rt_heap_escrow$2region                 0x080005ff   Thumb Code     2  heapauxi.o(.text)
    __rt_heap_expand$2region                 0x08000601   Thumb Code     2  heapauxi.o(.text)
    __user_setup_stackheap                   0x08000603   Thumb Code    74  sys_stackheap_outer.o(.text)
    exit                                     0x0800064d   Thumb Code    18  exit.o(.text)
    __user_libspace                          0x08000661   Thumb Code     8  libspace.o(.text)
    __user_perproc_libspace                  0x08000661   Thumb Code     0  libspace.o(.text)
    __user_perthread_libspace                0x08000661   Thumb Code     0  libspace.o(.text)
    _sys_exit                                0x08000669   Thumb Code     8  sys_exit.o(.text)
    __I$use$semihosting                      0x08000675   Thumb Code     0  use_no_semi.o(.text)
    __use_no_semihosting_swi                 0x08000675   Thumb Code     2  use_no_semi.o(.text)
    __semihosting_library_function           0x08000677   Thumb Code     0  indicate_semi.o(.text)
    main                                     0x08000677   Thumb Code    10  components.o(i.$Sub$$main)
    BusFault_Handler                         0x08000681   Thumb Code     2  stm32f4xx_it.o(i.BusFault_Handler)
    DebugMon_Handler                         0x08000683   Thumb Code     2  stm32f4xx_it.o(i.DebugMon_Handler)
    EXTI3_IRQHandler                         0x08000685   Thumb Code    34  stm32f4xx_it.o(i.EXTI3_IRQHandler)
    EXTI_ClearITPendingBit                   0x080006ad   Thumb Code     6  stm32f4xx_exti.o(i.EXTI_ClearITPendingBit)
    EXTI_GetITStatus                         0x080006b9   Thumb Code    16  stm32f4xx_exti.o(i.EXTI_GetITStatus)
    EXTI_Init                                0x080006cd   Thumb Code   108  stm32f4xx_exti.o(i.EXTI_Init)
    EXTI_Key_Config                          0x0800073d   Thumb Code   110  bsp_exti.o(i.EXTI_Key_Config)
    GPIO_Init                                0x080007b1   Thumb Code   162  stm32f4xx_gpio.o(i.GPIO_Init)
    GPIO_PinAFConfig                         0x08000853   Thumb Code    32  stm32f4xx_gpio.o(i.GPIO_PinAFConfig)
    LED_GPIO_Config                          0x08000875   Thumb Code    64  bsp_led.o(i.LED_GPIO_Config)
    MemManage_Handler                        0x080008b9   Thumb Code     2  stm32f4xx_it.o(i.MemManage_Handler)
    NMI_Handler                              0x080008bb   Thumb Code     2  stm32f4xx_it.o(i.NMI_Handler)
    NVIC_Init                                0x080008bd   Thumb Code    96  misc.o(i.NVIC_Init)
    NVIC_PriorityGroupConfig                 0x08000921   Thumb Code    10  misc.o(i.NVIC_PriorityGroupConfig)
    RCC_AHB1PeriphClockCmd                   0x08000935   Thumb Code    18  stm32f4xx_rcc.o(i.RCC_AHB1PeriphClockCmd)
    RCC_APB2PeriphClockCmd                   0x0800094d   Thumb Code    18  stm32f4xx_rcc.o(i.RCC_APB2PeriphClockCmd)
    RCC_GetClocksFreq                        0x08000965   Thumb Code   132  stm32f4xx_rcc.o(i.RCC_GetClocksFreq)
    SVC_Handler                              0x080009f9   Thumb Code     2  stm32f4xx_it.o(i.SVC_Handler)
    SYSCFG_EXTILineConfig                    0x080009fd   Thumb Code    42  stm32f4xx_syscfg.o(i.SYSCFG_EXTILineConfig)
    SysTick_Handler                          0x08000afd   Thumb Code     4  stm32f4xx_it.o(i.SysTick_Handler)
    SystemCoreClockUpdate                    0x08000b01   Thumb Code   106  system_stm32f4xx.o(i.SystemCoreClockUpdate)
    SystemInit                               0x08000b7d   Thumb Code    62  system_stm32f4xx.o(i.SystemInit)
    USART_ClearFlag                          0x08000bcd   Thumb Code     6  stm32f4xx_usart.o(i.USART_ClearFlag)
    USART_Cmd                                0x08000bd3   Thumb Code    20  stm32f4xx_usart.o(i.USART_Cmd)
    USART_GetFlagStatus                      0x08000be7   Thumb Code    14  stm32f4xx_usart.o(i.USART_GetFlagStatus)
    USART_Init                               0x08000bf5   Thumb Code   164  stm32f4xx_usart.o(i.USART_Init)
    USART_ReceiveData                        0x08000ca1   Thumb Code     8  stm32f4xx_usart.o(i.USART_ReceiveData)
    USART_SendData                           0x08000ca9   Thumb Code     8  stm32f4xx_usart.o(i.USART_SendData)
    UsageFault_Handler                       0x08000cb1   Thumb Code     2  stm32f4xx_it.o(i.UsageFault_Handler)
    __rt_ffs                                 0x08000cb5   Thumb Code    64  kservice.o(i.__rt_ffs)
    cmd_free                                 0x08001055   Thumb Code    10  msh.o(i.cmd_free)
    cmd_ps                                   0x0800105f   Thumb Code    10  msh.o(i.cmd_ps)
    finsh_get_prompt                         0x08001069   Thumb Code    68  shell.o(i.finsh_get_prompt)
    finsh_set_prompt_mode                    0x080010c9   Thumb Code    34  shell.o(i.finsh_set_prompt_mode)
    finsh_system_function_init               0x08001109   Thumb Code     8  shell.o(i.finsh_system_function_init)
    finsh_system_init                        0x08001115   Thumb Code    90  shell.o(i.finsh_system_init)
    finsh_thread_entry                       0x080011a9   Thumb Code   612  shell.o(i.finsh_thread_entry)
    hello                                    0x080014ad   Thumb Code    12  cmd.o(i.hello)
    list                                     0x0800150d   Thumb Code    50  cmd.o(i.list)
    list_event                               0x08001571   Thumb Code   184  cmd.o(i.list_event)
    list_mailbox                             0x0800172d   Thumb Code   200  cmd.o(i.list_mailbox)
    list_mem                                 0x08001871   Thumb Code    32  mem.o(i.list_mem)
    list_msgqueue                            0x080018dd   Thumb Code   188  cmd.o(i.list_msgqueue)
    list_mutex                               0x08001a05   Thumb Code   146  cmd.o(i.list_mutex)
    list_sem                                 0x08001afd   Thumb Code   188  cmd.o(i.list_sem)
    list_thread                              0x08001c19   Thumb Code   250  cmd.o(i.list_thread)
    list_timer                               0x08001dd1   Thumb Code   160  cmd.o(i.list_timer)
    $Super$$main                             0x08001f11   Thumb Code    88  main.o(i.main)
    main_thread_entry                        0x08001fbd   Thumb Code    14  components.o(i.main_thread_entry)
    msh_auto_complete                        0x080020a5   Thumb Code   150  msh.o(i.msh_auto_complete)
    msh_exec                                 0x08002151   Thumb Code    74  msh.o(i.msh_exec)
    msh_help                                 0x080021b5   Thumb Code    58  msh.o(i.msh_help)
    msh_is_used                              0x0800222d   Thumb Code     4  msh.o(i.msh_is_used)
    myuart_init                              0x08002301   Thumb Code   142  bsp_uart.o(i.myuart_init)
    rt_application_init                      0x080025c9   Thumb Code    48  components.o(i.rt_application_init)
    rt_assert_handler                        0x08002619   Thumb Code    46  kservice.o(i.rt_assert_handler)
    rt_calloc                                0x08002685   Thumb Code    26  mem.o(i.rt_calloc)
    rt_components_board_init                 0x080026a1   Thumb Code    36  components.o(i.rt_components_board_init)
    rt_components_init                       0x080026e9   Thumb Code    42  components.o(i.rt_components_init)
    rt_enter_critical                        0x08002759   Thumb Code    22  scheduler.o(i.rt_enter_critical)
    rt_exit_critical                         0x08002775   Thumb Code    52  scheduler.o(i.rt_exit_critical)
    rt_free                                  0x080027ad   Thumb Code   222  mem.o(i.rt_free)
    rt_heap_begin_get                        0x0800296d   Thumb Code     4  board.o(i.rt_heap_begin_get)
    rt_heap_end_get                          0x08002975   Thumb Code     4  board.o(i.rt_heap_end_get)
    rt_hw_board_init                         0x0800297d   Thumb Code    84  board.o(i.rt_hw_board_init)
    rt_hw_console_getchar                    0x080029d9   Thumb Code    50  board.o(i.rt_hw_console_getchar)
    rt_hw_console_output                     0x08002a11   Thumb Code    72  board.o(i.rt_hw_console_output)
    rt_hw_hard_fault_exception               0x08002a5d   Thumb Code   198  cpuport.o(i.rt_hw_hard_fault_exception)
    rt_hw_stack_init                         0x08002c75   Thumb Code    52  cpuport.o(i.rt_hw_stack_init)
    rt_interrupt_enter                       0x08002cad   Thumb Code    22  irq.o(i.rt_interrupt_enter)
    rt_interrupt_get_nest                    0x08002cc9   Thumb Code    18  irq.o(i.rt_interrupt_get_nest)
    rt_interrupt_leave                       0x08002ce1   Thumb Code    22  irq.o(i.rt_interrupt_leave)
    rt_kprintf                               0x08002d61   Thumb Code    28  kservice.o(i.rt_kprintf)
    rt_malloc                                0x08002e01   Thumb Code   340  mem.o(i.rt_malloc)
    rt_memmove                               0x08002fed   Thumb Code    50  kservice.o(i.rt_memmove)
    rt_memset                                0x08003021   Thumb Code    70  kservice.o(i.rt_memset)
    rt_object_allocate                       0x08003069   Thumb Code   134  object.o(i.rt_object_allocate)
    rt_object_delete                         0x08003139   Thumb Code    70  object.o(i.rt_object_delete)
    rt_object_detach                         0x080031c5   Thumb Code    46  object.o(i.rt_object_detach)
    rt_object_get_information                0x0800320d   Thumb Code    30  object.o(i.rt_object_get_information)
    rt_object_get_type                       0x08003231   Thumb Code    26  object.o(i.rt_object_get_type)
    rt_object_init                           0x08003265   Thumb Code   120  object.o(i.rt_object_init)
    rt_object_is_systemobject                0x08003309   Thumb Code    32  object.o(i.rt_object_is_systemobject)
    rt_os_tick_callback                      0x08003341   Thumb Code    18  board.o(i.rt_os_tick_callback)
    rt_schedule                              0x08003355   Thumb Code    84  scheduler.o(i.rt_schedule)
    rt_schedule_insert_thread                0x080033b5   Thumb Code    84  scheduler.o(i.rt_schedule_insert_thread)
    rt_schedule_remove_thread                0x08003429   Thumb Code    78  scheduler.o(i.rt_schedule_remove_thread)
    rt_sem_init                              0x08003499   Thumb Code    68  ipc.o(i.rt_sem_init)
    rt_sem_release                           0x08003505   Thumb Code   108  ipc.o(i.rt_sem_release)
    rt_sem_take                              0x08003589   Thumb Code   228  ipc.o(i.rt_sem_take)
    rt_show_version                          0x080036e9   Thumb Code    40  kservice.o(i.rt_show_version)
    rt_strncpy                               0x08003799   Thumb Code    38  kservice.o(i.rt_strncpy)
    rt_system_heap_init                      0x080037c1   Thumb Code   140  mem.o(i.rt_system_heap_init)
    rt_system_scheduler_init                 0x080038c9   Thumb Code    44  scheduler.o(i.rt_system_scheduler_init)
    rt_system_scheduler_start                0x080038fd   Thumb Code    32  scheduler.o(i.rt_system_scheduler_start)
    rt_system_timer_init                     0x08003925   Thumb Code     8  timer.o(i.rt_system_timer_init)
    rt_system_timer_thread_init              0x08003931   Thumb Code     2  timer.o(i.rt_system_timer_thread_init)
    rt_thread_create                         0x08003933   Thumb Code    72  thread.o(i.rt_thread_create)
    rt_thread_delay                          0x0800397b   Thumb Code     4  thread.o(i.rt_thread_delay)
    rt_thread_exit                           0x08003981   Thumb Code    82  thread.o(i.rt_thread_exit)
    rt_thread_idle_excute                    0x080039e5   Thumb Code   102  idle.o(i.rt_thread_idle_excute)
    rt_thread_idle_init                      0x08003a81   Thumb Code    40  idle.o(i.rt_thread_idle_init)
    rt_thread_init                           0x08003ab9   Thumb Code    80  thread.o(i.rt_thread_init)
    rt_thread_resume                         0x08003b39   Thumb Code    96  thread.o(i.rt_thread_resume)
    rt_thread_self                           0x08003bb5   Thumb Code     6  thread.o(i.rt_thread_self)
    rt_thread_sleep                          0x08003bc1   Thumb Code    96  thread.o(i.rt_thread_sleep)
    rt_thread_startup                        0x08003c41   Thumb Code   100  thread.o(i.rt_thread_startup)
    rt_thread_suspend                        0x08003cfd   Thumb Code   102  thread.o(i.rt_thread_suspend)
    rt_thread_timeout                        0x08003d81   Thumb Code    92  thread.o(i.rt_thread_timeout)
    rt_thread_yield                          0x08003e35   Thumb Code    86  thread.o(i.rt_thread_yield)
    rt_tick_get                              0x08003e95   Thumb Code     6  clock.o(i.rt_tick_get)
    rt_tick_increase                         0x08003ea1   Thumb Code    38  clock.o(i.rt_tick_increase)
    rt_timer_check                           0x08003ecd   Thumb Code   136  timer.o(i.rt_timer_check)
    rt_timer_control                         0x08003f59   Thumb Code   108  timer.o(i.rt_timer_control)
    rt_timer_detach                          0x08004019   Thumb Code    90  timer.o(i.rt_timer_detach)
    rt_timer_init                            0x080040f5   Thumb Code    56  timer.o(i.rt_timer_init)
    rt_timer_start                           0x08004145   Thumb Code   180  timer.o(i.rt_timer_start)
    rt_timer_stop                            0x08004275   Thumb Code    82  timer.o(i.rt_timer_stop)
    rt_vsnprintf                             0x0800431d   Thumb Code   634  kservice.o(i.rt_vsnprintf)
    rtthread_startup                         0x080045b1   Thumb Code    42  components.o(i.rtthread_startup)
    version                                  0x08004709   Thumb Code    10  cmd.o(i.version)
    __rti_finsh_system_init_name             0x08004720   Data          18  shell.o(.constdata)
    __rti_rti_start_name                     0x0800477c   Data          10  components.o(.constdata)
    __rti_rti_board_start_name               0x08004786   Data          16  components.o(.constdata)
    __rti_rti_board_end_name                 0x08004796   Data          14  components.o(.constdata)
    __rti_rti_end_name                       0x080047a4   Data           8  components.o(.constdata)
    __lowest_bit_bitmap                      0x080049d2   Data         256  kservice.o(.constdata)
    __rti_uart_init_name                     0x08004d1a   Data          10  board.o(.constdata)
    __fsym_hello_name                        0x08004ede   Data           6  cmd.o(.rodata.name)
    __fsym_hello_desc                        0x08004ee4   Data          16  cmd.o(.rodata.name)
    __fsym_version_name                      0x08004ef4   Data           8  cmd.o(.rodata.name)
    __fsym_version_desc                      0x08004efc   Data          35  cmd.o(.rodata.name)
    __fsym___cmd_version_name                0x08004f1f   Data          14  cmd.o(.rodata.name)
    __fsym___cmd_version_desc                0x08004f2d   Data          35  cmd.o(.rodata.name)
    __fsym_list_thread_name                  0x08004f50   Data          12  cmd.o(.rodata.name)
    __fsym_list_thread_desc                  0x08004f5c   Data          12  cmd.o(.rodata.name)
    __fsym___cmd_list_thread_name            0x08004f68   Data          18  cmd.o(.rodata.name)
    __fsym___cmd_list_thread_desc            0x08004f7a   Data          12  cmd.o(.rodata.name)
    __fsym_list_sem_name                     0x08004f86   Data           9  cmd.o(.rodata.name)
    __fsym_list_sem_desc                     0x08004f8f   Data          25  cmd.o(.rodata.name)
    __fsym___cmd_list_sem_name               0x08004fa8   Data          15  cmd.o(.rodata.name)
    __fsym___cmd_list_sem_desc               0x08004fb7   Data          25  cmd.o(.rodata.name)
    __fsym_list_event_name                   0x08004fd0   Data          11  cmd.o(.rodata.name)
    __fsym_list_event_desc                   0x08004fdb   Data          21  cmd.o(.rodata.name)
    __fsym___cmd_list_event_name             0x08004ff0   Data          17  cmd.o(.rodata.name)
    __fsym___cmd_list_event_desc             0x08005001   Data          21  cmd.o(.rodata.name)
    __fsym_list_mutex_name                   0x08005016   Data          11  cmd.o(.rodata.name)
    __fsym_list_mutex_desc                   0x08005021   Data          21  cmd.o(.rodata.name)
    __fsym___cmd_list_mutex_name             0x08005036   Data          17  cmd.o(.rodata.name)
    __fsym___cmd_list_mutex_desc             0x08005047   Data          21  cmd.o(.rodata.name)
    __fsym_list_mailbox_name                 0x0800505c   Data          13  cmd.o(.rodata.name)
    __fsym_list_mailbox_desc                 0x08005069   Data          24  cmd.o(.rodata.name)
    __fsym___cmd_list_mailbox_name           0x08005081   Data          19  cmd.o(.rodata.name)
    __fsym___cmd_list_mailbox_desc           0x08005094   Data          24  cmd.o(.rodata.name)
    __fsym_list_msgqueue_name                0x080050ac   Data          14  cmd.o(.rodata.name)
    __fsym_list_msgqueue_desc                0x080050ba   Data          29  cmd.o(.rodata.name)
    __fsym___cmd_list_msgqueue_name          0x080050d7   Data          20  cmd.o(.rodata.name)
    __fsym___cmd_list_msgqueue_desc          0x080050eb   Data          29  cmd.o(.rodata.name)
    __fsym_list_timer_name                   0x08005108   Data          11  cmd.o(.rodata.name)
    __fsym_list_timer_desc                   0x08005113   Data          21  cmd.o(.rodata.name)
    __fsym___cmd_list_timer_name             0x08005128   Data          17  cmd.o(.rodata.name)
    __fsym___cmd_list_timer_desc             0x08005139   Data          21  cmd.o(.rodata.name)
    __fsym_list_name                         0x0800514e   Data           5  cmd.o(.rodata.name)
    __fsym_list_desc                         0x08005153   Data          26  cmd.o(.rodata.name)
    __fsym___cmd_help_name                   0x0800516d   Data          11  msh.o(.rodata.name)
    __fsym___cmd_help_desc                   0x08005178   Data          22  msh.o(.rodata.name)
    __fsym___cmd_ps_name                     0x0800518e   Data           9  msh.o(.rodata.name)
    __fsym___cmd_ps_desc                     0x08005197   Data          28  msh.o(.rodata.name)
    __fsym___cmd_free_name                   0x080051b3   Data          11  msh.o(.rodata.name)
    __fsym___cmd_free_desc                   0x080051be   Data          37  msh.o(.rodata.name)
    __fsym_list_mem_name                     0x080051e3   Data           9  mem.o(.rodata.name)
    __fsym_list_mem_desc                     0x080051ec   Data          30  mem.o(.rodata.name)
    __rt_init_desc_rti_start                 0x0800520c   Data           8  components.o(.rti_fn.0)
    __rt_init_desc_rti_board_start           0x08005214   Data           8  components.o(.rti_fn.0.end)
    __rt_init_desc_uart_init                 0x0800521c   Data           8  board.o(.rti_fn.1)
    __rt_init_desc_rti_board_end             0x08005224   Data           8  components.o(.rti_fn.1.end)
    __rt_init_desc_finsh_system_init         0x0800522c   Data           8  shell.o(.rti_fn.6)
    __rt_init_desc_rti_end                   0x08005234   Data           8  components.o(.rti_fn.6.end)
    FSymTab$$Base                            0x0800523c   Number         0  cmd.o(FSymTab)
    __fsym_hello                             0x0800523c   Data          12  cmd.o(FSymTab)
    __fsym_version                           0x08005248   Data          12  cmd.o(FSymTab)
    __fsym___cmd_version                     0x08005254   Data          12  cmd.o(FSymTab)
    __fsym_list_thread                       0x08005260   Data          12  cmd.o(FSymTab)
    __fsym___cmd_list_thread                 0x0800526c   Data          12  cmd.o(FSymTab)
    __fsym_list_sem                          0x08005278   Data          12  cmd.o(FSymTab)
    __fsym___cmd_list_sem                    0x08005284   Data          12  cmd.o(FSymTab)
    __fsym_list_event                        0x08005290   Data          12  cmd.o(FSymTab)
    __fsym___cmd_list_event                  0x0800529c   Data          12  cmd.o(FSymTab)
    __fsym_list_mutex                        0x080052a8   Data          12  cmd.o(FSymTab)
    __fsym___cmd_list_mutex                  0x080052b4   Data          12  cmd.o(FSymTab)
    __fsym_list_mailbox                      0x080052c0   Data          12  cmd.o(FSymTab)
    __fsym___cmd_list_mailbox                0x080052cc   Data          12  cmd.o(FSymTab)
    __fsym_list_msgqueue                     0x080052d8   Data          12  cmd.o(FSymTab)
    __fsym___cmd_list_msgqueue               0x080052e4   Data          12  cmd.o(FSymTab)
    __fsym_list_timer                        0x080052f0   Data          12  cmd.o(FSymTab)
    __fsym___cmd_list_timer                  0x080052fc   Data          12  cmd.o(FSymTab)
    __fsym_list                              0x08005308   Data          12  cmd.o(FSymTab)
    __fsym___cmd_help                        0x08005314   Data          12  msh.o(FSymTab)
    __fsym___cmd_ps                          0x08005320   Data          12  msh.o(FSymTab)
    __fsym___cmd_free                        0x0800532c   Data          12  msh.o(FSymTab)
    __fsym_list_mem                          0x08005338   Data          12  mem.o(FSymTab)
    FSymTab$$Limit                           0x08005344   Number         0  mem.o(FSymTab)
    Region$$Table$$Base                      0x08005344   Number         0  anon$$obj.o(Region$$Table)
    Region$$Table$$Limit                     0x08005364   Number         0  anon$$obj.o(Region$$Table)
    SystemCoreClock                          0x20000000   Data           4  system_stm32f4xx.o(.data)
    AHBPrescTable                            0x20000004   Data          16  system_stm32f4xx.o(.data)
    _syscall_table_begin                     0x2000002c   Data           4  shell.o(.data)
    _syscall_table_end                       0x20000030   Data           4  shell.o(.data)
    _sysvar_table_begin                      0x20000034   Data           4  shell.o(.data)
    _sysvar_table_end                        0x20000038   Data           4  shell.o(.data)
    shell                                    0x20000040   Data           4  shell.o(.data)
    rt_interrupt_from_thread                 0x20000048   Data           4  cpuport.o(.data)
    rt_interrupt_to_thread                   0x2000004c   Data           4  cpuport.o(.data)
    rt_thread_switch_interrupt_flag          0x20000050   Data           4  cpuport.o(.data)
    rt_interrupt_nest                        0x20000058   Data           1  irq.o(.data)
    rt_assert_hook                           0x20000060   Data           4  kservice.o(.data)
    rt_current_priority                      0x200000ec   Data           1  scheduler.o(.data)
    rt_current_thread                        0x200000f0   Data           4  scheduler.o(.data)
    rt_thread_ready_priority_group           0x200000f4   Data           4  scheduler.o(.data)
    rt_thread_defunct                        0x200000f8   Data           8  scheduler.o(.data)
    rt_thread_priority_table                 0x200004b0   Data         256  scheduler.o(.bss)
    __libspace_start                         0x200041b0   Data          96  libspace.o(.bss)
    __temporary_stack_top$libspace           0x20004210   Data           0  libspace.o(.bss)



==============================================================================

Memory Map of the image

  Image Entry point : 0x080001ad

  Load Region LR_IROM1 (Base: 0x08000000, Size: 0x00005470, Max: 0x00100000, ABSOLUTE)

    Execution Region ER_IROM1 (Exec base: 0x08000000, Load base: 0x08000000, Size: 0x00005364, Max: 0x00100000, ABSOLUTE)

    Exec Addr    Load Addr    Size         Type   Attr      Idx    E Section Name        Object

    0x08000000   0x08000000   0x000001ac   Data   RO            3    RESET               startup_stm32f429_439xx.o
    0x080001ac   0x080001ac   0x00000008   Code   RO         6940  * !!!main             c_w.l(__main.o)
    0x080001b4   0x080001b4   0x00000034   Code   RO         7097    !!!scatter          c_w.l(__scatter.o)
    0x080001e8   0x080001e8   0x0000001a   Code   RO         7099    !!handler_copy      c_w.l(__scatter_copy.o)
    0x08000202   0x08000202   0x00000002   PAD
    0x08000204   0x08000204   0x0000001c   Code   RO         7101    !!handler_zi        c_w.l(__scatter_zi.o)
    0x08000220   0x08000220   0x00000002   Code   RO         6967    .ARM.Collect$$libinit$$00000000  c_w.l(libinit.o)
    0x08000222   0x08000222   0x00000000   Code   RO         6974    .ARM.Collect$$libinit$$00000002  c_w.l(libinit2.o)
    0x08000222   0x08000222   0x00000000   Code   RO         6976    .ARM.Collect$$libinit$$00000004  c_w.l(libinit2.o)
    0x08000222   0x08000222   0x00000000   Code   RO         6979    .ARM.Collect$$libinit$$0000000A  c_w.l(libinit2.o)
    0x08000222   0x08000222   0x00000000   Code   RO         6981    .ARM.Collect$$libinit$$0000000C  c_w.l(libinit2.o)
    0x08000222   0x08000222   0x00000000   Code   RO         6983    .ARM.Collect$$libinit$$0000000E  c_w.l(libinit2.o)
    0x08000222   0x08000222   0x00000000   Code   RO         6986    .ARM.Collect$$libinit$$00000011  c_w.l(libinit2.o)
    0x08000222   0x08000222   0x00000000   Code   RO         6988    .ARM.Collect$$libinit$$00000013  c_w.l(libinit2.o)
    0x08000222   0x08000222   0x00000000   Code   RO         6990    .ARM.Collect$$libinit$$00000015  c_w.l(libinit2.o)
    0x08000222   0x08000222   0x00000000   Code   RO         6992    .ARM.Collect$$libinit$$00000017  c_w.l(libinit2.o)
    0x08000222   0x08000222   0x00000000   Code   RO         6994    .ARM.Collect$$libinit$$00000019  c_w.l(libinit2.o)
    0x08000222   0x08000222   0x00000000   Code   RO         6996    .ARM.Collect$$libinit$$0000001B  c_w.l(libinit2.o)
    0x08000222   0x08000222   0x00000000   Code   RO         6998    .ARM.Collect$$libinit$$0000001D  c_w.l(libinit2.o)
    0x08000222   0x08000222   0x00000000   Code   RO         7000    .ARM.Collect$$libinit$$0000001F  c_w.l(libinit2.o)
    0x08000222   0x08000222   0x00000000   Code   RO         7002    .ARM.Collect$$libinit$$00000021  c_w.l(libinit2.o)
    0x08000222   0x08000222   0x00000000   Code   RO         7004    .ARM.Collect$$libinit$$00000023  c_w.l(libinit2.o)
    0x08000222   0x08000222   0x00000000   Code   RO         7006    .ARM.Collect$$libinit$$00000025  c_w.l(libinit2.o)
    0x08000222   0x08000222   0x00000000   Code   RO         7010    .ARM.Collect$$libinit$$0000002C  c_w.l(libinit2.o)
    0x08000222   0x08000222   0x00000000   Code   RO         7012    .ARM.Collect$$libinit$$0000002E  c_w.l(libinit2.o)
    0x08000222   0x08000222   0x00000000   Code   RO         7014    .ARM.Collect$$libinit$$00000030  c_w.l(libinit2.o)
    0x08000222   0x08000222   0x00000000   Code   RO         7016    .ARM.Collect$$libinit$$00000032  c_w.l(libinit2.o)
    0x08000222   0x08000222   0x00000002   Code   RO         7017    .ARM.Collect$$libinit$$00000033  c_w.l(libinit2.o)
    0x08000224   0x08000224   0x00000002   Code   RO         7037    .ARM.Collect$$libshutdown$$00000000  c_w.l(libshutdown.o)
    0x08000226   0x08000226   0x00000000   Code   RO         7050    .ARM.Collect$$libshutdown$$00000002  c_w.l(libshutdown2.o)
    0x08000226   0x08000226   0x00000000   Code   RO         7052    .ARM.Collect$$libshutdown$$00000004  c_w.l(libshutdown2.o)
    0x08000226   0x08000226   0x00000000   Code   RO         7055    .ARM.Collect$$libshutdown$$00000007  c_w.l(libshutdown2.o)
    0x08000226   0x08000226   0x00000000   Code   RO         7058    .ARM.Collect$$libshutdown$$0000000A  c_w.l(libshutdown2.o)
    0x08000226   0x08000226   0x00000000   Code   RO         7060    .ARM.Collect$$libshutdown$$0000000C  c_w.l(libshutdown2.o)
    0x08000226   0x08000226   0x00000000   Code   RO         7063    .ARM.Collect$$libshutdown$$0000000F  c_w.l(libshutdown2.o)
    0x08000226   0x08000226   0x00000002   Code   RO         7064    .ARM.Collect$$libshutdown$$00000010  c_w.l(libshutdown2.o)
    0x08000228   0x08000228   0x00000000   Code   RO         6942    .ARM.Collect$$rtentry$$00000000  c_w.l(__rtentry.o)
    0x08000228   0x08000228   0x00000000   Code   RO         6944    .ARM.Collect$$rtentry$$00000002  c_w.l(__rtentry2.o)
    0x08000228   0x08000228   0x00000006   Code   RO         6956    .ARM.Collect$$rtentry$$00000004  c_w.l(__rtentry4.o)
    0x0800022e   0x0800022e   0x00000000   Code   RO         6946    .ARM.Collect$$rtentry$$00000009  c_w.l(__rtentry2.o)
    0x0800022e   0x0800022e   0x00000004   Code   RO         6947    .ARM.Collect$$rtentry$$0000000A  c_w.l(__rtentry2.o)
    0x08000232   0x08000232   0x00000000   Code   RO         6949    .ARM.Collect$$rtentry$$0000000C  c_w.l(__rtentry2.o)
    0x08000232   0x08000232   0x00000008   Code   RO         6950    .ARM.Collect$$rtentry$$0000000D  c_w.l(__rtentry2.o)
    0x0800023a   0x0800023a   0x00000002   Code   RO         6971    .ARM.Collect$$rtexit$$00000000  c_w.l(rtexit.o)
    0x0800023c   0x0800023c   0x00000000   Code   RO         7019    .ARM.Collect$$rtexit$$00000002  c_w.l(rtexit2.o)
    0x0800023c   0x0800023c   0x00000004   Code   RO         7020    .ARM.Collect$$rtexit$$00000003  c_w.l(rtexit2.o)
    0x08000240   0x08000240   0x00000006   Code   RO         7021    .ARM.Collect$$rtexit$$00000004  c_w.l(rtexit2.o)
    0x08000246   0x08000246   0x00000002   PAD
    0x08000248   0x08000248   0x00000040   Code   RO            4    .text               startup_stm32f429_439xx.o
    0x08000288   0x08000288   0x000000f4   Code   RO         5702    .text               context_rvds.o
    0x0800037c   0x0800037c   0x00000048   Code   RO         6922    .text               c_w.l(strcpy.o)
    0x080003c4   0x080003c4   0x0000003e   Code   RO         6924    .text               c_w.l(strlen.o)
    0x08000402   0x08000402   0x00000096   Code   RO         6926    .text               c_w.l(strncmp.o)
    0x08000498   0x08000498   0x00000018   Code   RO         6928    .text               c_w.l(strcat.o)
    0x080004b0   0x080004b0   0x00000064   Code   RO         6930    .text               c_w.l(rt_memcpy_w.o)
    0x08000514   0x08000514   0x00000044   Code   RO         6932    .text               c_w.l(rt_memclr.o)
    0x08000558   0x08000558   0x0000004e   Code   RO         6934    .text               c_w.l(rt_memclr_w.o)
    0x080005a6   0x080005a6   0x00000056   Code   RO         6936    .text               c_w.l(strncpy.o)
    0x080005fc   0x080005fc   0x00000006   Code   RO         6938    .text               c_w.l(heapauxi.o)
    0x08000602   0x08000602   0x0000004a   Code   RO         6958    .text               c_w.l(sys_stackheap_outer.o)
    0x0800064c   0x0800064c   0x00000012   Code   RO         6960    .text               c_w.l(exit.o)
    0x0800065e   0x0800065e   0x00000002   PAD
    0x08000660   0x08000660   0x00000008   Code   RO         6968    .text               c_w.l(libspace.o)
    0x08000668   0x08000668   0x0000000c   Code   RO         7029    .text               c_w.l(sys_exit.o)
    0x08000674   0x08000674   0x00000002   Code   RO         7040    .text               c_w.l(use_no_semi.o)
    0x08000676   0x08000676   0x00000000   Code   RO         7042    .text               c_w.l(indicate_semi.o)
    0x08000676   0x08000676   0x0000000a   Code   RO         5807    i.$Sub$$main        components.o
    0x08000680   0x08000680   0x00000002   Code   RO         5226    i.BusFault_Handler  stm32f4xx_it.o
    0x08000682   0x08000682   0x00000002   Code   RO         5227    i.DebugMon_Handler  stm32f4xx_it.o
    0x08000684   0x08000684   0x00000028   Code   RO         5228    i.EXTI3_IRQHandler  stm32f4xx_it.o
    0x080006ac   0x080006ac   0x0000000c   Code   RO         1485    i.EXTI_ClearITPendingBit  stm32f4xx_exti.o
    0x080006b8   0x080006b8   0x00000014   Code   RO         1489    i.EXTI_GetITStatus  stm32f4xx_exti.o
    0x080006cc   0x080006cc   0x00000070   Code   RO         1490    i.EXTI_Init         stm32f4xx_exti.o
    0x0800073c   0x0800073c   0x00000074   Code   RO         5325    i.EXTI_Key_Config   bsp_exti.o
    0x080007b0   0x080007b0   0x000000a2   Code   RO         2046    i.GPIO_Init         stm32f4xx_gpio.o
    0x08000852   0x08000852   0x00000020   Code   RO         2047    i.GPIO_PinAFConfig  stm32f4xx_gpio.o
    0x08000872   0x08000872   0x00000002   PAD
    0x08000874   0x08000874   0x00000044   Code   RO         5301    i.LED_GPIO_Config   bsp_led.o
    0x080008b8   0x080008b8   0x00000002   Code   RO         5229    i.MemManage_Handler  stm32f4xx_it.o
    0x080008ba   0x080008ba   0x00000002   Code   RO         5230    i.NMI_Handler       stm32f4xx_it.o
    0x080008bc   0x080008bc   0x00000064   Code   RO          164    i.NVIC_Init         misc.o
    0x08000920   0x08000920   0x00000014   Code   RO          165    i.NVIC_PriorityGroupConfig  misc.o
    0x08000934   0x08000934   0x00000018   Code   RO         2960    i.RCC_AHB1PeriphClockCmd  stm32f4xx_rcc.o
    0x0800094c   0x0800094c   0x00000018   Code   RO         2972    i.RCC_APB2PeriphClockCmd  stm32f4xx_rcc.o
    0x08000964   0x08000964   0x00000094   Code   RO         2981    i.RCC_GetClocksFreq  stm32f4xx_rcc.o
    0x080009f8   0x080009f8   0x00000002   Code   RO         5231    i.SVC_Handler       stm32f4xx_it.o
    0x080009fa   0x080009fa   0x00000002   PAD
    0x080009fc   0x080009fc   0x00000030   Code   RO         4280    i.SYSCFG_EXTILineConfig  stm32f4xx_syscfg.o
    0x08000a2c   0x08000a2c   0x000000d0   Code   RO           13    i.SetSysClock       system_stm32f4xx.o
    0x08000afc   0x08000afc   0x00000004   Code   RO         5232    i.SysTick_Handler   stm32f4xx_it.o
    0x08000b00   0x08000b00   0x0000007c   Code   RO           14    i.SystemCoreClockUpdate  system_stm32f4xx.o
    0x08000b7c   0x08000b7c   0x00000050   Code   RO           15    i.SystemInit        system_stm32f4xx.o
    0x08000bcc   0x08000bcc   0x00000006   Code   RO         4888    i.USART_ClearFlag   stm32f4xx_usart.o
    0x08000bd2   0x08000bd2   0x00000014   Code   RO         4892    i.USART_Cmd         stm32f4xx_usart.o
    0x08000be6   0x08000be6   0x0000000e   Code   RO         4895    i.USART_GetFlagStatus  stm32f4xx_usart.o
    0x08000bf4   0x08000bf4   0x000000ac   Code   RO         4899    i.USART_Init        stm32f4xx_usart.o
    0x08000ca0   0x08000ca0   0x00000008   Code   RO         4906    i.USART_ReceiveData  stm32f4xx_usart.o
    0x08000ca8   0x08000ca8   0x00000008   Code   RO         4909    i.USART_SendData    stm32f4xx_usart.o
    0x08000cb0   0x08000cb0   0x00000002   Code   RO         5233    i.UsageFault_Handler  stm32f4xx_it.o
    0x08000cb2   0x08000cb2   0x00000002   PAD
    0x08000cb4   0x08000cb4   0x00000044   Code   RO         6208    i.__rt_ffs          kservice.o
    0x08000cf8   0x08000cf8   0x000000cc   Code   RO         5554    i._msh_exec_cmd     msh.o
    0x08000dc4   0x08000dc4   0x000000bc   Code   RO         6553    i._rt_scheduler_stack_check  scheduler.o
    0x08000e80   0x08000e80   0x000000ac   Code   RO         6621    i._rt_thread_init   thread.o
    0x08000f2c   0x08000f2c   0x0000001c   Code   RO         6754    i._rt_timer_init    timer.o
    0x08000f48   0x08000f48   0x00000006   Code   RO         6755    i._rt_timer_remove  timer.o
    0x08000f4e   0x08000f4e   0x0000001c   Code   RO         6622    i._thread_cleanup_execute  thread.o
    0x08000f6a   0x08000f6a   0x00000002   PAD
    0x08000f6c   0x08000f6c   0x000000e8   Code   RO         5706    i.bus_fault_track   cpuport.o
    0x08001054   0x08001054   0x0000000a   Code   RO         5555    i.cmd_free          msh.o
    0x0800105e   0x0800105e   0x0000000a   Code   RO         5556    i.cmd_ps            msh.o
    0x08001068   0x08001068   0x00000060   Code   RO         5623    i.finsh_get_prompt  shell.o
    0x080010c8   0x080010c8   0x00000040   Code   RO         5627    i.finsh_set_prompt_mode  shell.o
    0x08001108   0x08001108   0x0000000c   Code   RO         5628    i.finsh_system_function_init  shell.o
    0x08001114   0x08001114   0x00000094   Code   RO         5629    i.finsh_system_init  shell.o
    0x080011a8   0x080011a8   0x0000028c   Code   RO         5631    i.finsh_thread_entry  shell.o
    0x08001434   0x08001434   0x00000078   Code   RO         5707    i.hard_fault_track  cpuport.o
    0x080014ac   0x080014ac   0x00000020   Code   RO         5391    i.hello             cmd.o
    0x080014cc   0x080014cc   0x00000020   Code   RO         5146    i.led1_thread_entry  main.o
    0x080014ec   0x080014ec   0x00000020   Code   RO         5147    i.led2_thread_entry  main.o
    0x0800150c   0x0800150c   0x00000064   Code   RO         5392    i.list              cmd.o
    0x08001570   0x08001570   0x00000130   Code   RO         5393    i.list_event        cmd.o
    0x080016a0   0x080016a0   0x00000024   Code   RO         5394    i.list_find_init    cmd.o
    0x080016c4   0x080016c4   0x00000066   Code   RO         5395    i.list_get_next     cmd.o
    0x0800172a   0x0800172a   0x00000002   PAD
    0x0800172c   0x0800172c   0x00000144   Code   RO         5396    i.list_mailbox      cmd.o
    0x08001870   0x08001870   0x0000006c   Code   RO         6397    i.list_mem          mem.o
    0x080018dc   0x080018dc   0x00000128   Code   RO         5397    i.list_msgqueue     cmd.o
    0x08001a04   0x08001a04   0x000000f8   Code   RO         5398    i.list_mutex        cmd.o
    0x08001afc   0x08001afc   0x0000011c   Code   RO         5399    i.list_sem          cmd.o
    0x08001c18   0x08001c18   0x000001b8   Code   RO         5400    i.list_thread       cmd.o
    0x08001dd0   0x08001dd0   0x00000140   Code   RO         5401    i.list_timer        cmd.o
    0x08001f10   0x08001f10   0x000000ac   Code   RO         5148    i.main              main.o
    0x08001fbc   0x08001fbc   0x0000000e   Code   RO         5808    i.main_thread_entry  components.o
    0x08001fca   0x08001fca   0x00000002   PAD
    0x08001fcc   0x08001fcc   0x000000d8   Code   RO         5708    i.mem_manage_fault_track  cpuport.o
    0x080020a4   0x080020a4   0x000000ac   Code   RO         5557    i.msh_auto_complete  msh.o
    0x08002150   0x08002150   0x00000064   Code   RO         5558    i.msh_exec          msh.o
    0x080021b4   0x080021b4   0x00000078   Code   RO         5559    i.msh_help          msh.o
    0x0800222c   0x0800222c   0x00000004   Code   RO         5560    i.msh_is_used       msh.o
    0x08002230   0x08002230   0x000000d0   Code   RO         5561    i.msh_split         msh.o
    0x08002300   0x08002300   0x00000098   Code   RO         5349    i.myuart_init       bsp_uart.o
    0x08002398   0x08002398   0x00000018   Code   RO         5402    i.object_split      cmd.o
    0x080023b0   0x080023b0   0x000000e8   Code   RO         6398    i.plug_holes        mem.o
    0x08002498   0x08002498   0x00000130   Code   RO         6210    i.print_number      kservice.o
    0x080025c8   0x080025c8   0x00000050   Code   RO         5809    i.rt_application_init  components.o
    0x08002618   0x08002618   0x0000006c   Code   RO         6211    i.rt_assert_handler  kservice.o
    0x08002684   0x08002684   0x0000001a   Code   RO         6399    i.rt_calloc         mem.o
    0x0800269e   0x0800269e   0x00000002   PAD
    0x080026a0   0x080026a0   0x00000048   Code   RO         5810    i.rt_components_board_init  components.o
    0x080026e8   0x080026e8   0x00000070   Code   RO         5811    i.rt_components_init  components.o
    0x08002758   0x08002758   0x0000001c   Code   RO         6555    i.rt_enter_critical  scheduler.o
    0x08002774   0x08002774   0x00000038   Code   RO         6556    i.rt_exit_critical  scheduler.o
    0x080027ac   0x080027ac   0x000001c0   Code   RO         6400    i.rt_free           mem.o
    0x0800296c   0x0800296c   0x00000008   Code   RO         6855    i.rt_heap_begin_get  board.o
    0x08002974   0x08002974   0x00000008   Code   RO         6856    i.rt_heap_end_get   board.o
    0x0800297c   0x0800297c   0x0000005c   Code   RO         6857    i.rt_hw_board_init  board.o
    0x080029d8   0x080029d8   0x00000038   Code   RO         6858    i.rt_hw_console_getchar  board.o
    0x08002a10   0x08002a10   0x0000004c   Code   RO         6859    i.rt_hw_console_output  board.o
    0x08002a5c   0x08002a5c   0x00000218   Code   RO         5712    i.rt_hw_hard_fault_exception  cpuport.o
    0x08002c74   0x08002c74   0x00000038   Code   RO         5713    i.rt_hw_stack_init  cpuport.o
    0x08002cac   0x08002cac   0x0000001c   Code   RO         6181    i.rt_interrupt_enter  irq.o
    0x08002cc8   0x08002cc8   0x00000018   Code   RO         6182    i.rt_interrupt_get_nest  irq.o
    0x08002ce0   0x08002ce0   0x0000001c   Code   RO         6183    i.rt_interrupt_leave  irq.o
    0x08002cfc   0x08002cfc   0x0000000e   Code   RO         5923    i.rt_ipc_list_resume  ipc.o
    0x08002d0a   0x08002d0a   0x00000002   PAD
    0x08002d0c   0x08002d0c   0x00000052   Code   RO         5925    i.rt_ipc_list_suspend  ipc.o
    0x08002d5e   0x08002d5e   0x00000002   PAD
    0x08002d60   0x08002d60   0x00000020   Code   RO         6216    i.rt_kprintf        kservice.o
    0x08002d80   0x08002d80   0x0000000e   Code   RO         6465    i.rt_list_insert_after  object.o
    0x08002d8e   0x08002d8e   0x0000000e   Code   RO         6623    i.rt_list_insert_after  thread.o
    0x08002d9c   0x08002d9c   0x0000000e   Code   RO         6756    i.rt_list_insert_after  timer.o
    0x08002daa   0x08002daa   0x0000000e   Code   RO         5926    i.rt_list_insert_before  ipc.o
    0x08002db8   0x08002db8   0x00000012   Code   RO         5403    i.rt_list_len       cmd.o
    0x08002dca   0x08002dca   0x00000012   Code   RO         6466    i.rt_list_remove    object.o
    0x08002ddc   0x08002ddc   0x00000012   Code   RO         6624    i.rt_list_remove    thread.o
    0x08002dee   0x08002dee   0x00000012   Code   RO         6757    i.rt_list_remove    timer.o
    0x08002e00   0x08002e00   0x000001ec   Code   RO         6401    i.rt_malloc         mem.o
    0x08002fec   0x08002fec   0x00000032   Code   RO         6221    i.rt_memmove        kservice.o
    0x0800301e   0x0800301e   0x00000002   PAD
    0x08003020   0x08003020   0x00000046   Code   RO         6222    i.rt_memset         kservice.o
    0x08003066   0x08003066   0x00000002   PAD
    0x08003068   0x08003068   0x000000d0   Code   RO         6467    i.rt_object_allocate  object.o
    0x08003138   0x08003138   0x0000008c   Code   RO         6468    i.rt_object_delete  object.o
    0x080031c4   0x080031c4   0x00000048   Code   RO         6469    i.rt_object_detach  object.o
    0x0800320c   0x0800320c   0x00000024   Code   RO         6471    i.rt_object_get_information  object.o
    0x08003230   0x08003230   0x00000034   Code   RO         6474    i.rt_object_get_type  object.o
    0x08003264   0x08003264   0x000000a4   Code   RO         6475    i.rt_object_init    object.o
    0x08003308   0x08003308   0x00000038   Code   RO         6476    i.rt_object_is_systemobject  object.o
    0x08003340   0x08003340   0x00000012   Code   RO         6860    i.rt_os_tick_callback  board.o
    0x08003352   0x08003352   0x00000002   PAD
    0x08003354   0x08003354   0x00000060   Code   RO         6557    i.rt_schedule       scheduler.o
    0x080033b4   0x080033b4   0x00000074   Code   RO         6558    i.rt_schedule_insert_thread  scheduler.o
    0x08003428   0x08003428   0x00000070   Code   RO         6559    i.rt_schedule_remove_thread  scheduler.o
    0x08003498   0x08003498   0x0000006c   Code   RO         5955    i.rt_sem_init       ipc.o
    0x08003504   0x08003504   0x00000084   Code   RO         5956    i.rt_sem_release    ipc.o
    0x08003588   0x08003588   0x00000160   Code   RO         5957    i.rt_sem_take       ipc.o
    0x080036e8   0x080036e8   0x000000b0   Code   RO         6224    i.rt_show_version   kservice.o
    0x08003798   0x08003798   0x00000026   Code   RO         6232    i.rt_strncpy        kservice.o
    0x080037be   0x080037be   0x00000002   PAD
    0x080037c0   0x080037c0   0x00000108   Code   RO         6404    i.rt_system_heap_init  mem.o
    0x080038c8   0x080038c8   0x00000034   Code   RO         6560    i.rt_system_scheduler_init  scheduler.o
    0x080038fc   0x080038fc   0x00000028   Code   RO         6561    i.rt_system_scheduler_start  scheduler.o
    0x08003924   0x08003924   0x0000000c   Code   RO         6758    i.rt_system_timer_init  timer.o
    0x08003930   0x08003930   0x00000002   Code   RO         6759    i.rt_system_timer_thread_init  timer.o
    0x08003932   0x08003932   0x00000048   Code   RO         6626    i.rt_thread_create  thread.o
    0x0800397a   0x0800397a   0x00000004   Code   RO         6627    i.rt_thread_delay   thread.o
    0x0800397e   0x0800397e   0x00000002   PAD
    0x08003980   0x08003980   0x0000005c   Code   RO         6631    i.rt_thread_exit    thread.o
    0x080039dc   0x080039dc   0x00000006   Code   RO         5880    i.rt_thread_idle_entry  idle.o
    0x080039e2   0x080039e2   0x00000002   PAD
    0x080039e4   0x080039e4   0x0000009c   Code   RO         5881    i.rt_thread_idle_excute  idle.o
    0x08003a80   0x08003a80   0x00000038   Code   RO         5883    i.rt_thread_idle_init  idle.o
    0x08003ab8   0x08003ab8   0x00000080   Code   RO         6633    i.rt_thread_init    thread.o
    0x08003b38   0x08003b38   0x0000007c   Code   RO         6635    i.rt_thread_resume  thread.o
    0x08003bb4   0x08003bb4   0x0000000c   Code   RO         6636    i.rt_thread_self    thread.o
    0x08003bc0   0x08003bc0   0x00000080   Code   RO         6637    i.rt_thread_sleep   thread.o
    0x08003c40   0x08003c40   0x000000bc   Code   RO         6638    i.rt_thread_startup  thread.o
    0x08003cfc   0x08003cfc   0x00000084   Code   RO         6639    i.rt_thread_suspend  thread.o
    0x08003d80   0x08003d80   0x000000b4   Code   RO         6640    i.rt_thread_timeout  thread.o
    0x08003e34   0x08003e34   0x00000060   Code   RO         6641    i.rt_thread_yield   thread.o
    0x08003e94   0x08003e94   0x0000000c   Code   RO         5771    i.rt_tick_get       clock.o
    0x08003ea0   0x08003ea0   0x0000002c   Code   RO         5772    i.rt_tick_increase  clock.o
    0x08003ecc   0x08003ecc   0x0000008c   Code   RO         6760    i.rt_timer_check    timer.o
    0x08003f58   0x08003f58   0x000000c0   Code   RO         6761    i.rt_timer_control  timer.o
    0x08004018   0x08004018   0x000000dc   Code   RO         6764    i.rt_timer_detach   timer.o
    0x080040f4   0x080040f4   0x00000050   Code   RO         6765    i.rt_timer_init     timer.o
    0x08004144   0x08004144   0x00000130   Code   RO         6767    i.rt_timer_start    timer.o
    0x08004274   0x08004274   0x000000a8   Code   RO         6768    i.rt_timer_stop     timer.o
    0x0800431c   0x0800431c   0x00000284   Code   RO         6235    i.rt_vsnprintf      kservice.o
    0x080045a0   0x080045a0   0x00000004   Code   RO         5812    i.rti_board_end     components.o
    0x080045a4   0x080045a4   0x00000004   Code   RO         5813    i.rti_board_start   components.o
    0x080045a8   0x080045a8   0x00000004   Code   RO         5814    i.rti_end           components.o
    0x080045ac   0x080045ac   0x00000004   Code   RO         5815    i.rti_start         components.o
    0x080045b0   0x080045b0   0x0000002a   Code   RO         5816    i.rtthread_startup  components.o
    0x080045da   0x080045da   0x00000002   PAD
    0x080045dc   0x080045dc   0x00000030   Code   RO         5404    i.show_wait_queue   cmd.o
    0x0800460c   0x0800460c   0x00000028   Code   RO         6237    i.skip_atoi         kservice.o
    0x08004634   0x08004634   0x00000004   Code   RO         6861    i.uart_init         board.o
    0x08004638   0x08004638   0x000000d0   Code   RO         5714    i.usage_fault_track  cpuport.o
    0x08004708   0x08004708   0x0000000a   Code   RO         5405    i.version           cmd.o
    0x08004712   0x08004712   0x0000000e   Data   RO         5562    .constdata          msh.o
    0x08004720   0x08004720   0x00000012   Data   RO         5633    .constdata          shell.o
    0x08004732   0x08004732   0x0000004a   Data   RO         5634    .constdata          shell.o
    0x0800477c   0x0800477c   0x0000000a   Data   RO         5817    .constdata          components.o
    0x08004786   0x08004786   0x00000010   Data   RO         5818    .constdata          components.o
    0x08004796   0x08004796   0x0000000e   Data   RO         5819    .constdata          components.o
    0x080047a4   0x080047a4   0x00000008   Data   RO         5820    .constdata          components.o
    0x080047ac   0x080047ac   0x00000014   Data   RO         5821    .constdata          components.o
    0x080047c0   0x080047c0   0x00000016   Data   RO         5885    .constdata          idle.o
    0x080047d6   0x080047d6   0x000001fc   Data   RO         5959    .constdata          ipc.o
    0x080049d2   0x080049d2   0x00000122   Data   RO         6239    .constdata          kservice.o
    0x08004af4   0x08004af4   0x0000003c   Data   RO         6406    .constdata          mem.o
    0x08004b30   0x08004b30   0x00000080   Data   RO         6478    .constdata          object.o
    0x08004bb0   0x08004bb0   0x0000004e   Data   RO         6563    .constdata          scheduler.o
    0x08004bfe   0x08004bfe   0x000000c0   Data   RO         6642    .constdata          thread.o
    0x08004cbe   0x08004cbe   0x0000005c   Data   RO         6769    .constdata          timer.o
    0x08004d1a   0x08004d1a   0x0000000a   Data   RO         6863    .constdata          board.o
    0x08004d24   0x08004d24   0x00000044   Data   RO         5406    .conststring        cmd.o
    0x08004d68   0x08004d68   0x00000045   Data   RO         5960    .conststring        ipc.o
    0x08004dad   0x08004dad   0x00000003   PAD
    0x08004db0   0x08004db0   0x000000eb   Data   RO         6407    .conststring        mem.o
    0x08004e9b   0x08004e9b   0x00000001   PAD
    0x08004e9c   0x08004e9c   0x00000042   Data   RO         6643    .conststring        thread.o
    0x08004ede   0x08004ede   0x00000006   Data   RO         5407    .rodata.name        cmd.o
    0x08004ee4   0x08004ee4   0x00000010   Data   RO         5408    .rodata.name        cmd.o
    0x08004ef4   0x08004ef4   0x00000008   Data   RO         5409    .rodata.name        cmd.o
    0x08004efc   0x08004efc   0x00000023   Data   RO         5410    .rodata.name        cmd.o
    0x08004f1f   0x08004f1f   0x0000000e   Data   RO         5411    .rodata.name        cmd.o
    0x08004f2d   0x08004f2d   0x00000023   Data   RO         5412    .rodata.name        cmd.o
    0x08004f50   0x08004f50   0x0000000c   Data   RO         5413    .rodata.name        cmd.o
    0x08004f5c   0x08004f5c   0x0000000c   Data   RO         5414    .rodata.name        cmd.o
    0x08004f68   0x08004f68   0x00000012   Data   RO         5415    .rodata.name        cmd.o
    0x08004f7a   0x08004f7a   0x0000000c   Data   RO         5416    .rodata.name        cmd.o
    0x08004f86   0x08004f86   0x00000009   Data   RO         5417    .rodata.name        cmd.o
    0x08004f8f   0x08004f8f   0x00000019   Data   RO         5418    .rodata.name        cmd.o
    0x08004fa8   0x08004fa8   0x0000000f   Data   RO         5419    .rodata.name        cmd.o
    0x08004fb7   0x08004fb7   0x00000019   Data   RO         5420    .rodata.name        cmd.o
    0x08004fd0   0x08004fd0   0x0000000b   Data   RO         5421    .rodata.name        cmd.o
    0x08004fdb   0x08004fdb   0x00000015   Data   RO         5422    .rodata.name        cmd.o
    0x08004ff0   0x08004ff0   0x00000011   Data   RO         5423    .rodata.name        cmd.o
    0x08005001   0x08005001   0x00000015   Data   RO         5424    .rodata.name        cmd.o
    0x08005016   0x08005016   0x0000000b   Data   RO         5425    .rodata.name        cmd.o
    0x08005021   0x08005021   0x00000015   Data   RO         5426    .rodata.name        cmd.o
    0x08005036   0x08005036   0x00000011   Data   RO         5427    .rodata.name        cmd.o
    0x08005047   0x08005047   0x00000015   Data   RO         5428    .rodata.name        cmd.o
    0x0800505c   0x0800505c   0x0000000d   Data   RO         5429    .rodata.name        cmd.o
    0x08005069   0x08005069   0x00000018   Data   RO         5430    .rodata.name        cmd.o
    0x08005081   0x08005081   0x00000013   Data   RO         5431    .rodata.name        cmd.o
    0x08005094   0x08005094   0x00000018   Data   RO         5432    .rodata.name        cmd.o
    0x080050ac   0x080050ac   0x0000000e   Data   RO         5433    .rodata.name        cmd.o
    0x080050ba   0x080050ba   0x0000001d   Data   RO         5434    .rodata.name        cmd.o
    0x080050d7   0x080050d7   0x00000014   Data   RO         5435    .rodata.name        cmd.o
    0x080050eb   0x080050eb   0x0000001d   Data   RO         5436    .rodata.name        cmd.o
    0x08005108   0x08005108   0x0000000b   Data   RO         5437    .rodata.name        cmd.o
    0x08005113   0x08005113   0x00000015   Data   RO         5438    .rodata.name        cmd.o
    0x08005128   0x08005128   0x00000011   Data   RO         5439    .rodata.name        cmd.o
    0x08005139   0x08005139   0x00000015   Data   RO         5440    .rodata.name        cmd.o
    0x0800514e   0x0800514e   0x00000005   Data   RO         5441    .rodata.name        cmd.o
    0x08005153   0x08005153   0x0000001a   Data   RO         5442    .rodata.name        cmd.o
    0x0800516d   0x0800516d   0x0000000b   Data   RO         5563    .rodata.name        msh.o
    0x08005178   0x08005178   0x00000016   Data   RO         5564    .rodata.name        msh.o
    0x0800518e   0x0800518e   0x00000009   Data   RO         5565    .rodata.name        msh.o
    0x08005197   0x08005197   0x0000001c   Data   RO         5566    .rodata.name        msh.o
    0x080051b3   0x080051b3   0x0000000b   Data   RO         5567    .rodata.name        msh.o
    0x080051be   0x080051be   0x00000025   Data   RO         5568    .rodata.name        msh.o
    0x080051e3   0x080051e3   0x00000009   Data   RO         6409    .rodata.name        mem.o
    0x080051ec   0x080051ec   0x0000001e   Data   RO         6410    .rodata.name        mem.o
    0x0800520a   0x0800520a   0x00000002   PAD
    0x0800520c   0x0800520c   0x00000008   Data   RO         5822    .rti_fn.0           components.o
    0x08005214   0x08005214   0x00000008   Data   RO         5823    .rti_fn.0.end       components.o
    0x0800521c   0x0800521c   0x00000008   Data   RO         6864    .rti_fn.1           board.o
    0x08005224   0x08005224   0x00000008   Data   RO         5824    .rti_fn.1.end       components.o
    0x0800522c   0x0800522c   0x00000008   Data   RO         5636    .rti_fn.6           shell.o
    0x08005234   0x08005234   0x00000008   Data   RO         5825    .rti_fn.6.end       components.o
    0x0800523c   0x0800523c   0x000000d8   Data   RO         5443    FSymTab             cmd.o
    0x08005314   0x08005314   0x00000024   Data   RO         5569    FSymTab             msh.o
    0x08005338   0x08005338   0x0000000c   Data   RO         6411    FSymTab             mem.o
    0x08005344   0x08005344   0x00000020   Data   RO         7095    Region$$Table       anon$$obj.o


    Execution Region RW_IRAM1 (Exec base: 0x20000000, Load base: 0x08005364, Size: 0x00004810, Max: 0x00030000, ABSOLUTE)

    Exec Addr    Load Addr    Size         Type   Attr      Idx    E Section Name        Object

    0x20000000   0x08005364   0x00000014   Data   RW           16    .data               system_stm32f4xx.o
    0x20000014   0x08005378   0x00000010   Data   RW         3013    .data               stm32f4xx_rcc.o
    0x20000024   0x08005388   0x00000008   Data   RW         5149    .data               main.o
    0x2000002c   0x08005390   0x00000018   Data   RW         5635    .data               shell.o
    0x20000044   0x080053a8   0x00000004   Data   RW         5716    .data               cpuport.o
    0x20000048   0x080053ac   0x00000004   Data   RW         5717    .data               cpuport.o
    0x2000004c   0x080053b0   0x00000004   Data   RW         5718    .data               cpuport.o
    0x20000050   0x080053b4   0x00000004   Data   RW         5719    .data               cpuport.o
    0x20000054   0x080053b8   0x00000004   Data   RW         5774    .data               clock.o
    0x20000058   0x080053bc   0x00000001   Data   RW         6184    .data               irq.o
    0x20000059   0x080053bd   0x00000003   PAD
    0x2000005c   0x080053c0   0x00000008   Data   RW         6240    .data               kservice.o
    0x20000064   0x080053c8   0x00000018   Data   RW         6408    .data               mem.o
    0x2000007c   0x080053e0   0x00000070   Data   RW         6479    .data               object.o
    0x200000ec   0x08005450   0x00000014   Data   RW         6564    .data               scheduler.o
    0x20000100   0x08005464   0x0000000c   Data   RW         6770    .data               timer.o
    0x2000010c        -       0x00000101   Zero   RW         5632    .bss                shell.o
    0x2000020d   0x08005470   0x00000003   PAD
    0x20000210        -       0x00000180   Zero   RW         5884    .bss                idle.o
    0x20000390        -       0x00000100   Zero   RW         6238    .bss                kservice.o
    0x20000490        -       0x00000020   Zero   RW         6405    .bss                mem.o
    0x200004b0        -       0x00000100   Zero   RW         6562    .bss                scheduler.o
    0x200005b0        -       0x00003c00   Zero   RW         6862    .bss                board.o
    0x200041b0        -       0x00000060   Zero   RW         6969    .bss                c_w.l(libspace.o)
    0x20004210        -       0x00000200   Zero   RW            2    HEAP                startup_stm32f429_439xx.o
    0x20004410        -       0x00000400   Zero   RW            1    STACK               startup_stm32f429_439xx.o


==============================================================================

Image component sizes


      Code (inc. data)   RO Data    RW Data    ZI Data      Debug   Object Name

       262         26         18          0      15360      30565   board.o
       116          6          0          0          0        994   bsp_exti.o
        68          4          0          0          0        518   bsp_led.o
       152         10          0          0          0        634   bsp_uart.o
        56         12          0          4          0       1241   clock.o
      2586        986        939          0          0      18827   cmd.o
       346        138        100          0          0       6560   components.o
       244         28          0          0          0        876   context_rvds.o
      1368        734          0         16          0       6194   cpuport.o
       218         70         22          0        384       5290   idle.o
       702        188        577          0          0      35532   ipc.o
        80         18          0          1          0       2278   irq.o
      1530        220        290          8        256      11460   kservice.o
       236         92          0          8          0       9205   main.o
      1570        680        346         24         32       6988   mem.o
       120         14          0          0          0       1627   misc.o
       828        178        168          0          0       8220   msh.o
       760        270        128        112          0      10494   object.o
       688        214         78         20        256       9258   scheduler.o
       972        160        100         24        257      10942   shell.o
        64         26        428          0       1536        936   startup_stm32f429_439xx.o
       144         14          0          0          0       2284   stm32f4xx_exti.o
       194          0          0          0          0       1891   stm32f4xx_gpio.o
        56          6          0          0          0       3432   stm32f4xx_it.o
       196         28          0         16          0       4298   stm32f4xx_rcc.o
        48          6          0          0          0        692   stm32f4xx_syscfg.o
       228          8          0          0          0       4654   stm32f4xx_usart.o
       412         54          0         20          0     279813   system_stm32f4xx.o
      1388        388        258          0          0      16478   thread.o
      1184        462         92         12          0      12166   timer.o

    ----------------------------------------------------------------------
     16848       5040       3582        268      18084     504347   Object Totals
         0          0         32          0          0          0   (incl. Generated)
        32          0          6          3          3          0   (incl. Padding)

    ----------------------------------------------------------------------

      Code (inc. data)   RO Data    RW Data    ZI Data      Debug   Library Member Name

         8          0          0          0          0         68   __main.o
         0          0          0          0          0          0   __rtentry.o
        12          0          0          0          0          0   __rtentry2.o
         6          0          0          0          0          0   __rtentry4.o
        52          8          0          0          0          0   __scatter.o
        26          0          0          0          0          0   __scatter_copy.o
        28          0          0          0          0          0   __scatter_zi.o
        18          0          0          0          0         80   exit.o
         6          0          0          0          0        152   heapauxi.o
         0          0          0          0          0          0   indicate_semi.o
         2          0          0          0          0          0   libinit.o
         2          0          0          0          0          0   libinit2.o
         2          0          0          0          0          0   libshutdown.o
         2          0          0          0          0          0   libshutdown2.o
         8          4          0          0         96         68   libspace.o
        68          0          0          0          0         68   rt_memclr.o
        78          0          0          0          0         80   rt_memclr_w.o
       100          0          0          0          0         80   rt_memcpy_w.o
         2          0          0          0          0          0   rtexit.o
        10          0          0          0          0          0   rtexit2.o
        24          0          0          0          0         68   strcat.o
        72          0          0          0          0         80   strcpy.o
        62          0          0          0          0         76   strlen.o
       150          0          0          0          0         80   strncmp.o
        86          0          0          0          0         76   strncpy.o
        12          4          0          0          0         68   sys_exit.o
        74          0          0          0          0         80   sys_stackheap_outer.o
         2          0          0          0          0         68   use_no_semi.o

    ----------------------------------------------------------------------
       918         16          0          0         96       1192   Library Totals
         6          0          0          0          0          0   (incl. Padding)

    ----------------------------------------------------------------------

      Code (inc. data)   RO Data    RW Data    ZI Data      Debug   Library Name

       912         16          0          0         96       1192   c_w.l

    ----------------------------------------------------------------------
       918         16          0          0         96       1192   Library Totals

    ----------------------------------------------------------------------

==============================================================================


      Code (inc. data)   RO Data    RW Data    ZI Data      Debug   

     17766       5056       3582        268      18180     496903   Grand Totals
     17766       5056       3582        268      18180     496903   ELF Image Totals
     17766       5056       3582        268          0          0   ROM Totals

==============================================================================

    Total RO  Size (Code + RO Data)                21348 (  20.85kB)
    Total RW  Size (RW Data + ZI Data)             18448 (  18.02kB)
    Total ROM Size (Code + RO Data + RW Data)      21616 (  21.11kB)

==============================================================================

