Component: ARM Compiler 5.06 update 4 (build 422) Tool: armlink [4d35d2]

==============================================================================

Section Cross References

    startup_stm32f429_439xx.o(STACK) refers (Special) to heapauxi.o(.text) for __use_two_region_memory
    startup_stm32f429_439xx.o(HEAP) refers (Special) to heapauxi.o(.text) for __use_two_region_memory
    startup_stm32f429_439xx.o(RESET) refers (Special) to heapauxi.o(.text) for __use_two_region_memory
    startup_stm32f429_439xx.o(RESET) refers to startup_stm32f429_439xx.o(STACK) for __initial_sp
    startup_stm32f429_439xx.o(RESET) refers to startup_stm32f429_439xx.o(.text) for Reset_Handler
    startup_stm32f429_439xx.o(RESET) refers to stm32f4xx_it.o(i.NMI_Handler) for NMI_Handler
    startup_stm32f429_439xx.o(RESET) refers to context_rvds.o(.text) for HardFault_Handler
    startup_stm32f429_439xx.o(RESET) refers to stm32f4xx_it.o(i.MemManage_Handler) for MemManage_Handler
    startup_stm32f429_439xx.o(RESET) refers to stm32f4xx_it.o(i.BusFault_Handler) for BusFault_Handler
    startup_stm32f429_439xx.o(RESET) refers to stm32f4xx_it.o(i.UsageFault_Handler) for UsageFault_Handler
    startup_stm32f429_439xx.o(RESET) refers to stm32f4xx_it.o(i.SVC_Handler) for SVC_Handler
    startup_stm32f429_439xx.o(RESET) refers to stm32f4xx_it.o(i.DebugMon_Handler) for DebugMon_Handler
    startup_stm32f429_439xx.o(RESET) refers to stm32f4xx_it.o(i.SysTick_Handler) for SysTick_Handler
    startup_stm32f429_439xx.o(RESET) refers to stm32f4xx_it.o(i.EXTI3_IRQHandler) for EXTI3_IRQHandler
    startup_stm32f429_439xx.o(.text) refers (Special) to heapauxi.o(.text) for __use_two_region_memory
    startup_stm32f429_439xx.o(.text) refers to system_stm32f4xx.o(i.SystemInit) for SystemInit
    startup_stm32f429_439xx.o(.text) refers to __main.o(!!!main) for __main
    startup_stm32f429_439xx.o(.text) refers to startup_stm32f429_439xx.o(HEAP) for Heap_Mem
    startup_stm32f429_439xx.o(.text) refers to startup_stm32f429_439xx.o(STACK) for Stack_Mem
    system_stm32f4xx.o(i.SystemCoreClockUpdate) refers to system_stm32f4xx.o(.data) for .data
    system_stm32f4xx.o(i.SystemInit) refers to system_stm32f4xx.o(i.SetSysClock) for SetSysClock
    stm32f4xx_adc.o(i.ADC_DeInit) refers to stm32f4xx_rcc.o(i.RCC_APB2PeriphResetCmd) for RCC_APB2PeriphResetCmd
    stm32f4xx_can.o(i.CAN_DeInit) refers to stm32f4xx_rcc.o(i.RCC_APB1PeriphResetCmd) for RCC_APB1PeriphResetCmd
    stm32f4xx_can.o(i.CAN_GetITStatus) refers to stm32f4xx_can.o(i.CheckITStatus) for CheckITStatus
    stm32f4xx_cryp.o(i.CRYP_DeInit) refers to stm32f4xx_rcc.o(i.RCC_AHB2PeriphResetCmd) for RCC_AHB2PeriphResetCmd
    stm32f4xx_cryp_aes.o(i.CRYP_AES_CBC) refers to stm32f4xx_cryp.o(i.CRYP_KeyStructInit) for CRYP_KeyStructInit
    stm32f4xx_cryp_aes.o(i.CRYP_AES_CBC) refers to stm32f4xx_cryp.o(i.CRYP_KeyInit) for CRYP_KeyInit
    stm32f4xx_cryp_aes.o(i.CRYP_AES_CBC) refers to stm32f4xx_cryp.o(i.CRYP_Init) for CRYP_Init
    stm32f4xx_cryp_aes.o(i.CRYP_AES_CBC) refers to stm32f4xx_cryp.o(i.CRYP_IVInit) for CRYP_IVInit
    stm32f4xx_cryp_aes.o(i.CRYP_AES_CBC) refers to stm32f4xx_cryp.o(i.CRYP_FIFOFlush) for CRYP_FIFOFlush
    stm32f4xx_cryp_aes.o(i.CRYP_AES_CBC) refers to stm32f4xx_cryp.o(i.CRYP_Cmd) for CRYP_Cmd
    stm32f4xx_cryp_aes.o(i.CRYP_AES_CBC) refers to stm32f4xx_cryp.o(i.CRYP_GetCmdStatus) for CRYP_GetCmdStatus
    stm32f4xx_cryp_aes.o(i.CRYP_AES_CBC) refers to stm32f4xx_cryp.o(i.CRYP_GetFlagStatus) for CRYP_GetFlagStatus
    stm32f4xx_cryp_aes.o(i.CRYP_AES_CBC) refers to stm32f4xx_cryp.o(i.CRYP_DataIn) for CRYP_DataIn
    stm32f4xx_cryp_aes.o(i.CRYP_AES_CBC) refers to stm32f4xx_cryp.o(i.CRYP_DataOut) for CRYP_DataOut
    stm32f4xx_cryp_aes.o(i.CRYP_AES_CCM) refers to stm32f4xx_cryp.o(i.CRYP_KeyStructInit) for CRYP_KeyStructInit
    stm32f4xx_cryp_aes.o(i.CRYP_AES_CCM) refers to stm32f4xx_cryp.o(i.CRYP_FIFOFlush) for CRYP_FIFOFlush
    stm32f4xx_cryp_aes.o(i.CRYP_AES_CCM) refers to stm32f4xx_cryp.o(i.CRYP_KeyInit) for CRYP_KeyInit
    stm32f4xx_cryp_aes.o(i.CRYP_AES_CCM) refers to stm32f4xx_cryp.o(i.CRYP_IVInit) for CRYP_IVInit
    stm32f4xx_cryp_aes.o(i.CRYP_AES_CCM) refers to stm32f4xx_cryp.o(i.CRYP_Init) for CRYP_Init
    stm32f4xx_cryp_aes.o(i.CRYP_AES_CCM) refers to stm32f4xx_cryp.o(i.CRYP_PhaseConfig) for CRYP_PhaseConfig
    stm32f4xx_cryp_aes.o(i.CRYP_AES_CCM) refers to stm32f4xx_cryp.o(i.CRYP_DataIn) for CRYP_DataIn
    stm32f4xx_cryp_aes.o(i.CRYP_AES_CCM) refers to stm32f4xx_cryp.o(i.CRYP_Cmd) for CRYP_Cmd
    stm32f4xx_cryp_aes.o(i.CRYP_AES_CCM) refers to stm32f4xx_cryp.o(i.CRYP_GetCmdStatus) for CRYP_GetCmdStatus
    stm32f4xx_cryp_aes.o(i.CRYP_AES_CCM) refers to stm32f4xx_cryp.o(i.CRYP_GetFlagStatus) for CRYP_GetFlagStatus
    stm32f4xx_cryp_aes.o(i.CRYP_AES_CCM) refers to stm32f4xx_cryp.o(i.CRYP_DataOut) for CRYP_DataOut
    stm32f4xx_cryp_aes.o(i.CRYP_AES_CTR) refers to stm32f4xx_cryp.o(i.CRYP_KeyStructInit) for CRYP_KeyStructInit
[...]
    __FUNCTION__                             0x08004e77   Data          14  timer.o(.constdata)
    __FUNCTION__                             0x08004e85   Data          17  timer.o(.constdata)
    .constdata                               0x08004e96   Section       10  board.o(.constdata)
    .conststring                             0x08004ea0   Section       68  cmd.o(.conststring)
    .conststring                             0x08004ee4   Section       69  ipc.o(.conststring)
    .conststring                             0x08004f2c   Section      235  mem.o(.conststring)
    .conststring                             0x08005018   Section       66  thread.o(.conststring)
    .rodata.name                             0x0800505a   Section        6  cmd.o(.rodata.name)
    .rodata.name                             0x08005060   Section       16  cmd.o(.rodata.name)
    .rodata.name                             0x08005070   Section        8  cmd.o(.rodata.name)
    .rodata.name                             0x08005078   Section       35  cmd.o(.rodata.name)
    .rodata.name                             0x0800509b   Section       14  cmd.o(.rodata.name)
    .rodata.name                             0x080050a9   Section       35  cmd.o(.rodata.name)
    .rodata.name                             0x080050cc   Section       12  cmd.o(.rodata.name)
    .rodata.name                             0x080050d8   Section       12  cmd.o(.rodata.name)
    .rodata.name                             0x080050e4   Section       18  cmd.o(.rodata.name)
    .rodata.name                             0x080050f6   Section       12  cmd.o(.rodata.name)
    .rodata.name                             0x08005102   Section        9  cmd.o(.rodata.name)
    .rodata.name                             0x0800510b   Section       25  cmd.o(.rodata.name)
    .rodata.name                             0x08005124   Section       15  cmd.o(.rodata.name)
    .rodata.name                             0x08005133   Section       25  cmd.o(.rodata.name)
    .rodata.name                             0x0800514c   Section       11  cmd.o(.rodata.name)
    .rodata.name                             0x08005157   Section       21  cmd.o(.rodata.name)
    .rodata.name                             0x0800516c   Section       17  cmd.o(.rodata.name)
    .rodata.name                             0x0800517d   Section       21  cmd.o(.rodata.name)
    .rodata.name                             0x08005192   Section       11  cmd.o(.rodata.name)
    .rodata.name                             0x0800519d   Section       21  cmd.o(.rodata.name)
    .rodata.name                             0x080051b2   Section       17  cmd.o(.rodata.name)
    .rodata.name                             0x080051c3   Section       21  cmd.o(.rodata.name)
    .rodata.name                             0x080051d8   Section       13  cmd.o(.rodata.name)
    .rodata.name                             0x080051e5   Section       24  cmd.o(.rodata.name)
    .rodata.name                             0x080051fd   Section       19  cmd.o(.rodata.name)
    .rodata.name                             0x08005210   Section       24  cmd.o(.rodata.name)
    .rodata.name                             0x08005228   Section       14  cmd.o(.rodata.name)
    .rodata.name                             0x08005236   Section       29  cmd.o(.rodata.name)
    .rodata.name                             0x08005253   Section       20  cmd.o(.rodata.name)
    .rodata.name                             0x08005267   Section       29  cmd.o(.rodata.name)
    .rodata.name                             0x08005284   Section       11  cmd.o(.rodata.name)
    .rodata.name                             0x0800528f   Section       21  cmd.o(.rodata.name)
    .rodata.name                             0x080052a4   Section       17  cmd.o(.rodata.name)
    .rodata.name                             0x080052b5   Section       21  cmd.o(.rodata.name)
    .rodata.name                             0x080052ca   Section        5  cmd.o(.rodata.name)
    .rodata.name                             0x080052cf   Section       26  cmd.o(.rodata.name)
    .rodata.name                             0x080052e9   Section       11  msh.o(.rodata.name)
    .rodata.name                             0x080052f4   Section       22  msh.o(.rodata.name)
    .rodata.name                             0x0800530a   Section        9  msh.o(.rodata.name)
    .rodata.name                             0x08005313   Section       28  msh.o(.rodata.name)
    .rodata.name                             0x0800532f   Section       11  msh.o(.rodata.name)
    .rodata.name                             0x0800533a   Section       37  msh.o(.rodata.name)
    .rodata.name                             0x0800535f   Section        9  mem.o(.rodata.name)
    .rodata.name                             0x08005368   Section       30  mem.o(.rodata.name)
    .rti_fn.0                                0x08005388   Section        8  components.o(.rti_fn.0)
    __tagsym$$used                           0x08005388   Number         0  components.o(.rti_fn.0)
    .rti_fn.0.end                            0x08005390   Section        8  components.o(.rti_fn.0.end)
    __tagsym$$used                           0x08005390   Number         0  components.o(.rti_fn.0.end)
    .rti_fn.1                                0x08005398   Section        8  board.o(.rti_fn.1)
    __tagsym$$used                           0x08005398   Number         0  board.o(.rti_fn.1)
    .rti_fn.1.end                            0x080053a0   Section        8  components.o(.rti_fn.1.end)
    __tagsym$$used                           0x080053a0   Number         0  components.o(.rti_fn.1.end)
    .rti_fn.6                                0x080053a8   Section        8  shell.o(.rti_fn.6)
    __tagsym$$used                           0x080053a8   Number         0  shell.o(.rti_fn.6)
    .rti_fn.6.end                            0x080053b0   Section        8  components.o(.rti_fn.6.end)
    __tagsym$$used                           0x080053b0   Number         0  components.o(.rti_fn.6.end)
    FSymTab                                  0x080053b8   Section      216  cmd.o(FSymTab)
    __tagsym$$used                           0x080053b8   Number         0  cmd.o(FSymTab)
    __tagsym$$used                           0x080053c4   Number         0  cmd.o(FSymTab)
    __tagsym$$used                           0x080053d0   Number         0  cmd.o(FSymTab)
    __tagsym$$used                           0x080053dc   Number         0  cmd.o(FSymTab)
    __tagsym$$used                           0x080053e8   Number         0  cmd.o(FSymTab)
    __tagsym$$used                           0x080053f4   Number         0  cmd.o(FSymTab)
    __tagsym$$used                           0x08005400   Number         0  cmd.o(FSymTab)
    __tagsym$$used                           0x0800540c   Number         0  cmd.o(FSymTab)
    __tagsym$$used                           0x08005418   Number         0  cmd.o(FSymTab)
    __tagsym$$used                           0x08005424   Number         0  cmd.o(FSymTab)
    __tagsym$$used                           0x08005430   Number         0  cmd.o(FSymTab)
    __tagsym$$used                           0x0800543c   Number         0  cmd.o(FSymTab)
    __tagsym$$used                           0x08005448   Number         0  cmd.o(FSymTab)
    __tagsym$$used                           0x08005454   Number         0  cmd.o(FSymTab)
    __tagsym$$used                           0x08005460   Number         0  cmd.o(FSymTab)
    __tagsym$$used                           0x0800546c   Number         0  cmd.o(FSymTab)
    __tagsym$$used                           0x08005478   Number         0  cmd.o(FSymTab)
    __tagsym$$used                           0x08005484   Number         0  cmd.o(FSymTab)
    FSymTab                                  0x08005490   Section       36  msh.o(FSymTab)
    __tagsym$$used                           0x08005490   Number         0  msh.o(FSymTab)
    __tagsym$$used                           0x0800549c   Number         0  msh.o(FSymTab)
    __tagsym$$used                           0x080054a8   Number         0  msh.o(FSymTab)
    FSymTab                                  0x080054b4   Section       12  mem.o(FSymTab)
    __tagsym$$used                           0x080054b4   Number         0  mem.o(FSymTab)
    .data                                    0x20000000   Section       20  system_stm32f4xx.o(.data)
    .data                                    0x20000014   Section       16  stm32f4xx_rcc.o(.data)
    APBAHBPrescTable                         0x20000014   Data          16  stm32f4xx_rcc.o(.data)
    .data                                    0x20000024   Section       24  shell.o(.data)
    finsh_prompt_custom                      0x20000034   Data           4  shell.o(.data)
    .data                                    0x2000003c   Section        4  cpuport.o(.data)
    rt_exception_hook                        0x2000003c   Data           4  cpuport.o(.data)
    .data                                    0x20000040   Section        4  cpuport.o(.data)
    .data                                    0x20000044   Section        4  cpuport.o(.data)
    .data                                    0x20000048   Section        4  cpuport.o(.data)
    .data                                    0x2000004c   Section        4  clock.o(.data)
    rt_tick                                  0x2000004c   Data           4  clock.o(.data)
    .data                                    0x20000050   Section        1  irq.o(.data)
    .data                                    0x20000054   Section        8  kservice.o(.data)
    __rt_errno                               0x20000054   Data           4  kservice.o(.data)
    .data                                    0x2000005c   Section       24  mem.o(.data)
    heap_ptr                                 0x2000005c   Data           4  mem.o(.data)
    heap_end                                 0x20000060   Data           4  mem.o(.data)
    lfree                                    0x20000064   Data           4  mem.o(.data)
    mem_size_aligned                         0x20000068   Data           4  mem.o(.data)
    used_mem                                 0x2000006c   Data           4  mem.o(.data)
    max_mem                                  0x20000070   Data           4  mem.o(.data)
    .data                                    0x20000074   Section      112  object.o(.data)
    rt_object_container                      0x20000074   Data         112  object.o(.data)
    .data                                    0x200000e4   Section       20  scheduler.o(.data)
    rt_scheduler_lock_nest                   0x200000e6   Data           2  scheduler.o(.data)
    .data                                    0x200000f8   Section       12  timer.o(.data)
    random_nr                                0x200000f8   Data           4  timer.o(.data)
    rt_timer_list                            0x200000fc   Data           8  timer.o(.data)
    .bss                                     0x20000104   Section      257  shell.o(.bss)
    finsh_prompt                             0x20000104   Data         257  shell.o(.bss)
    .bss                                     0x20000208   Section      384  idle.o(.bss)
    idle                                     0x20000208   Data         128  idle.o(.bss)
    rt_thread_stack                          0x20000288   Data         256  idle.o(.bss)
    .bss                                     0x20000388   Section      256  kservice.o(.bss)
    rt_log_buf                               0x20000388   Data         256  kservice.o(.bss)
    .bss                                     0x20000488   Section       32  mem.o(.bss)
    heap_sem                                 0x20000488   Data          32  mem.o(.bss)
    .bss                                     0x200004a8   Section      256  scheduler.o(.bss)
    .bss                                     0x200005a8   Section    15360  board.o(.bss)
    rt_heap                                  0x200005a8   Data       15360  board.o(.bss)
    .bss                                     0x200041a8   Section       96  libspace.o(.bss)
    HEAP                                     0x20004208   Section      512  startup_stm32f429_439xx.o(HEAP)
    Heap_Mem                                 0x20004208   Data         512  startup_stm32f429_439xx.o(HEAP)
    STACK                                    0x20004408   Section     1024  startup_stm32f429_439xx.o(STACK)
    Stack_Mem                                0x20004408   Data        1024  startup_stm32f429_439xx.o(STACK)
    __initial_sp                             0x20004808   Data           0  startup_stm32f429_439xx.o(STACK)

    Global Symbols

    Symbol Name                              Value     Ov Type        Size  Object(Section)

    BuildAttributes$$THM_ISAv4$E$P$D$K$B$S$7EM$PE$A:L22UL41UL21$X:L11$S22US41US21$IEEE1$IW$USESV6$~STKCKD$USESV7$~SHL$OSPACE$ROPI$EBA8$UX$STANDARDLIB$REQ8$PRES8$EABIv2 0x00000000   Number         0  anon$$obj.o ABSOLUTE
    __ARM_use_no_argv                        0x00000000   Number         0  main.o ABSOLUTE
    __ARM_exceptions_init                     - Undefined Weak Reference
    __alloca_initialize                       - Undefined Weak Reference
    __arm_preinit_                            - Undefined Weak Reference
    __cpp_initialize__aeabi_                  - Undefined Weak Reference
    __cxa_finalize                            - Undefined Weak Reference
    __rt_locale                               - Undefined Weak Reference
    __sigvec_lookup                           - Undefined Weak Reference
    _atexit_init                              - Undefined Weak Reference
    _call_atexit_fns                          - Undefined Weak Reference
    _clock_init                               - Undefined Weak Reference
    _fp_trap_init                             - Undefined Weak Reference
    _fp_trap_shutdown                         - Undefined Weak Reference
    _get_lc_collate                           - Undefined Weak Reference
    _get_lc_ctype                             - Undefined Weak Reference
    _get_lc_monetary                          - Undefined Weak Reference
    _get_lc_numeric                           - Undefined Weak Reference
    _get_lc_time                              - Undefined Weak Reference
    _getenv_init                              - Undefined Weak Reference
    _handle_redirection                       - Undefined Weak Reference
    _init_alloc                               - Undefined Weak Reference
    _init_user_alloc                          - Undefined Weak Reference
    _initio                                   - Undefined Weak Reference
    _rand_init                                - Undefined Weak Reference
    _signal_finish                            - Undefined Weak Reference
    _signal_init                              - Undefined Weak Reference
    _terminate_alloc                          - Undefined Weak Reference
    _terminate_user_alloc                     - Undefined Weak Reference
    _terminateio                              - Undefined Weak Reference
    __Vectors_Size                           0x000001ac   Number         0  startup_stm32f429_439xx.o ABSOLUTE
    __Vectors                                0x08000000   Data           4  startup_stm32f429_439xx.o(RESET)
    __Vectors_End                            0x080001ac   Data           0  startup_stm32f429_439xx.o(RESET)
    __main                                   0x080001ad   Thumb Code     8  __main.o(!!!main)
    __scatterload                            0x080001b5   Thumb Code     0  __scatter.o(!!!scatter)
    __scatterload_rt2                        0x080001b5   Thumb Code    44  __scatter.o(!!!scatter)
    __scatterload_rt2_thumb_only             0x080001b5   Thumb Code     0  __scatter.o(!!!scatter)
    __scatterload_null                       0x080001c3   Thumb Code     0  __scatter.o(!!!scatter)
    __scatterload_copy                       0x080001e9   Thumb Code    26  __scatter_copy.o(!!handler_copy)
    __scatterload_zeroinit                   0x08000205   Thumb Code    28  __scatter_zi.o(!!handler_zi)
    __rt_lib_init                            0x08000221   Thumb Code     0  libinit.o(.ARM.Collect$$libinit$$00000000)
    __rt_lib_init_alloca_1                   0x08000223   Thumb Code     0  libinit2.o(.ARM.Collect$$libinit$$0000002E)
    __rt_lib_init_argv_1                     0x08000223   Thumb Code     0  libinit2.o(.ARM.Collect$$libinit$$0000002C)
    __rt_lib_init_atexit_1                   0x08000223   Thumb Code     0  libinit2.o(.ARM.Collect$$libinit$$0000001B)
    __rt_lib_init_clock_1                    0x08000223   Thumb Code     0  libinit2.o(.ARM.Collect$$libinit$$00000021)
    __rt_lib_init_cpp_1                      0x08000223   Thumb Code     0  libinit2.o(.ARM.Collect$$libinit$$00000032)
    __rt_lib_init_exceptions_1               0x08000223   Thumb Code     0  libinit2.o(.ARM.Collect$$libinit$$00000030)
    __rt_lib_init_fp_1                       0x08000223   Thumb Code     0  libinit2.o(.ARM.Collect$$libinit$$00000002)
    __rt_lib_init_fp_trap_1                  0x08000223   Thumb Code     0  libinit2.o(.ARM.Collect$$libinit$$0000001F)
    __rt_lib_init_getenv_1                   0x08000223   Thumb Code     0  libinit2.o(.ARM.Collect$$libinit$$00000023)
    __rt_lib_init_heap_1                     0x08000223   Thumb Code     0  libinit2.o(.ARM.Collect$$libinit$$0000000A)
    __rt_lib_init_lc_collate_1               0x08000223   Thumb Code     0  libinit2.o(.ARM.Collect$$libinit$$00000011)
    __rt_lib_init_lc_ctype_1                 0x08000223   Thumb Code     0  libinit2.o(.ARM.Collect$$libinit$$00000013)
    __rt_lib_init_lc_monetary_1              0x08000223   Thumb Code     0  libinit2.o(.ARM.Collect$$libinit$$00000015)
    __rt_lib_init_lc_numeric_1               0x08000223   Thumb Code     0  libinit2.o(.ARM.Collect$$libinit$$00000017)
    __rt_lib_init_lc_time_1                  0x08000223   Thumb Code     0  libinit2.o(.ARM.Collect$$libinit$$00000019)
    __rt_lib_init_preinit_1                  0x08000223   Thumb Code     0  libinit2.o(.ARM.Collect$$libinit$$00000004)
    __rt_lib_init_rand_1                     0x08000223   Thumb Code     0  libinit2.o(.ARM.Collect$$libinit$$0000000E)
    __rt_lib_init_return                     0x08000223   Thumb Code     0  libinit2.o(.ARM.Collect$$libinit$$00000033)
    __rt_lib_init_signal_1                   0x08000223   Thumb Code     0  libinit2.o(.ARM.Collect$$libinit$$0000001D)
    __rt_lib_init_stdio_1                    0x08000223   Thumb Code     0  libinit2.o(.ARM.Collect$$libinit$$00000025)
    __rt_lib_init_user_alloc_1               0x08000223   Thumb Code     0  libinit2.o(.ARM.Collect$$libinit$$0000000C)
    __rt_lib_shutdown                        0x08000225   Thumb Code     0  libshutdown.o(.ARM.Collect$$libshutdown$$00000000)
    __rt_lib_shutdown_cpp_1                  0x08000227   Thumb Code     0  libshutdown2.o(.ARM.Collect$$libshutdown$$00000002)
    __rt_lib_shutdown_fp_trap_1              0x08000227   Thumb Code     0  libshutdown2.o(.ARM.Collect$$libshutdown$$00000007)
    __rt_lib_shutdown_heap_1                 0x08000227   Thumb Code     0  libshutdown2.o(.ARM.Collect$$libshutdown$$0000000F)
    __rt_lib_shutdown_return                 0x08000227   Thumb Code     0  libshutdown2.o(.ARM.Collect$$libshutdown$$00000010)
    __rt_lib_shutdown_signal_1               0x08000227   Thumb Code     0  libshutdown2.o(.ARM.Collect$$libshutdown$$0000000A)
    __rt_lib_shutdown_stdio_1                0x08000227   Thumb Code     0  libshutdown2.o(.ARM.Collect$$libshutdown$$00000004)
    __rt_lib_shutdown_user_alloc_1           0x08000227   Thumb Code     0  libshutdown2.o(.ARM.Collect$$libshutdown$$0000000C)
    __rt_entry                               0x08000229   Thumb Code     0  __rtentry.o(.ARM.Collect$$rtentry$$00000000)
    __rt_entry_presh_1                       0x08000229   Thumb Code     0  __rtentry2.o(.ARM.Collect$$rtentry$$00000002)
    __rt_entry_sh                            0x08000229   Thumb Code     0  __rtentry4.o(.ARM.Collect$$rtentry$$00000004)
    __rt_entry_li                            0x0800022f   Thumb Code     0  __rtentry2.o(.ARM.Collect$$rtentry$$0000000A)
    __rt_entry_postsh_1                      0x0800022f   Thumb Code     0  __rtentry2.o(.ARM.Collect$$rtentry$$00000009)
    __rt_entry_main                          0x08000233   Thumb Code     0  __rtentry2.o(.ARM.Collect$$rtentry$$0000000D)
    __rt_entry_postli_1                      0x08000233   Thumb Code     0  __rtentry2.o(.ARM.Collect$$rtentry$$0000000C)
    __rt_exit                                0x0800023b   Thumb Code     0  rtexit.o(.ARM.Collect$$rtexit$$00000000)
    __rt_exit_ls                             0x0800023d   Thumb Code     0  rtexit2.o(.ARM.Collect$$rtexit$$00000003)
    __rt_exit_prels_1                        0x0800023d   Thumb Code     0  rtexit2.o(.ARM.Collect$$rtexit$$00000002)
    __rt_exit_exit                           0x08000241   Thumb Code     0  rtexit2.o(.ARM.Collect$$rtexit$$00000004)
    Reset_Handler                            0x08000249   Thumb Code     8  startup_stm32f429_439xx.o(.text)
    ADC_IRQHandler                           0x08000263   Thumb Code     0  startup_stm32f429_439xx.o(.text)
    CAN1_RX0_IRQHandler                      0x08000263   Thumb Code     0  startup_stm32f429_439xx.o(.text)
    CAN1_RX1_IRQHandler                      0x08000263   Thumb Code     0  startup_stm32f429_439xx.o(.text)
    CAN1_SCE_IRQHandler                      0x08000263   Thumb Code     0  startup_stm32f429_439xx.o(.text)
    CAN1_TX_IRQHandler                       0x08000263   Thumb Code     0  startup_stm32f429_439xx.o(.text)
    CAN2_RX0_IRQHandler                      0x08000263   Thumb Code     0  startup_stm32f429_439xx.o(.text)
    CAN2_RX1_IRQHandler                      0x08000263   Thumb Code     0  startup_stm32f429_439xx.o(.text)
    CAN2_SCE_IRQHandler                      0x08000263   Thumb Code     0  startup_stm32f429_439xx.o(.text)
    CAN2_TX_IRQHandler                       0x08000263   Thumb Code     0  startup_stm32f429_439xx.o(.text)
    CRYP_IRQHandler                          0x08000263   Thumb Code     0  startup_stm32f429_439xx.o(.text)
    DCMI_IRQHandler                          0x08000263   Thumb Code     0  startup_stm32f429_439xx.o(.text)
    DMA1_Stream0_IRQHandler                  0x08000263   Thumb Code     0  startup_stm32f429_439xx.o(.text)
    DMA1_Stream1_IRQHandler                  0x08000263   Thumb Code     0  startup_stm32f429_439xx.o(.text)
    DMA1_Stream2_IRQHandler                  0x08000263   Thumb Code     0  startup_stm32f429_439xx.o(.text)
    DMA1_Stream3_IRQHandler                  0x08000263   Thumb Code     0  startup_stm32f429_439xx.o(.text)
    DMA1_Stream4_IRQHandler                  0x08000263   Thumb Code     0  startup_stm32f429_439xx.o(.text)
    DMA1_Stream5_IRQHandler                  0x08000263   Thumb Code     0  startup_stm32f429_439xx.o(.text)
    DMA1_Stream6_IRQHandler                  0x08000263   Thumb Code     0  startup_stm32f429_439xx.o(.text)
    DMA1_Stream7_IRQHandler                  0x08000263   Thumb Code     0  startup_stm32f429_439xx.o(.text)
    DMA2D_IRQHandler                         0x08000263   Thumb Code     0  startup_stm32f429_439xx.o(.text)
    DMA2_Stream0_IRQHandler                  0x08000263   Thumb Code     0  startup_stm32f429_439xx.o(.text)
    DMA2_Stream1_IRQHandler                  0x08000263   Thumb Code     0  startup_stm32f429_439xx.o(.text)
    DMA2_Stream2_IRQHandler                  0x08000263   Thumb Code     0  startup_stm32f429_439xx.o(.text)
    DMA2_Stream3_IRQHandler                  0x08000263   Thumb Code     0  startup_stm32f429_439xx.o(.text)
    DMA2_Stream4_IRQHandler                  0x08000263   Thumb Code     0  startup_stm32f429_439xx.o(.text)
    DMA2_Stream5_IRQHandler                  0x08000263   Thumb Code     0  startup_stm32f429_439xx.o(.text)
    DMA2_Stream6_IRQHandler                  0x08000263   Thumb Code     0  startup_stm32f429_439xx.o(.text)
    DMA2_Stream7_IRQHandler                  0x08000263   Thumb Code     0  startup_stm32f429_439xx.o(.text)
    ETH_IRQHandler                           0x08000263   Thumb Code     0  startup_stm32f429_439xx.o(.text)
    ETH_WKUP_IRQHandler                      0x08000263   Thumb Code     0  startup_stm32f429_439xx.o(.text)
    EXTI0_IRQHandler                         0x08000263   Thumb Code     0  startup_stm32f429_439xx.o(.text)
    EXTI15_10_IRQHandler                     0x08000263   Thumb Code     0  startup_stm32f429_439xx.o(.text)
    EXTI1_IRQHandler                         0x08000263   Thumb Code     0  startup_stm32f429_439xx.o(.text)
    EXTI2_IRQHandler                         0x08000263   Thumb Code     0  startup_stm32f429_439xx.o(.text)
    EXTI4_IRQHandler                         0x08000263   Thumb Code     0  startup_stm32f429_439xx.o(.text)
    EXTI9_5_IRQHandler                       0x08000263   Thumb Code     0  startup_stm32f429_439xx.o(.text)
    FLASH_IRQHandler                         0x08000263   Thumb Code     0  startup_stm32f429_439xx.o(.text)
    FMC_IRQHandler                           0x08000263   Thumb Code     0  startup_stm32f429_439xx.o(.text)
    FPU_IRQHandler                           0x08000263   Thumb Code     0  startup_stm32f429_439xx.o(.text)
    HASH_RNG_IRQHandler                      0x08000263   Thumb Code     0  startup_stm32f429_439xx.o(.text)
    I2C1_ER_IRQHandler                       0x08000263   Thumb Code     0  startup_stm32f429_439xx.o(.text)
    I2C1_EV_IRQHandler                       0x08000263   Thumb Code     0  startup_stm32f429_439xx.o(.text)
    I2C2_ER_IRQHandler                       0x08000263   Thumb Code     0  startup_stm32f429_439xx.o(.text)
    I2C2_EV_IRQHandler                       0x08000263   Thumb Code     0  startup_stm32f429_439xx.o(.text)
    I2C3_ER_IRQHandler                       0x08000263   Thumb Code     0  startup_stm32f429_439xx.o(.text)
    I2C3_EV_IRQHandler                       0x08000263   Thumb Code     0  startup_stm32f429_439xx.o(.text)
    LTDC_ER_IRQHandler                       0x08000263   Thumb Code     0  startup_stm32f429_439xx.o(.text)
    LTDC_IRQHandler                          0x08000263   Thumb Code     0  startup_stm32f429_439xx.o(.text)
    OTG_FS_IRQHandler                        0x08000263   Thumb Code     0  startup_stm32f429_439xx.o(.text)
    OTG_FS_WKUP_IRQHandler                   0x08000263   Thumb Code     0  startup_stm32f429_439xx.o(.text)
    OTG_HS_EP1_IN_IRQHandler                 0x08000263   Thumb Code     0  startup_stm32f429_439xx.o(.text)
    OTG_HS_EP1_OUT_IRQHandler                0x08000263   Thumb Code     0  startup_stm32f429_439xx.o(.text)
    OTG_HS_IRQHandler                        0x08000263   Thumb Code     0  startup_stm32f429_439xx.o(.text)
    OTG_HS_WKUP_IRQHandler                   0x08000263   Thumb Code     0  startup_stm32f429_439xx.o(.text)
    PVD_IRQHandler                           0x08000263   Thumb Code     0  startup_stm32f429_439xx.o(.text)
    RCC_IRQHandler                           0x08000263   Thumb Code     0  startup_stm32f429_439xx.o(.text)
    RTC_Alarm_IRQHandler                     0x08000263   Thumb Code     0  startup_stm32f429_439xx.o(.text)
    RTC_WKUP_IRQHandler                      0x08000263   Thumb Code     0  startup_stm32f429_439xx.o(.text)
    SAI1_IRQHandler                          0x08000263   Thumb Code     0  startup_stm32f429_439xx.o(.text)
    SDIO_IRQHandler                          0x08000263   Thumb Code     0  startup_stm32f429_439xx.o(.text)
    SPI1_IRQHandler                          0x08000263   Thumb Code     0  startup_stm32f429_439xx.o(.text)
    SPI2_IRQHandler                          0x08000263   Thumb Code     0  startup_stm32f429_439xx.o(.text)
    SPI3_IRQHandler                          0x08000263   Thumb Code     0  startup_stm32f429_439xx.o(.text)
    SPI4_IRQHandler                          0x08000263   Thumb Code     0  startup_stm32f429_439xx.o(.text)
    SPI5_IRQHandler                          0x08000263   Thumb Code     0  startup_stm32f429_439xx.o(.text)
    SPI6_IRQHandler                          0x08000263   Thumb Code     0  startup_stm32f429_439xx.o(.text)
    TAMP_STAMP_IRQHandler                    0x08000263   Thumb Code     0  startup_stm32f429_439xx.o(.text)
    TIM1_BRK_TIM9_IRQHandler                 0x08000263   Thumb Code     0  startup_stm32f429_439xx.o(.text)
    TIM1_CC_IRQHandler                       0x08000263   Thumb Code     0  startup_stm32f429_439xx.o(.text)
    TIM1_TRG_COM_TIM11_IRQHandler            0x08000263   Thumb Code     0  startup_stm32f429_439xx.o(.text)
    TIM1_UP_TIM10_IRQHandler                 0x08000263   Thumb Code     0  startup_stm32f429_439xx.o(.text)
    TIM2_IRQHandler                          0x08000263   Thumb Code     0  startup_stm32f429_439xx.o(.text)
    TIM3_IRQHandler                          0x08000263   Thumb Code     0  startup_stm32f429_439xx.o(.text)
    TIM4_IRQHandler                          0x08000263   Thumb Code     0  startup_stm32f429_439xx.o(.text)
    TIM5_IRQHandler                          0x08000263   Thumb Code     0  startup_stm32f429_439xx.o(.text)
    TIM6_DAC_IRQHandler                      0x08000263   Thumb Code     0  startup_stm32f429_439xx.o(.text)
    TIM7_IRQHandler                          0x08000263   Thumb Code     0  startup_stm32f429_439xx.o(.text)
    TIM8_BRK_TIM12_IRQHandler                0x08000263   Thumb Code     0  startup_stm32f429_439xx.o(.text)
    TIM8_CC_IRQHandler                       0x08000263   Thumb Code     0  startup_stm32f429_439xx.o(.text)
    TIM8_TRG_COM_TIM14_IRQHandler            0x08000263   Thumb Code     0  startup_stm32f429_439xx.o(.text)
    TIM8_UP_TIM13_IRQHandler                 0x08000263   Thumb Code     0  startup_stm32f429_439xx.o(.text)
    UART4_IRQHandler                         0x08000263   Thumb Code     0  startup_stm32f429_439xx.o(.text)
    UART5_IRQHandler                         0x08000263   Thumb Code     0  startup_stm32f429_439xx.o(.text)
    UART7_IRQHandler                         0x08000263   Thumb Code     0  startup_stm32f429_439xx.o(.text)
    UART8_IRQHandler                         0x08000263   Thumb Code     0  startup_stm32f429_439xx.o(.text)
    USART1_IRQHandler                        0x08000263   Thumb Code     0  startup_stm32f429_439xx.o(.text)
    USART2_IRQHandler                        0x08000263   Thumb Code     0  startup_stm32f429_439xx.o(.text)
    USART3_IRQHandler                        0x08000263   Thumb Code     0  startup_stm32f429_439xx.o(.text)
    USART6_IRQHandler                        0x08000263   Thumb Code     0  startup_stm32f429_439xx.o(.text)
    WWDG_IRQHandler                          0x08000263   Thumb Code     0  startup_stm32f429_439xx.o(.text)
    __user_initial_stackheap                 0x08000265   Thumb Code     0  startup_stm32f429_439xx.o(.text)
    rt_hw_interrupt_disable                  0x08000289   Thumb Code     8  context_rvds.o(.text)
    rt_hw_interrupt_enable                   0x08000291   Thumb Code     6  context_rvds.o(.text)
    rt_hw_context_switch                     0x08000297   Thumb Code    32  context_rvds.o(.text)
    rt_hw_context_switch_interrupt           0x08000297   Thumb Code     0  context_rvds.o(.text)
    PendSV_Handler                           0x080002b7   Thumb Code    60  context_rvds.o(.text)
    rt_hw_context_switch_to                  0x080002f3   Thumb Code    56  context_rvds.o(.text)
    rt_hw_interrupt_thread_switch            0x0800032b   Thumb Code     2  context_rvds.o(.text)
    HardFault_Handler                        0x0800032d   Thumb Code    52  context_rvds.o(.text)
    strcpy                                   0x0800037d   Thumb Code    72  strcpy.o(.text)
    strlen                                   0x080003c5   Thumb Code    62  strlen.o(.text)
    strncmp                                  0x08000403   Thumb Code   150  strncmp.o(.text)
    strcat                                   0x08000499   Thumb Code    24  strcat.o(.text)
    __aeabi_memcpy4                          0x080004b1   Thumb Code     0  rt_memcpy_w.o(.text)
    __aeabi_memcpy8                          0x080004b1   Thumb Code     0  rt_memcpy_w.o(.text)
    __rt_memcpy_w                            0x080004b1   Thumb Code   100  rt_memcpy_w.o(.text)
    _memcpy_lastbytes_aligned                0x080004f9   Thumb Code     0  rt_memcpy_w.o(.text)
    __aeabi_memclr                           0x08000515   Thumb Code     0  rt_memclr.o(.text)
    __rt_memclr                              0x08000515   Thumb Code    68  rt_memclr.o(.text)
    _memset                                  0x08000519   Thumb Code     0  rt_memclr.o(.text)
    __aeabi_memclr4                          0x08000559   Thumb Code     0  rt_memclr_w.o(.text)
    __aeabi_memclr8                          0x08000559   Thumb Code     0  rt_memclr_w.o(.text)
    __rt_memclr_w                            0x08000559   Thumb Code    78  rt_memclr_w.o(.text)
    _memset_w                                0x0800055d   Thumb Code     0  rt_memclr_w.o(.text)
    strncpy                                  0x080005a7   Thumb Code    86  strncpy.o(.text)
    __use_two_region_memory                  0x080005fd   Thumb Code     2  heapauxi.o(.text)
    __rt_heap_escrow$2region                 0x080005ff   Thumb Code     2  heapauxi.o(.text)
    __rt_heap_expand$2region                 0x08000601   Thumb Code     2  heapauxi.o(.text)
    __user_setup_stackheap                   0x08000603   Thumb Code    74  sys_stackheap_outer.o(.text)
    exit                                     0x0800064d   Thumb Code    18  exit.o(.text)
    __user_libspace                          0x08000661   Thumb Code     8  libspace.o(.text)
    __user_perproc_libspace                  0x08000661   Thumb Code     0  libspace.o(.text)
    __user_perthread_libspace                0x08000661   Thumb Code     0  libspace.o(.text)
    _sys_exit                                0x08000669   Thumb Code     8  sys_exit.o(.text)
    __I$use$semihosting                      0x08000675   Thumb Code     0  use_no_semi.o(.text)
    __use_no_semihosting_swi                 0x08000675   Thumb Code     2  use_no_semi.o(.text)
    __semihosting_library_function           0x08000677   Thumb Code     0  indicate_semi.o(.text)
    main                                     0x08000677   Thumb Code    10  components.o(i.$Sub$$main)
    BusFault_Handler                         0x08000681   Thumb Code     2  stm32f4xx_it.o(i.BusFault_Handler)
    DebugMon_Handler                         0x08000683   Thumb Code     2  stm32f4xx_it.o(i.DebugMon_Handler)
    EXTI3_IRQHandler                         0x08000685   Thumb Code    34  stm32f4xx_it.o(i.EXTI3_IRQHandler)
    EXTI_ClearITPendingBit                   0x080006ad   Thumb Code     6  stm32f4xx_exti.o(i.EXTI_ClearITPendingBit)
    EXTI_GetITStatus                         0x080006b9   Thumb Code    16  stm32f4xx_exti.o(i.EXTI_GetITStatus)
    EXTI_Init                                0x080006cd   Thumb Code   110  stm32f4xx_exti.o(i.EXTI_Init)
    EXTI_Key_Config                          0x08000741   Thumb Code    78  bsp_exti.o(i.EXTI_Key_Config)
    GPIO_Init                                0x08000795   Thumb Code   124  stm32f4xx_gpio.o(i.GPIO_Init)
    GPIO_PinAFConfig                         0x08000811   Thumb Code    32  stm32f4xx_gpio.o(i.GPIO_PinAFConfig)
    LED_GPIO_Config                          0x08000831   Thumb Code    64  bsp_led.o(i.LED_GPIO_Config)
    MemManage_Handler                        0x08000875   Thumb Code     2  stm32f4xx_it.o(i.MemManage_Handler)
    NMI_Handler                              0x08000877   Thumb Code     2  stm32f4xx_it.o(i.NMI_Handler)
    NVIC_Init                                0x080008a1   Thumb Code    98  misc.o(i.NVIC_Init)
    NVIC_PriorityGroupConfig                 0x08000909   Thumb Code    10  misc.o(i.NVIC_PriorityGroupConfig)
    RCC_AHB1PeriphClockCmd                   0x0800091d   Thumb Code    22  stm32f4xx_rcc.o(i.RCC_AHB1PeriphClockCmd)
    RCC_APB2PeriphClockCmd                   0x08000939   Thumb Code    22  stm32f4xx_rcc.o(i.RCC_APB2PeriphClockCmd)
    RCC_GetClocksFreq                        0x08000955   Thumb Code   148  stm32f4xx_rcc.o(i.RCC_GetClocksFreq)
    SVC_Handler                              0x080009f9   Thumb Code     2  stm32f4xx_it.o(i.SVC_Handler)
    SYSCFG_EXTILineConfig                    0x080009fd   Thumb Code    38  stm32f4xx_syscfg.o(i.SYSCFG_EXTILineConfig)
    SysTick_Handler                          0x08000afd   Thumb Code     4  stm32f4xx_it.o(i.SysTick_Handler)
    SystemCoreClockUpdate                    0x08000b01   Thumb Code   120  system_stm32f4xx.o(i.SystemCoreClockUpdate)
    SystemInit                               0x08000b89   Thumb Code    62  system_stm32f4xx.o(i.SystemInit)
    USART_ClearFlag                          0x08000bd9   Thumb Code     8  stm32f4xx_usart.o(i.USART_ClearFlag)
    USART_Cmd                                0x08000be1   Thumb Code    24  stm32f4xx_usart.o(i.USART_Cmd)
    USART_GetFlagStatus                      0x08000bf9   Thumb Code    14  stm32f4xx_usart.o(i.USART_GetFlagStatus)
    USART_Init                               0x08000c09   Thumb Code   180  stm32f4xx_usart.o(i.USART_Init)
    USART_ReceiveData                        0x08000cc5   Thumb Code     8  stm32f4xx_usart.o(i.USART_ReceiveData)
    USART_SendData                           0x08000ccd   Thumb Code     8  stm32f4xx_usart.o(i.USART_SendData)
    UsageFault_Handler                       0x08000cd5   Thumb Code     2  stm32f4xx_it.o(i.UsageFault_Handler)
    __rt_ffs                                 0x08000cd9   Thumb Code    66  kservice.o(i.__rt_ffs)
    cmd_free                                 0x0800105d   Thumb Code    10  msh.o(i.cmd_free)
    cmd_ps                                   0x08001067   Thumb Code    10  msh.o(i.cmd_ps)
    finsh_get_prompt                         0x08001071   Thumb Code    78  shell.o(i.finsh_get_prompt)
    finsh_set_prompt_mode                    0x080010e1   Thumb Code    36  shell.o(i.finsh_set_prompt_mode)
    finsh_system_function_init               0x08001121   Thumb Code     8  shell.o(i.finsh_system_function_init)
    finsh_system_init                        0x0800112d   Thumb Code    90  shell.o(i.finsh_system_init)
    finsh_thread_entry                       0x080011c1   Thumb Code   582  shell.o(i.finsh_thread_entry)
    hello                                    0x080014a1   Thumb Code    12  cmd.o(i.hello)
    list                                     0x080014c1   Thumb Code    50  cmd.o(i.list)
    list_event                               0x08001525   Thumb Code   182  cmd.o(i.list_event)
    list_mailbox                             0x080016e9   Thumb Code   198  cmd.o(i.list_mailbox)
    list_mem                                 0x08001829   Thumb Code    32  mem.o(i.list_mem)
    list_msgqueue                            0x08001895   Thumb Code   190  cmd.o(i.list_msgqueue)
    list_mutex                               0x080019c1   Thumb Code   146  cmd.o(i.list_mutex)
    list_sem                                 0x08001ab9   Thumb Code   190  cmd.o(i.list_sem)
    list_thread                              0x08001bd9   Thumb Code   266  cmd.o(i.list_thread)
    list_timer                               0x08001da1   Thumb Code   164  cmd.o(i.list_timer)
    $Super$$main                             0x08001ee5   Thumb Code    42  main.o(i.main)
    main_thread_entry                        0x08001f15   Thumb Code    14  components.o(i.main_thread_entry)
    msh_auto_complete                        0x08001ffd   Thumb Code   140  msh.o(i.msh_auto_complete)
    msh_exec                                 0x0800209d   Thumb Code    76  msh.o(i.msh_exec)
    msh_help                                 0x08002159   Thumb Code    58  msh.o(i.msh_help)
    msh_is_used                              0x080021d1   Thumb Code     4  msh.o(i.msh_is_used)
    myuart_init                              0x080022a5   Thumb Code   142  bsp_uart.o(i.myuart_init)
    rt_application_init                      0x08002571   Thumb Code    48  components.o(i.rt_application_init)
    rt_assert_handler                        0x080025c1   Thumb Code    50  kservice.o(i.rt_assert_handler)
    rt_calloc                                0x08002631   Thumb Code    28  mem.o(i.rt_calloc)
    rt_components_board_init                 0x0800264d   Thumb Code    36  components.o(i.rt_components_board_init)
    rt_components_init                       0x08002695   Thumb Code    42  components.o(i.rt_components_init)
    rt_enter_critical                        0x08002705   Thumb Code    22  scheduler.o(i.rt_enter_critical)
    rt_exit_critical                         0x08002721   Thumb Code    52  scheduler.o(i.rt_exit_critical)
    rt_free                                  0x08002759   Thumb Code   224  mem.o(i.rt_free)
    rt_heap_begin_get                        0x08002919   Thumb Code     4  board.o(i.rt_heap_begin_get)
    rt_heap_end_get                          0x08002921   Thumb Code     4  board.o(i.rt_heap_end_get)
    rt_hw_board_init                         0x08002929   Thumb Code    74  board.o(i.rt_hw_board_init)
    rt_hw_console_getchar                    0x0800297d   Thumb Code    50  board.o(i.rt_hw_console_getchar)
    rt_hw_console_output                     0x080029b5   Thumb Code    72  board.o(i.rt_hw_console_output)
    rt_hw_hard_fault_exception               0x08002a01   Thumb Code   202  cpuport.o(i.rt_hw_hard_fault_exception)
    rt_hw_stack_init                         0x08002c1d   Thumb Code    56  cpuport.o(i.rt_hw_stack_init)
    rt_interrupt_enter                       0x08002c59   Thumb Code    22  irq.o(i.rt_interrupt_enter)
    rt_interrupt_get_nest                    0x08002c75   Thumb Code    18  irq.o(i.rt_interrupt_get_nest)
    rt_interrupt_leave                       0x08002c8d   Thumb Code    22  irq.o(i.rt_interrupt_leave)
    rt_kprintf                               0x08002d15   Thumb Code    30  kservice.o(i.rt_kprintf)
    rt_malloc                                0x08002de5   Thumb Code   376  mem.o(i.rt_malloc)
    rt_memmove                               0x08002ff5   Thumb Code    52  kservice.o(i.rt_memmove)
    rt_memset                                0x08003029   Thumb Code    70  kservice.o(i.rt_memset)
    rt_object_allocate                       0x08003071   Thumb Code   136  object.o(i.rt_object_allocate)
    rt_object_delete                         0x08003141   Thumb Code    72  object.o(i.rt_object_delete)
    rt_object_detach                         0x080031cd   Thumb Code    48  object.o(i.rt_object_detach)
    rt_object_get_information                0x08003215   Thumb Code    30  object.o(i.rt_object_get_information)
    rt_object_get_type                       0x08003239   Thumb Code    28  object.o(i.rt_object_get_type)
    rt_object_init                           0x0800326d   Thumb Code   120  object.o(i.rt_object_init)
    rt_object_is_systemobject                0x08003311   Thumb Code    34  object.o(i.rt_object_is_systemobject)
    rt_os_tick_callback                      0x0800334d   Thumb Code    18  board.o(i.rt_os_tick_callback)
    rt_schedule                              0x08003361   Thumb Code    98  scheduler.o(i.rt_schedule)
    rt_schedule_insert_thread                0x080033d1   Thumb Code    84  scheduler.o(i.rt_schedule_insert_thread)
    rt_schedule_remove_thread                0x08003445   Thumb Code    90  scheduler.o(i.rt_schedule_remove_thread)
    rt_sem_init                              0x080034c1   Thumb Code    70  ipc.o(i.rt_sem_init)
    rt_sem_release                           0x08003531   Thumb Code   122  ipc.o(i.rt_sem_release)
    rt_sem_take                              0x080035c5   Thumb Code   230  ipc.o(i.rt_sem_take)
    rt_show_version                          0x08003729   Thumb Code    40  kservice.o(i.rt_show_version)
    rt_strncpy                               0x080037d9   Thumb Code    38  kservice.o(i.rt_strncpy)
    rt_system_heap_init                      0x08003801   Thumb Code   140  mem.o(i.rt_system_heap_init)
    rt_system_scheduler_init                 0x08003909   Thumb Code    44  scheduler.o(i.rt_system_scheduler_init)
    rt_system_scheduler_start                0x0800393d   Thumb Code    32  scheduler.o(i.rt_system_scheduler_start)
    rt_system_timer_init                     0x08003965   Thumb Code    20  timer.o(i.rt_system_timer_init)
    rt_system_timer_thread_init              0x0800397d   Thumb Code     2  timer.o(i.rt_system_timer_thread_init)
    rt_thread_create                         0x0800397f   Thumb Code    76  thread.o(i.rt_thread_create)
    rt_thread_exit                           0x080039cd   Thumb Code    80  thread.o(i.rt_thread_exit)
    rt_thread_idle_excute                    0x08003a2d   Thumb Code   116  idle.o(i.rt_thread_idle_excute)
    rt_thread_idle_init                      0x08003ad5   Thumb Code    46  idle.o(i.rt_thread_idle_init)
    rt_thread_init                           0x08003b15   Thumb Code    82  thread.o(i.rt_thread_init)
    rt_thread_mdelay                         0x08003b99   Thumb Code    14  thread.o(i.rt_thread_mdelay)
    rt_thread_resume                         0x08003ba9   Thumb Code    98  thread.o(i.rt_thread_resume)
    rt_thread_self                           0x08003c29   Thumb Code     6  thread.o(i.rt_thread_self)
    rt_thread_sleep                          0x08003c35   Thumb Code    96  thread.o(i.rt_thread_sleep)
    rt_thread_startup                        0x08003cb5   Thumb Code   100  thread.o(i.rt_thread_startup)
    rt_thread_suspend                        0x08003d6d   Thumb Code   104  thread.o(i.rt_thread_suspend)
    rt_thread_timeout                        0x08003df1   Thumb Code    94  thread.o(i.rt_thread_timeout)
    rt_thread_yield                          0x08003ea9   Thumb Code    88  thread.o(i.rt_thread_yield)
    rt_tick_from_millisecond                 0x08003f09   Thumb Code    50  clock.o(i.rt_tick_from_millisecond)
    rt_tick_get                              0x08003f3d   Thumb Code     6  clock.o(i.rt_tick_get)
    rt_tick_increase                         0x08003f49   Thumb Code    38  clock.o(i.rt_tick_increase)
    rt_timer_check                           0x08003f75   Thumb Code   140  timer.o(i.rt_timer_check)
    rt_timer_control                         0x08004005   Thumb Code   120  timer.o(i.rt_timer_control)
    rt_timer_detach                          0x080040d1   Thumb Code    92  timer.o(i.rt_timer_detach)
    rt_timer_init                            0x080041ad   Thumb Code    58  timer.o(i.rt_timer_init)
    rt_timer_start                           0x08004201   Thumb Code   254  timer.o(i.rt_timer_start)
    rt_timer_stop                            0x0800437d   Thumb Code    84  timer.o(i.rt_timer_stop)
    rt_vsnprintf                             0x08004425   Thumb Code   666  kservice.o(i.rt_vsnprintf)
    rtthread_startup                         0x080046d9   Thumb Code    42  components.o(i.rtthread_startup)
    version                                  0x08004885   Thumb Code    10  cmd.o(i.version)
    __rti_finsh_system_init_name             0x0800489c   Data          18  shell.o(.constdata)
    __rti_rti_start_name                     0x080048f8   Data          10  components.o(.constdata)
    __rti_rti_board_start_name               0x08004902   Data          16  components.o(.constdata)
    __rti_rti_board_end_name                 0x08004912   Data          14  components.o(.constdata)
    __rti_rti_end_name                       0x08004920   Data           8  components.o(.constdata)
    __lowest_bit_bitmap                      0x08004b4e   Data         256  kservice.o(.constdata)
    __rti_uart_init_name                     0x08004e96   Data          10  board.o(.constdata)
    __fsym_hello_name                        0x0800505a   Data           6  cmd.o(.rodata.name)
    __fsym_hello_desc                        0x08005060   Data          16  cmd.o(.rodata.name)
    __fsym_version_name                      0x08005070   Data           8  cmd.o(.rodata.name)
    __fsym_version_desc                      0x08005078   Data          35  cmd.o(.rodata.name)
    __fsym___cmd_version_name                0x0800509b   Data          14  cmd.o(.rodata.name)
    __fsym___cmd_version_desc                0x080050a9   Data          35  cmd.o(.rodata.name)
    __fsym_list_thread_name                  0x080050cc   Data          12  cmd.o(.rodata.name)
    __fsym_list_thread_desc                  0x080050d8   Data          12  cmd.o(.rodata.name)
    __fsym___cmd_list_thread_name            0x080050e4   Data          18  cmd.o(.rodata.name)
    __fsym___cmd_list_thread_desc            0x080050f6   Data          12  cmd.o(.rodata.name)
    __fsym_list_sem_name                     0x08005102   Data           9  cmd.o(.rodata.name)
    __fsym_list_sem_desc                     0x0800510b   Data          25  cmd.o(.rodata.name)
    __fsym___cmd_list_sem_name               0x08005124   Data          15  cmd.o(.rodata.name)
    __fsym___cmd_list_sem_desc               0x08005133   Data          25  cmd.o(.rodata.name)
    __fsym_list_event_name                   0x0800514c   Data          11  cmd.o(.rodata.name)
    __fsym_list_event_desc                   0x08005157   Data          21  cmd.o(.rodata.name)
    __fsym___cmd_list_event_name             0x0800516c   Data          17  cmd.o(.rodata.name)
    __fsym___cmd_list_event_desc             0x0800517d   Data          21  cmd.o(.rodata.name)
    __fsym_list_mutex_name                   0x08005192   Data          11  cmd.o(.rodata.name)
    __fsym_list_mutex_desc                   0x0800519d   Data          21  cmd.o(.rodata.name)
    __fsym___cmd_list_mutex_name             0x080051b2   Data          17  cmd.o(.rodata.name)
    __fsym___cmd_list_mutex_desc             0x080051c3   Data          21  cmd.o(.rodata.name)
    __fsym_list_mailbox_name                 0x080051d8   Data          13  cmd.o(.rodata.name)
    __fsym_list_mailbox_desc                 0x080051e5   Data          24  cmd.o(.rodata.name)
    __fsym___cmd_list_mailbox_name           0x080051fd   Data          19  cmd.o(.rodata.name)
    __fsym___cmd_list_mailbox_desc           0x08005210   Data          24  cmd.o(.rodata.name)
    __fsym_list_msgqueue_name                0x08005228   Data          14  cmd.o(.rodata.name)
    __fsym_list_msgqueue_desc                0x08005236   Data          29  cmd.o(.rodata.name)
    __fsym___cmd_list_msgqueue_name          0x08005253   Data          20  cmd.o(.rodata.name)
    __fsym___cmd_list_msgqueue_desc          0x08005267   Data          29  cmd.o(.rodata.name)
    __fsym_list_timer_name                   0x08005284   Data          11  cmd.o(.rodata.name)
    __fsym_list_timer_desc                   0x0800528f   Data          21  cmd.o(.rodata.name)
    __fsym___cmd_list_timer_name             0x080052a4   Data          17  cmd.o(.rodata.name)
    __fsym___cmd_list_timer_desc             0x080052b5   Data          21  cmd.o(.rodata.name)
    __fsym_list_name                         0x080052ca   Data           5  cmd.o(.rodata.name)
    __fsym_list_desc                         0x080052cf   Data          26  cmd.o(.rodata.name)
    __fsym___cmd_help_name                   0x080052e9   Data          11  msh.o(.rodata.name)
    __fsym___cmd_help_desc                   0x080052f4   Data          22  msh.o(.rodata.name)
    __fsym___cmd_ps_name                     0x0800530a   Data           9  msh.o(.rodata.name)
    __fsym___cmd_ps_desc                     0x08005313   Data          28  msh.o(.rodata.name)
    __fsym___cmd_free_name                   0x0800532f   Data          11  msh.o(.rodata.name)
    __fsym___cmd_free_desc                   0x0800533a   Data          37  msh.o(.rodata.name)
    __fsym_list_mem_name                     0x0800535f   Data           9  mem.o(.rodata.name)
    __fsym_list_mem_desc                     0x08005368   Data          30  mem.o(.rodata.name)
    __rt_init_desc_rti_start                 0x08005388   Data           8  components.o(.rti_fn.0)
    __rt_init_desc_rti_board_start           0x08005390   Data           8  components.o(.rti_fn.0.end)
    __rt_init_desc_uart_init                 0x08005398   Data           8  board.o(.rti_fn.1)
    __rt_init_desc_rti_board_end             0x080053a0   Data           8  components.o(.rti_fn.1.end)
    __rt_init_desc_finsh_system_init         0x080053a8   Data           8  shell.o(.rti_fn.6)
    __rt_init_desc_rti_end                   0x080053b0   Data           8  components.o(.rti_fn.6.end)
    FSymTab$$Base                            0x080053b8   Number         0  cmd.o(FSymTab)
    __fsym_hello                             0x080053b8   Data          12  cmd.o(FSymTab)
    __fsym_version                           0x080053c4   Data          12  cmd.o(FSymTab)
    __fsym___cmd_version                     0x080053d0   Data          12  cmd.o(FSymTab)
    __fsym_list_thread                       0x080053dc   Data          12  cmd.o(FSymTab)
    __fsym___cmd_list_thread                 0x080053e8   Data          12  cmd.o(FSymTab)
    __fsym_list_sem                          0x080053f4   Data          12  cmd.o(FSymTab)
    __fsym___cmd_list_sem                    0x08005400   Data          12  cmd.o(FSymTab)
    __fsym_list_event                        0x0800540c   Data          12  cmd.o(FSymTab)
    __fsym___cmd_list_event                  0x08005418   Data          12  cmd.o(FSymTab)
    __fsym_list_mutex                        0x08005424   Data          12  cmd.o(FSymTab)
    __fsym___cmd_list_mutex                  0x08005430   Data          12  cmd.o(FSymTab)
    __fsym_list_mailbox                      0x0800543c   Data          12  cmd.o(FSymTab)
    __fsym___cmd_list_mailbox                0x08005448   Data          12  cmd.o(FSymTab)
    __fsym_list_msgqueue                     0x08005454   Data          12  cmd.o(FSymTab)
    __fsym___cmd_list_msgqueue               0x08005460   Data          12  cmd.o(FSymTab)
    __fsym_list_timer                        0x0800546c   Data          12  cmd.o(FSymTab)
    __fsym___cmd_list_timer                  0x08005478   Data          12  cmd.o(FSymTab)
    __fsym_list                              0x08005484   Data          12  cmd.o(FSymTab)
    __fsym___cmd_help                        0x08005490   Data          12  msh.o(FSymTab)
    __fsym___cmd_ps                          0x0800549c   Data          12  msh.o(FSymTab)
    __fsym___cmd_free                        0x080054a8   Data          12  msh.o(FSymTab)
    __fsym_list_mem                          0x080054b4   Data          12  mem.o(FSymTab)
    FSymTab$$Limit                           0x080054c0   Number         0  mem.o(FSymTab)
    Region$$Table$$Base                      0x080054c0   Number         0  anon$$obj.o(Region$$Table)
    Region$$Table$$Limit                     0x080054e0   Number         0  anon$$obj.o(Region$$Table)
    SystemCoreClock                          0x20000000   Data           4  system_stm32f4xx.o(.data)
    AHBPrescTable                            0x20000004   Data          16  system_stm32f4xx.o(.data)
    _syscall_table_begin                     0x20000024   Data           4  shell.o(.data)
    _syscall_table_end                       0x20000028   Data           4  shell.o(.data)
    _sysvar_table_begin                      0x2000002c   Data           4  shell.o(.data)
    _sysvar_table_end                        0x20000030   Data           4  shell.o(.data)
    shell                                    0x20000038   Data           4  shell.o(.data)
    rt_interrupt_from_thread                 0x20000040   Data           4  cpuport.o(.data)
    rt_interrupt_to_thread                   0x20000044   Data           4  cpuport.o(.data)
    rt_thread_switch_interrupt_flag          0x20000048   Data           4  cpuport.o(.data)
    rt_interrupt_nest                        0x20000050   Data           1  irq.o(.data)
    rt_assert_hook                           0x20000058   Data           4  kservice.o(.data)
    rt_current_priority                      0x200000e4   Data           1  scheduler.o(.data)
    rt_current_thread                        0x200000e8   Data           4  scheduler.o(.data)
    rt_thread_ready_priority_group           0x200000ec   Data           4  scheduler.o(.data)
    rt_thread_defunct                        0x200000f0   Data           8  scheduler.o(.data)
    rt_thread_priority_table                 0x200004a8   Data         256  scheduler.o(.bss)
    __libspace_start                         0x200041a8   Data          96  libspace.o(.bss)
    __temporary_stack_top$libspace           0x20004208   Data           0  libspace.o(.bss)



==============================================================================

Memory Map of the image

  Image Entry point : 0x080001ad

  Load Region LR_IROM1 (Base: 0x08000000, Size: 0x000055e4, Max: 0x00100000, ABSOLUTE)

    Execution Region ER_IROM1 (Base: 0x08000000, Size: 0x000054e0, Max: 0x00100000, ABSOLUTE)

    Base Addr    Size         Type   Attr      Idx    E Section Name        Object

    0x08000000   0x000001ac   Data   RO            3    RESET               startup_stm32f429_439xx.o
    0x080001ac   0x00000008   Code   RO         6964  * !!!main             c_w.l(__main.o)
    0x080001b4   0x00000034   Code   RO         7121    !!!scatter          c_w.l(__scatter.o)
    0x080001e8   0x0000001a   Code   RO         7123    !!handler_copy      c_w.l(__scatter_copy.o)
    0x08000202   0x00000002   PAD
    0x08000204   0x0000001c   Code   RO         7125    !!handler_zi        c_w.l(__scatter_zi.o)
    0x08000220   0x00000002   Code   RO         6991    .ARM.Collect$$libinit$$00000000  c_w.l(libinit.o)
    0x08000222   0x00000000   Code   RO         6998    .ARM.Collect$$libinit$$00000002  c_w.l(libinit2.o)
    0x08000222   0x00000000   Code   RO         7000    .ARM.Collect$$libinit$$00000004  c_w.l(libinit2.o)
    0x08000222   0x00000000   Code   RO         7003    .ARM.Collect$$libinit$$0000000A  c_w.l(libinit2.o)
    0x08000222   0x00000000   Code   RO         7005    .ARM.Collect$$libinit$$0000000C  c_w.l(libinit2.o)
    0x08000222   0x00000000   Code   RO         7007    .ARM.Collect$$libinit$$0000000E  c_w.l(libinit2.o)
    0x08000222   0x00000000   Code   RO         7010    .ARM.Collect$$libinit$$00000011  c_w.l(libinit2.o)
    0x08000222   0x00000000   Code   RO         7012    .ARM.Collect$$libinit$$00000013  c_w.l(libinit2.o)
    0x08000222   0x00000000   Code   RO         7014    .ARM.Collect$$libinit$$00000015  c_w.l(libinit2.o)
    0x08000222   0x00000000   Code   RO         7016    .ARM.Collect$$libinit$$00000017  c_w.l(libinit2.o)
    0x08000222   0x00000000   Code   RO         7018    .ARM.Collect$$libinit$$00000019  c_w.l(libinit2.o)
    0x08000222   0x00000000   Code   RO         7020    .ARM.Collect$$libinit$$0000001B  c_w.l(libinit2.o)
    0x08000222   0x00000000   Code   RO         7022    .ARM.Collect$$libinit$$0000001D  c_w.l(libinit2.o)
    0x08000222   0x00000000   Code   RO         7024    .ARM.Collect$$libinit$$0000001F  c_w.l(libinit2.o)
    0x08000222   0x00000000   Code   RO         7026    .ARM.Collect$$libinit$$00000021  c_w.l(libinit2.o)
    0x08000222   0x00000000   Code   RO         7028    .ARM.Collect$$libinit$$00000023  c_w.l(libinit2.o)
    0x08000222   0x00000000   Code   RO         7030    .ARM.Collect$$libinit$$00000025  c_w.l(libinit2.o)
    0x08000222   0x00000000   Code   RO         7034    .ARM.Collect$$libinit$$0000002C  c_w.l(libinit2.o)
    0x08000222   0x00000000   Code   RO         7036    .ARM.Collect$$libinit$$0000002E  c_w.l(libinit2.o)
    0x08000222   0x00000000   Code   RO         7038    .ARM.Collect$$libinit$$00000030  c_w.l(libinit2.o)
    0x08000222   0x00000000   Code   RO         7040    .ARM.Collect$$libinit$$00000032  c_w.l(libinit2.o)
    0x08000222   0x00000002   Code   RO         7041    .ARM.Collect$$libinit$$00000033  c_w.l(libinit2.o)
    0x08000224   0x00000002   Code   RO         7061    .ARM.Collect$$libshutdown$$00000000  c_w.l(libshutdown.o)
    0x08000226   0x00000000   Code   RO         7074    .ARM.Collect$$libshutdown$$00000002  c_w.l(libshutdown2.o)
    0x08000226   0x00000000   Code   RO         7076    .ARM.Collect$$libshutdown$$00000004  c_w.l(libshutdown2.o)
    0x08000226   0x00000000   Code   RO         7079    .ARM.Collect$$libshutdown$$00000007  c_w.l(libshutdown2.o)
    0x08000226   0x00000000   Code   RO         7082    .ARM.Collect$$libshutdown$$0000000A  c_w.l(libshutdown2.o)
    0x08000226   0x00000000   Code   RO         7084    .ARM.Collect$$libshutdown$$0000000C  c_w.l(libshutdown2.o)
    0x08000226   0x00000000   Code   RO         7087    .ARM.Collect$$libshutdown$$0000000F  c_w.l(libshutdown2.o)
    0x08000226   0x00000002   Code   RO         7088    .ARM.Collect$$libshutdown$$00000010  c_w.l(libshutdown2.o)
    0x08000228   0x00000000   Code   RO         6966    .ARM.Collect$$rtentry$$00000000  c_w.l(__rtentry.o)
    0x08000228   0x00000000   Code   RO         6968    .ARM.Collect$$rtentry$$00000002  c_w.l(__rtentry2.o)
    0x08000228   0x00000006   Code   RO         6980    .ARM.Collect$$rtentry$$00000004  c_w.l(__rtentry4.o)
    0x0800022e   0x00000000   Code   RO         6970    .ARM.Collect$$rtentry$$00000009  c_w.l(__rtentry2.o)
    0x0800022e   0x00000004   Code   RO         6971    .ARM.Collect$$rtentry$$0000000A  c_w.l(__rtentry2.o)
    0x08000232   0x00000000   Code   RO         6973    .ARM.Collect$$rtentry$$0000000C  c_w.l(__rtentry2.o)
    0x08000232   0x00000008   Code   RO         6974    .ARM.Collect$$rtentry$$0000000D  c_w.l(__rtentry2.o)
    0x0800023a   0x00000002   Code   RO         6995    .ARM.Collect$$rtexit$$00000000  c_w.l(rtexit.o)
    0x0800023c   0x00000000   Code   RO         7043    .ARM.Collect$$rtexit$$00000002  c_w.l(rtexit2.o)
    0x0800023c   0x00000004   Code   RO         7044    .ARM.Collect$$rtexit$$00000003  c_w.l(rtexit2.o)
    0x08000240   0x00000006   Code   RO         7045    .ARM.Collect$$rtexit$$00000004  c_w.l(rtexit2.o)
    0x08000246   0x00000002   PAD
    0x08000248   0x00000040   Code   RO            4    .text               startup_stm32f429_439xx.o
    0x08000288   0x000000f4   Code   RO         5703    .text               context_rvds.o
    0x0800037c   0x00000048   Code   RO         6946    .text               c_w.l(strcpy.o)
    0x080003c4   0x0000003e   Code   RO         6948    .text               c_w.l(strlen.o)
    0x08000402   0x00000096   Code   RO         6950    .text               c_w.l(strncmp.o)
    0x08000498   0x00000018   Code   RO         6952    .text               c_w.l(strcat.o)
    0x080004b0   0x00000064   Code   RO         6954    .text               c_w.l(rt_memcpy_w.o)
    0x08000514   0x00000044   Code   RO         6956    .text               c_w.l(rt_memclr.o)
    0x08000558   0x0000004e   Code   RO         6958    .text               c_w.l(rt_memclr_w.o)
    0x080005a6   0x00000056   Code   RO         6960    .text               c_w.l(strncpy.o)
    0x080005fc   0x00000006   Code   RO         6962    .text               c_w.l(heapauxi.o)
    0x08000602   0x0000004a   Code   RO         6982    .text               c_w.l(sys_stackheap_outer.o)
    0x0800064c   0x00000012   Code   RO         6984    .text               c_w.l(exit.o)
    0x0800065e   0x00000002   PAD
    0x08000660   0x00000008   Code   RO         6992    .text               c_w.l(libspace.o)
    0x08000668   0x0000000c   Code   RO         7053    .text               c_w.l(sys_exit.o)
    0x08000674   0x00000002   Code   RO         7064    .text               c_w.l(use_no_semi.o)
    0x08000676   0x00000000   Code   RO         7066    .text               c_w.l(indicate_semi.o)
    0x08000676   0x0000000a   Code   RO         5808    i.$Sub$$main        components.o
    0x08000680   0x00000002   Code   RO         5217    i.BusFault_Handler  stm32f4xx_it.o
    0x08000682   0x00000002   Code   RO         5218    i.DebugMon_Handler  stm32f4xx_it.o
    0x08000684   0x00000028   Code   RO         5219    i.EXTI3_IRQHandler  stm32f4xx_it.o
    0x080006ac   0x0000000c   Code   RO         1485    i.EXTI_ClearITPendingBit  stm32f4xx_exti.o
    0x080006b8   0x00000014   Code   RO         1489    i.EXTI_GetITStatus  stm32f4xx_exti.o
    0x080006cc   0x00000074   Code   RO         1490    i.EXTI_Init         stm32f4xx_exti.o
    0x08000740   0x00000054   Code   RO         5310    i.EXTI_Key_Config   bsp_exti.o
    0x08000794   0x0000007c   Code   RO         2046    i.GPIO_Init         stm32f4xx_gpio.o
    0x08000810   0x00000020   Code   RO         2047    i.GPIO_PinAFConfig  stm32f4xx_gpio.o
    0x08000830   0x00000044   Code   RO         5286    i.LED_GPIO_Config   bsp_led.o
    0x08000874   0x00000002   Code   RO         5220    i.MemManage_Handler  stm32f4xx_it.o
    0x08000876   0x00000002   Code   RO         5221    i.NMI_Handler       stm32f4xx_it.o
    0x08000878   0x00000026   Code   RO         5311    i.NVIC_Configuration  bsp_exti.o
    0x0800089e   0x00000002   PAD
    0x080008a0   0x00000068   Code   RO          164    i.NVIC_Init         misc.o
    0x08000908   0x00000014   Code   RO          165    i.NVIC_PriorityGroupConfig  misc.o
    0x0800091c   0x0000001c   Code   RO         2960    i.RCC_AHB1PeriphClockCmd  stm32f4xx_rcc.o
    0x08000938   0x0000001c   Code   RO         2972    i.RCC_APB2PeriphClockCmd  stm32f4xx_rcc.o
    0x08000954   0x000000a4   Code   RO         2981    i.RCC_GetClocksFreq  stm32f4xx_rcc.o
    0x080009f8   0x00000002   Code   RO         5222    i.SVC_Handler       stm32f4xx_it.o
    0x080009fa   0x00000002   PAD
    0x080009fc   0x0000002c   Code   RO         4280    i.SYSCFG_EXTILineConfig  stm32f4xx_syscfg.o
    0x08000a28   0x000000d4   Code   RO           13    i.SetSysClock       system_stm32f4xx.o
    0x08000afc   0x00000004   Code   RO         5223    i.SysTick_Handler   stm32f4xx_it.o
    0x08000b00   0x00000088   Code   RO           14    i.SystemCoreClockUpdate  system_stm32f4xx.o
    0x08000b88   0x00000050   Code   RO           15    i.SystemInit        system_stm32f4xx.o
    0x08000bd8   0x00000008   Code   RO         4903    i.USART_ClearFlag   stm32f4xx_usart.o
    0x08000be0   0x00000018   Code   RO         4907    i.USART_Cmd         stm32f4xx_usart.o
    0x08000bf8   0x0000000e   Code   RO         4910    i.USART_GetFlagStatus  stm32f4xx_usart.o
    0x08000c06   0x00000002   PAD
    0x08000c08   0x000000bc   Code   RO         4914    i.USART_Init        stm32f4xx_usart.o
    0x08000cc4   0x00000008   Code   RO         4921    i.USART_ReceiveData  stm32f4xx_usart.o
    0x08000ccc   0x00000008   Code   RO         4924    i.USART_SendData    stm32f4xx_usart.o
    0x08000cd4   0x00000002   Code   RO         5224    i.UsageFault_Handler  stm32f4xx_it.o
    0x08000cd6   0x00000002   PAD
    0x08000cd8   0x00000048   Code   RO         6214    i.__rt_ffs          kservice.o
    0x08000d20   0x00000090   Code   RO         5534    i._msh_exec_cmd     msh.o
    0x08000db0   0x000000bc   Code   RO         6562    i._rt_scheduler_stack_check  scheduler.o
    0x08000e6c   0x000000ac   Code   RO         6630    i._rt_thread_init   thread.o
    0x08000f18   0x00000026   Code   RO         6764    i._rt_timer_init    timer.o
    0x08000f3e   0x00000018   Code   RO         6765    i._rt_timer_remove  timer.o
    0x08000f56   0x0000001c   Code   RO         6631    i._thread_cleanup_execute  thread.o
    0x08000f72   0x00000002   PAD
    0x08000f74   0x000000e8   Code   RO         5707    i.bus_fault_track   cpuport.o
    0x0800105c   0x0000000a   Code   RO         5535    i.cmd_free          msh.o
    0x08001066   0x0000000a   Code   RO         5536    i.cmd_ps            msh.o
    0x08001070   0x0000006c   Code   RO         5613    i.finsh_get_prompt  shell.o
    0x080010dc   0x00000004   Code   RO         5615    i.finsh_getchar     shell.o
    0x080010e0   0x00000040   Code   RO         5618    i.finsh_set_prompt_mode  shell.o
    0x08001120   0x0000000c   Code   RO         5619    i.finsh_system_function_init  shell.o
    0x0800112c   0x00000094   Code   RO         5620    i.finsh_system_init  shell.o
    0x080011c0   0x00000268   Code   RO         5622    i.finsh_thread_entry  shell.o
    0x08001428   0x00000078   Code   RO         5708    i.hard_fault_track  cpuport.o
    0x080014a0   0x00000020   Code   RO         5363    i.hello             cmd.o
    0x080014c0   0x00000064   Code   RO         5364    i.list              cmd.o
    0x08001524   0x00000130   Code   RO         5365    i.list_event        cmd.o
    0x08001654   0x00000024   Code   RO         5366    i.list_find_init    cmd.o
    0x08001678   0x00000070   Code   RO         5367    i.list_get_next     cmd.o
    0x080016e8   0x00000140   Code   RO         5368    i.list_mailbox      cmd.o
    0x08001828   0x0000006c   Code   RO         6406    i.list_mem          mem.o
    0x08001894   0x0000012c   Code   RO         5369    i.list_msgqueue     cmd.o
    0x080019c0   0x000000f8   Code   RO         5370    i.list_mutex        cmd.o
    0x08001ab8   0x00000120   Code   RO         5371    i.list_sem          cmd.o
    0x08001bd8   0x000001c8   Code   RO         5372    i.list_thread       cmd.o
    0x08001da0   0x00000144   Code   RO         5373    i.list_timer        cmd.o
    0x08001ee4   0x00000030   Code   RO         5161    i.main              main.o
    0x08001f14   0x0000000e   Code   RO         5809    i.main_thread_entry  components.o
    0x08001f22   0x00000002   PAD
    0x08001f24   0x000000d8   Code   RO         5709    i.mem_manage_fault_track  cpuport.o
    0x08001ffc   0x000000a0   Code   RO         5537    i.msh_auto_complete  msh.o
    0x0800209c   0x00000064   Code   RO         5538    i.msh_exec          msh.o
    0x08002100   0x00000058   Code   RO         5539    i.msh_get_cmd       msh.o
    0x08002158   0x00000078   Code   RO         5540    i.msh_help          msh.o
    0x080021d0   0x00000004   Code   RO         5541    i.msh_is_used       msh.o
    0x080021d4   0x000000d0   Code   RO         5542    i.msh_split         msh.o
    0x080022a4   0x00000098   Code   RO         5339    i.myuart_init       bsp_uart.o
    0x0800233c   0x00000018   Code   RO         5374    i.object_split      cmd.o
    0x08002354   0x000000e8   Code   RO         6407    i.plug_holes        mem.o
    0x0800243c   0x00000134   Code   RO         6216    i.print_number      kservice.o
    0x08002570   0x00000050   Code   RO         5810    i.rt_application_init  components.o
    0x080025c0   0x00000070   Code   RO         6217    i.rt_assert_handler  kservice.o
    0x08002630   0x0000001c   Code   RO         6408    i.rt_calloc         mem.o
    0x0800264c   0x00000048   Code   RO         5811    i.rt_components_board_init  components.o
    0x08002694   0x00000070   Code   RO         5812    i.rt_components_init  components.o
    0x08002704   0x0000001c   Code   RO         6564    i.rt_enter_critical  scheduler.o
    0x08002720   0x00000038   Code   RO         6565    i.rt_exit_critical  scheduler.o
    0x08002758   0x000001c0   Code   RO         6409    i.rt_free           mem.o
    0x08002918   0x00000008   Code   RO         6875    i.rt_heap_begin_get  board.o
    0x08002920   0x00000008   Code   RO         6876    i.rt_heap_end_get   board.o
    0x08002928   0x00000054   Code   RO         6877    i.rt_hw_board_init  board.o
    0x0800297c   0x00000038   Code   RO         6878    i.rt_hw_console_getchar  board.o
    0x080029b4   0x0000004c   Code   RO         6879    i.rt_hw_console_output  board.o
    0x08002a00   0x0000021c   Code   RO         5713    i.rt_hw_hard_fault_exception  cpuport.o
    0x08002c1c   0x0000003c   Code   RO         5714    i.rt_hw_stack_init  cpuport.o
    0x08002c58   0x0000001c   Code   RO         6187    i.rt_interrupt_enter  irq.o
    0x08002c74   0x00000018   Code   RO         6188    i.rt_interrupt_get_nest  irq.o
    0x08002c8c   0x0000001c   Code   RO         6189    i.rt_interrupt_leave  irq.o
    0x08002ca8   0x0000000e   Code   RO         5924    i.rt_ipc_list_resume  ipc.o
    0x08002cb6   0x0000005c   Code   RO         5926    i.rt_ipc_list_suspend  ipc.o
    0x08002d12   0x00000002   PAD
    0x08002d14   0x00000024   Code   RO         6222    i.rt_kprintf        kservice.o
    0x08002d38   0x0000000e   Code   RO         6474    i.rt_list_insert_after  object.o
    0x08002d46   0x0000000e   Code   RO         6632    i.rt_list_insert_after  thread.o
    0x08002d54   0x0000000e   Code   RO         6766    i.rt_list_insert_after  timer.o
    0x08002d62   0x0000000e   Code   RO         5927    i.rt_list_insert_before  ipc.o
    0x08002d70   0x0000000e   Code   RO         5375    i.rt_list_isempty   cmd.o
    0x08002d7e   0x0000000e   Code   RO         5928    i.rt_list_isempty   ipc.o
    0x08002d8c   0x0000000e   Code   RO         6767    i.rt_list_isempty   timer.o
    0x08002d9a   0x00000012   Code   RO         5376    i.rt_list_len       cmd.o
    0x08002dac   0x00000012   Code   RO         6475    i.rt_list_remove    object.o
    0x08002dbe   0x00000012   Code   RO         6633    i.rt_list_remove    thread.o
    0x08002dd0   0x00000012   Code   RO         6768    i.rt_list_remove    timer.o
    0x08002de2   0x00000002   PAD
    0x08002de4   0x00000210   Code   RO         6410    i.rt_malloc         mem.o
    0x08002ff4   0x00000034   Code   RO         6227    i.rt_memmove        kservice.o
    0x08003028   0x00000046   Code   RO         6228    i.rt_memset         kservice.o
    0x0800306e   0x00000002   PAD
    0x08003070   0x000000d0   Code   RO         6476    i.rt_object_allocate  object.o
    0x08003140   0x0000008c   Code   RO         6477    i.rt_object_delete  object.o
    0x080031cc   0x00000048   Code   RO         6478    i.rt_object_detach  object.o
    0x08003214   0x00000024   Code   RO         6480    i.rt_object_get_information  object.o
    0x08003238   0x00000034   Code   RO         6483    i.rt_object_get_type  object.o
    0x0800326c   0x000000a4   Code   RO         6484    i.rt_object_init    object.o
    0x08003310   0x0000003c   Code   RO         6485    i.rt_object_is_systemobject  object.o
    0x0800334c   0x00000012   Code   RO         6880    i.rt_os_tick_callback  board.o
    0x0800335e   0x00000002   PAD
    0x08003360   0x00000070   Code   RO         6566    i.rt_schedule       scheduler.o
    0x080033d0   0x00000074   Code   RO         6567    i.rt_schedule_insert_thread  scheduler.o
    0x08003444   0x0000007c   Code   RO         6568    i.rt_schedule_remove_thread  scheduler.o
    0x080034c0   0x00000070   Code   RO         5957    i.rt_sem_init       ipc.o
    0x08003530   0x00000094   Code   RO         5958    i.rt_sem_release    ipc.o
    0x080035c4   0x00000164   Code   RO         5959    i.rt_sem_take       ipc.o
    0x08003728   0x000000b0   Code   RO         6230    i.rt_show_version   kservice.o
    0x080037d8   0x00000026   Code   RO         6238    i.rt_strncpy        kservice.o
    0x080037fe   0x00000002   PAD
    0x08003800   0x00000108   Code   RO         6413    i.rt_system_heap_init  mem.o
    0x08003908   0x00000034   Code   RO         6569    i.rt_system_scheduler_init  scheduler.o
    0x0800393c   0x00000028   Code   RO         6570    i.rt_system_scheduler_start  scheduler.o
    0x08003964   0x00000018   Code   RO         6769    i.rt_system_timer_init  timer.o
    0x0800397c   0x00000002   Code   RO         6770    i.rt_system_timer_thread_init  timer.o
    0x0800397e   0x0000004c   Code   RO         6635    i.rt_thread_create  thread.o
    0x080039ca   0x00000002   PAD
    0x080039cc   0x00000058   Code   RO         6640    i.rt_thread_exit    thread.o
    0x08003a24   0x00000006   Code   RO         5881    i.rt_thread_idle_entry  idle.o
    0x08003a2a   0x00000002   PAD
    0x08003a2c   0x000000a8   Code   RO         5882    i.rt_thread_idle_excute  idle.o
    0x08003ad4   0x00000040   Code   RO         5884    i.rt_thread_idle_init  idle.o
    0x08003b14   0x00000084   Code   RO         6642    i.rt_thread_init    thread.o
    0x08003b98   0x0000000e   Code   RO         6643    i.rt_thread_mdelay  thread.o
    0x08003ba6   0x00000002   PAD
    0x08003ba8   0x00000080   Code   RO         6644    i.rt_thread_resume  thread.o
    0x08003c28   0x0000000c   Code   RO         6645    i.rt_thread_self    thread.o
    0x08003c34   0x00000080   Code   RO         6646    i.rt_thread_sleep   thread.o
    0x08003cb4   0x000000b8   Code   RO         6647    i.rt_thread_startup  thread.o
    0x08003d6c   0x00000084   Code   RO         6648    i.rt_thread_suspend  thread.o
    0x08003df0   0x000000b8   Code   RO         6649    i.rt_thread_timeout  thread.o
    0x08003ea8   0x00000060   Code   RO         6650    i.rt_thread_yield   thread.o
    0x08003f08   0x00000032   Code   RO         5771    i.rt_tick_from_millisecond  clock.o
    0x08003f3a   0x00000002   PAD
    0x08003f3c   0x0000000c   Code   RO         5772    i.rt_tick_get       clock.o
    0x08003f48   0x0000002c   Code   RO         5773    i.rt_tick_increase  clock.o
    0x08003f74   0x00000090   Code   RO         6771    i.rt_timer_check    timer.o
    0x08004004   0x000000cc   Code   RO         6772    i.rt_timer_control  timer.o
    0x080040d0   0x000000dc   Code   RO         6775    i.rt_timer_detach   timer.o
    0x080041ac   0x00000054   Code   RO         6776    i.rt_timer_init     timer.o
    0x08004200   0x0000017c   Code   RO         6779    i.rt_timer_start    timer.o
    0x0800437c   0x000000a8   Code   RO         6780    i.rt_timer_stop     timer.o
    0x08004424   0x000002a4   Code   RO         6241    i.rt_vsnprintf      kservice.o
    0x080046c8   0x00000004   Code   RO         5813    i.rti_board_end     components.o
    0x080046cc   0x00000004   Code   RO         5814    i.rti_board_start   components.o
    0x080046d0   0x00000004   Code   RO         5815    i.rti_end           components.o
    0x080046d4   0x00000004   Code   RO         5816    i.rti_start         components.o
    0x080046d8   0x0000002a   Code   RO         5817    i.rtthread_startup  components.o
    0x08004702   0x00000002   PAD
    0x08004704   0x00000038   Code   RO         5623    i.shell_auto_complete  shell.o
    0x0800473c   0x00000030   Code   RO         5377    i.show_wait_queue   cmd.o
    0x0800476c   0x00000028   Code   RO         6243    i.skip_atoi         kservice.o
    0x08004794   0x0000001a   Code   RO         5543    i.str_common        msh.o
    0x080047ae   0x00000004   Code   RO         6881    i.uart_init         board.o
    0x080047b2   0x00000002   PAD
    0x080047b4   0x000000d0   Code   RO         5715    i.usage_fault_track  cpuport.o
    0x08004884   0x0000000a   Code   RO         5378    i.version           cmd.o
    0x0800488e   0x0000000e   Data   RO         5544    .constdata          msh.o
    0x0800489c   0x00000012   Data   RO         5625    .constdata          shell.o
    0x080048ae   0x0000004a   Data   RO         5626    .constdata          shell.o
    0x080048f8   0x0000000a   Data   RO         5818    .constdata          components.o
    0x08004902   0x00000010   Data   RO         5819    .constdata          components.o
    0x08004912   0x0000000e   Data   RO         5820    .constdata          components.o
    0x08004920   0x00000008   Data   RO         5821    .constdata          components.o
    0x08004928   0x00000014   Data   RO         5822    .constdata          components.o
    0x0800493c   0x00000016   Data   RO         5886    .constdata          idle.o
    0x08004952   0x000001fc   Data   RO         5961    .constdata          ipc.o
    0x08004b4e   0x00000122   Data   RO         6245    .constdata          kservice.o
    0x08004c70   0x0000003c   Data   RO         6415    .constdata          mem.o
    0x08004cac   0x00000080   Data   RO         6487    .constdata          object.o
    0x08004d2c   0x0000004e   Data   RO         6572    .constdata          scheduler.o
    0x08004d7a   0x000000c0   Data   RO         6651    .constdata          thread.o
    0x08004e3a   0x0000005c   Data   RO         6781    .constdata          timer.o
    0x08004e96   0x0000000a   Data   RO         6883    .constdata          board.o
    0x08004ea0   0x00000044   Data   RO         5379    .conststring        cmd.o
    0x08004ee4   0x00000045   Data   RO         5962    .conststring        ipc.o
    0x08004f29   0x00000003   PAD
    0x08004f2c   0x000000eb   Data   RO         6416    .conststring        mem.o
    0x08005017   0x00000001   PAD
    0x08005018   0x00000042   Data   RO         6652    .conststring        thread.o
    0x0800505a   0x00000006   Data   RO         5380    .rodata.name        cmd.o
    0x08005060   0x00000010   Data   RO         5381    .rodata.name        cmd.o
    0x08005070   0x00000008   Data   RO         5382    .rodata.name        cmd.o
    0x08005078   0x00000023   Data   RO         5383    .rodata.name        cmd.o
    0x0800509b   0x0000000e   Data   RO         5384    .rodata.name        cmd.o
    0x080050a9   0x00000023   Data   RO         5385    .rodata.name        cmd.o
    0x080050cc   0x0000000c   Data   RO         5386    .rodata.name        cmd.o
    0x080050d8   0x0000000c   Data   RO         5387    .rodata.name        cmd.o
    0x080050e4   0x00000012   Data   RO         5388    .rodata.name        cmd.o
    0x080050f6   0x0000000c   Data   RO         5389    .rodata.name        cmd.o
    0x08005102   0x00000009   Data   RO         5390    .rodata.name        cmd.o
    0x0800510b   0x00000019   Data   RO         5391    .rodata.name        cmd.o
    0x08005124   0x0000000f   Data   RO         5392    .rodata.name        cmd.o
    0x08005133   0x00000019   Data   RO         5393    .rodata.name        cmd.o
    0x0800514c   0x0000000b   Data   RO         5394    .rodata.name        cmd.o
    0x08005157   0x00000015   Data   RO         5395    .rodata.name        cmd.o
    0x0800516c   0x00000011   Data   RO         5396    .rodata.name        cmd.o
    0x0800517d   0x00000015   Data   RO         5397    .rodata.name        cmd.o
    0x08005192   0x0000000b   Data   RO         5398    .rodata.name        cmd.o
    0x0800519d   0x00000015   Data   RO         5399    .rodata.name        cmd.o
    0x080051b2   0x00000011   Data   RO         5400    .rodata.name        cmd.o
    0x080051c3   0x00000015   Data   RO         5401    .rodata.name        cmd.o
    0x080051d8   0x0000000d   Data   RO         5402    .rodata.name        cmd.o
    0x080051e5   0x00000018   Data   RO         5403    .rodata.name        cmd.o
    0x080051fd   0x00000013   Data   RO         5404    .rodata.name        cmd.o
    0x08005210   0x00000018   Data   RO         5405    .rodata.name        cmd.o
    0x08005228   0x0000000e   Data   RO         5406    .rodata.name        cmd.o
    0x08005236   0x0000001d   Data   RO         5407    .rodata.name        cmd.o
    0x08005253   0x00000014   Data   RO         5408    .rodata.name        cmd.o
    0x08005267   0x0000001d   Data   RO         5409    .rodata.name        cmd.o
    0x08005284   0x0000000b   Data   RO         5410    .rodata.name        cmd.o
    0x0800528f   0x00000015   Data   RO         5411    .rodata.name        cmd.o
    0x080052a4   0x00000011   Data   RO         5412    .rodata.name        cmd.o
    0x080052b5   0x00000015   Data   RO         5413    .rodata.name        cmd.o
    0x080052ca   0x00000005   Data   RO         5414    .rodata.name        cmd.o
    0x080052cf   0x0000001a   Data   RO         5415    .rodata.name        cmd.o
    0x080052e9   0x0000000b   Data   RO         5545    .rodata.name        msh.o
    0x080052f4   0x00000016   Data   RO         5546    .rodata.name        msh.o
    0x0800530a   0x00000009   Data   RO         5547    .rodata.name        msh.o
    0x08005313   0x0000001c   Data   RO         5548    .rodata.name        msh.o
    0x0800532f   0x0000000b   Data   RO         5549    .rodata.name        msh.o
    0x0800533a   0x00000025   Data   RO         5550    .rodata.name        msh.o
    0x0800535f   0x00000009   Data   RO         6418    .rodata.name        mem.o
    0x08005368   0x0000001e   Data   RO         6419    .rodata.name        mem.o
    0x08005386   0x00000002   PAD
    0x08005388   0x00000008   Data   RO         5823    .rti_fn.0           components.o
    0x08005390   0x00000008   Data   RO         5824    .rti_fn.0.end       components.o
    0x08005398   0x00000008   Data   RO         6884    .rti_fn.1           board.o
    0x080053a0   0x00000008   Data   RO         5825    .rti_fn.1.end       components.o
    0x080053a8   0x00000008   Data   RO         5628    .rti_fn.6           shell.o
    0x080053b0   0x00000008   Data   RO         5826    .rti_fn.6.end       components.o
    0x080053b8   0x000000d8   Data   RO         5416    FSymTab             cmd.o
    0x08005490   0x00000024   Data   RO         5551    FSymTab             msh.o
    0x080054b4   0x0000000c   Data   RO         6420    FSymTab             mem.o
    0x080054c0   0x00000020   Data   RO         7119    Region$$Table       anon$$obj.o


    Execution Region RW_IRAM1 (Base: 0x20000000, Size: 0x00004808, Max: 0x00030000, ABSOLUTE)

    Base Addr    Size         Type   Attr      Idx    E Section Name        Object

    0x20000000   0x00000014   Data   RW           16    .data               system_stm32f4xx.o
    0x20000014   0x00000010   Data   RW         3013    .data               stm32f4xx_rcc.o
    0x20000024   0x00000018   Data   RW         5627    .data               shell.o
    0x2000003c   0x00000004   Data   RW         5717    .data               cpuport.o
    0x20000040   0x00000004   Data   RW         5718    .data               cpuport.o
    0x20000044   0x00000004   Data   RW         5719    .data               cpuport.o
    0x20000048   0x00000004   Data   RW         5720    .data               cpuport.o
    0x2000004c   0x00000004   Data   RW         5775    .data               clock.o
    0x20000050   0x00000001   Data   RW         6190    .data               irq.o
    0x20000051   0x00000003   PAD
    0x20000054   0x00000008   Data   RW         6246    .data               kservice.o
    0x2000005c   0x00000018   Data   RW         6417    .data               mem.o
    0x20000074   0x00000070   Data   RW         6488    .data               object.o
    0x200000e4   0x00000014   Data   RW         6573    .data               scheduler.o
    0x200000f8   0x0000000c   Data   RW         6782    .data               timer.o
    0x20000104   0x00000101   Zero   RW         5624    .bss                shell.o
    0x20000205   0x00000003   PAD
    0x20000208   0x00000180   Zero   RW         5885    .bss                idle.o
    0x20000388   0x00000100   Zero   RW         6244    .bss                kservice.o
    0x20000488   0x00000020   Zero   RW         6414    .bss                mem.o
    0x200004a8   0x00000100   Zero   RW         6571    .bss                scheduler.o
    0x200005a8   0x00003c00   Zero   RW         6882    .bss                board.o
    0x200041a8   0x00000060   Zero   RW         6993    .bss                c_w.l(libspace.o)
    0x20004208   0x00000200   Zero   RW            2    HEAP                startup_stm32f429_439xx.o
    0x20004408   0x00000400   Zero   RW            1    STACK               startup_stm32f429_439xx.o


==============================================================================

Image component sizes


      Code (inc. data)   RO Data    RW Data    ZI Data      Debug   Object Name

       254         28         18          0      15360      30813   board.o
       122          6          0          0          0       1022   bsp_exti.o
        68          4          0          0          0        518   bsp_led.o
       152         10          0          0          0        626   bsp_uart.o
       106         12          0          4          0       1800   clock.o
      2634        988        939          0          0      19319   cmd.o
       346        138        100          0          0       6328   components.o
       244         28          0          0          0        864   context_rvds.o
      1376        734          0         16          0       6058   cpuport.o
       238         70         22          0        384       5246   idle.o
       750        194        577          0          0      36528   ipc.o
        80         18          0          1          0       2162   irq.o
      1580        224        290          8        256      10656   kservice.o
        48          6          0          0          0       8081   main.o
      1608        678        346         24         32       7016   mem.o
       124         16          0          0          0       1727   misc.o
       870        178        168          0          0       9316   msh.o
       764        264        128        112          0      10286   object.o
       716        214         78         20        256       9270   scheduler.o
      1008        168        100         24        257      11864   shell.o
        64         26        428          0       1536        940   startup_stm32f429_439xx.o
       148         16          0          0          0       2392   stm32f4xx_exti.o
       156          0          0          0          0       1919   stm32f4xx_gpio.o
        56          6          0          0          0       3476   stm32f4xx_it.o
       220         28          0         16          0       4422   stm32f4xx_rcc.o
        44          6          0          0          0        684   stm32f4xx_syscfg.o
       250          8          0          0          0       4806   stm32f4xx_usart.o
       428         50          0         20          0     279901   system_stm32f4xx.o
      1406        386        258          0          0      16557   thread.o
      1334        462         92         12          0      12522   timer.o

    ----------------------------------------------------------------------
     17228       4966       3582        260      18084     507119   Object Totals
         0          0         32          0          0          0   (incl. Generated)
        34          0          6          3          3          0   (incl. Padding)

    ----------------------------------------------------------------------

      Code (inc. data)   RO Data    RW Data    ZI Data      Debug   Library Member Name

         8          0          0          0          0         68   __main.o
         0          0          0          0          0          0   __rtentry.o
        12          0          0          0          0          0   __rtentry2.o
         6          0          0          0          0          0   __rtentry4.o
        52          8          0          0          0          0   __scatter.o
        26          0          0          0          0          0   __scatter_copy.o
        28          0          0          0          0          0   __scatter_zi.o
        18          0          0          0          0         80   exit.o
         6          0          0          0          0        152   heapauxi.o
         0          0          0          0          0          0   indicate_semi.o
         2          0          0          0          0          0   libinit.o
         2          0          0          0          0          0   libinit2.o
         2          0          0          0          0          0   libshutdown.o
         2          0          0          0          0          0   libshutdown2.o
         8          4          0          0         96         68   libspace.o
        68          0          0          0          0         68   rt_memclr.o
        78          0          0          0          0         80   rt_memclr_w.o
       100          0          0          0          0         80   rt_memcpy_w.o
         2          0          0          0          0          0   rtexit.o
        10          0          0          0          0          0   rtexit2.o
        24          0          0          0          0         68   strcat.o
        72          0          0          0          0         80   strcpy.o
        62          0          0          0          0         76   strlen.o
       150          0          0          0          0         80   strncmp.o
        86          0          0          0          0         76   strncpy.o
        12          4          0          0          0         68   sys_exit.o
        74          0          0          0          0         80   sys_stackheap_outer.o
         2          0          0          0          0         68   use_no_semi.o

    ----------------------------------------------------------------------
       918         16          0          0         96       1192   Library Totals
         6          0          0          0          0          0   (incl. Padding)

    ----------------------------------------------------------------------

      Code (inc. data)   RO Data    RW Data    ZI Data      Debug   Library Name

       912         16          0          0         96       1192   c_w.l

    ----------------------------------------------------------------------
       918         16          0          0         96       1192   Library Totals

    ----------------------------------------------------------------------

==============================================================================


      Code (inc. data)   RO Data    RW Data    ZI Data      Debug   

     18146       4982       3582        260      18180     499311   Grand Totals
     18146       4982       3582        260      18180     499311   ELF Image Totals
     18146       4982       3582        260          0          0   ROM Totals

==============================================================================

    Total RO  Size (Code + RO Data)                21728 (  21.22kB)
    Total RW  Size (RW Data + ZI Data)             18440 (  18.01kB)
    Total ROM Size (Code + RO Data + RW Data)      21988 (  21.47kB)

==============================================================================

