<html>
<body>
<pre>
<h1>µVision Build Log</h1>
<h2>Tool Versions:</h2>
IDE-Version: ¦ÌVision V5.26.2.0
Copyright (C) 2018 ARM Ltd and ARM Germany GmbH. All rights reserved.
License Information: H Tlak, HP Inc., LIC=VGXG8-3ZXGE-NNCAF-6BJR0-F58ID-V5TKW
 
Tool Versions:
Toolchain:       MDK-ARM Plus  Version: 5.26.2.0
Toolchain Path:  E:\Softwares\Keil\install\ARM\ARMCC\Bin
C Compiler:      Armcc.exe V5.06 update 6 (build 750)
Assembler:       Armasm.exe V5.06 update 6 (build 750)
Linker/Locator:  ArmLink.exe V5.06 update 6 (build 750)
Library Manager: ArmAr.exe V5.06 update 6 (build 750)
Hex Converter:   FromElf.exe V5.06 update 6 (build 750)
CPU DLL:         SARMCM3.DLL V5.26.2.0
Dialog DLL:      DCM.DLL V1.17.2.0
Target DLL:      STLink\ST-LINKIII-KEIL_SWO.dll V3.0.5.0
Dialog DLL:      TCM.DLL V1.36.1.0
 
<h2>Project:</h2>
D:\stm32_pro\F429\Basic_Pro\Project\RVMDK£¨uv5£©\BH-F429.uvprojx
Project File Date:  12/04/2023

<h2>Output:</h2>
*** Using Compiler 'V5.06 update 6 (build 750)', folder: 'E:\Softwares\Keil\install\ARM\ARMCC\Bin'
Rebuild target 'EXTI'
assembling startup_stm32f429_439xx.s...
compiling misc.c...
compiling stm32f4xx_dac.c...
compiling stm32f4xx_adc.c...
compiling stm32f4xx_cryp_tdes.c...
compiling stm32f4xx_crc.c...
compiling stm32f4xx_cryp_des.c...
compiling stm32f4xx_cryp_aes.c...
compiling stm32f4xx_cec.c...
compiling stm32f4xx_dbgmcu.c...
compiling system_stm32f4xx.c...
compiling stm32f4xx_cryp.c...
compiling stm32f4xx_can.c...
compiling stm32f4xx_dcmi.c...
compiling stm32f4xx_dma.c...
compiling stm32f4xx_dma2d.c...
compiling stm32f4xx_flash.c...
compiling stm32f4xx_exti.c...
compiling stm32f4xx_flash_ramfunc.c...
compiling stm32f4xx_fmpi2c.c...
compiling stm32f4xx_fmc.c...
compiling stm32f4xx_gpio.c...
compiling stm32f4xx_hash.c...
compiling stm32f4xx_hash_md5.c...
compiling stm32f4xx_hash_sha1.c...
compiling stm32f4xx_iwdg.c...
compiling stm32f4xx_i2c.c...
compiling stm32f4xx_ltdc.c...
compiling stm32f4xx_qspi.c...
compiling stm32f4xx_pwr.c...
compiling stm32f4xx_rng.c...
compiling stm32f4xx_sai.c...
compiling stm32f4xx_rcc.c...
compiling stm32f4xx_spdifrx.c...
compiling stm32f4xx_sdio.c...
compiling stm32f4xx_spi.c...
compiling stm32f4xx_rtc.c...
compiling stm32f4xx_syscfg.c...
compiling stm32f4xx_usart.c...
compiling stm32f4xx_wwdg.c...
compiling stm32f4xx_tim.c...
compiling cmd.c...
assembling context_rvds.S...
compiling finsh_port.c...
compiling stm32f4xx_it.c...
compiling bsp_exti.c...
compiling bsp_uart.c...
compiling bsp_led.c...
compiling msh.c...
compiling cpuport.c...
compiling shell.c...
compiling clock.c...
compiling idle.c...
compiling components.c...
compiling main.c...
compiling ipc.c...
compiling irq.c...
compiling mempool.c...
compiling mem.c...
compiling scheduler.c...
compiling object.c...
compiling kservice.c...
compiling thread.c...
compiling timer.c...
compiling board.c...
linking...
Program Size: Code=18146 RO-data=3582 RW-data=260 ZI-data=18180  
FromELF: creating hex file...
"..\..\Output\EXTI.axf" - 0 Error(s), 0 Warning(s).

<h2>Software Packages used:</h2>

Package Vendor: RealThread
                https://www.rt-thread.org/download/mdk/RealThread.RT-Thread.3.1.5.pack
                RealThread.RT-Thread.3.1.5
                RT-Thread Software Components
   * Component: kernel Version: 3.1.5

Package Vendor: Keil
                https://www.keil.com/pack/Keil.STM32F4xx_DFP.2.17.1.pack
                Keil.STM32F4xx_DFP.2.17.1
                STMicroelectronics STM32F4 Series Device Support, Drivers and Examples

<h2>Collection of Component include folders:</h2>
  .\RTE\RTOS
  .\RTE\_EXTI
  E:\Softwares\Keil\install\ARM\PACK\Keil\STM32F4xx_DFP\2.17.1\Drivers\CMSIS\Device\ST\STM32F4xx\Include
  E:\Softwares\Keil\install\ARM\PACK\RealThread\RT-Thread\3.1.5\include

<h2>Collection of Component Files used:</h2>

   * Component: RealThread.RT-Thread::RTOS:kernel:3.1.5
      Source file:   src\clock.c
      Source file:   src\components.c
      Source file:   src\ipc.c
      Source file:   src\object.c
      Source file:   bsp\_template\board.c
      Source file:   src\idle.c
      Source file:   src\mem.c
      Source file:   src\scheduler.c
      Source file:   src\thread.c
      Source file:   src\timer.c
      Source file:   src\kservice.c
      Source file:   src\irq.c
      Include file:  bsp\_template\rtconfig.h
      Source file:   src\mempool.c
      Source file:   libcpu\arm\cortex-m4\cpuport.c
      Source file:   libcpu\arm\cortex-m4\context_rvds.S
Build Time Elapsed:  00:00:03
</pre>
</body>
</html>
